Component: ARM Compiler 5.06 update 5 (build 528) Tool: armlink [4d35e2]

==============================================================================

Section Cross References

    startup_stm32f10x_md.o(STACK) refers (Special) to heapauxi.o(.text) for __use_two_region_memory
    startup_stm32f10x_md.o(HEAP) refers (Special) to heapauxi.o(.text) for __use_two_region_memory
    startup_stm32f10x_md.o(RESET) refers (Special) to heapauxi.o(.text) for __use_two_region_memory
    startup_stm32f10x_md.o(RESET) refers to startup_stm32f10x_md.o(STACK) for __initial_sp
    startup_stm32f10x_md.o(RESET) refers to startup_stm32f10x_md.o(.text) for Reset_Handler
    startup_stm32f10x_md.o(RESET) refers to infr.o(.text) for EXTI1_IRQHandler
    startup_stm32f10x_md.o(RESET) refers to key.o(.text) for EXTI9_5_IRQHandler
    startup_stm32f10x_md.o(RESET) refers to control.o(.text) for TIM1_UP_IRQHandler
    startup_stm32f10x_md.o(RESET) refers to usart.o(.text) for USART1_IRQHandler
    startup_stm32f10x_md.o(RESET) refers to vision.o(.text) for USART2_IRQHandler
    startup_stm32f10x_md.o(.text) refers (Special) to heapauxi.o(.text) for __use_two_region_memory
    startup_stm32f10x_md.o(.text) refers to __main.o(!!!main) for __main
    startup_stm32f10x_md.o(.text) refers to startup_stm32f10x_md.o(HEAP) for Heap_Mem
    startup_stm32f10x_md.o(.text) refers to startup_stm32f10x_md.o(STACK) for Stack_Mem
    minibalance.o(.text) refers to sys.o(.text) for Stm32_Clock_Init
    minibalance.o(.text) refers to delay.o(.text) for delay_init
    minibalance.o(.text) refers to usart.o(.text) for uart_init
    minibalance.o(.text) refers to vision.o(.text) for openmv_start_init
    minibalance.o(.text) refers to pwm.o(.text) for TIM3_PWM_init
    minibalance.o(.text) refers to ioi2c.o(.text) for IIC_Init
    minibalance.o(.text) refers to pca9685.o(.text) for pca_reset1
    minibalance.o(.text) refers to led.o(.text) for LED_Init
    minibalance.o(.text) refers to key.o(.text) for KEY_Init
    minibalance.o(.text) refers to infr.o(.text) for infr_Init
    minibalance.o(.text) refers to oled.o(.text) for OLED_Init
    minibalance.o(.text) refers to control.o(.text) for param_init
    minibalance.o(.text) refers to motor.o(.text) for chassis_init
    minibalance.o(.text) refers to usart2.o(.text) for uart2_init
    minibalance.o(.text) refers to mpu6050.o(.text) for MPU6050_initialize
    minibalance.o(.text) refers to timer.o(.text) for Timer1_Init
    minibalance.o(.text) refers to ffix.o(x$fpl$ffix) for __aeabi_f2iz
    minibalance.o(.text) refers to vision.o(.data) for block_unpack
    minibalance.o(.text) refers to mpu6050.o(.data) for Yaw
    minibalance.o(.text) refers to control.o(.data) for Yaw_target
    minibalance.o(.text) refers to key.o(.data) for wheel_flag
    minibalance.o(.text) refers to usart.o(.data) for qr_codes
    delay.o(.text) refers to delay.o(.data) for fac_us
    sys.o(.text) refers to sys.o(.emb_text) for WFI_SET
    usart.o(.text) refers (Special) to use_no_semi_2.o(.text) for __use_no_semihosting
    usart.o(.text) refers to fflt_clz.o(x$fpl$ffltu) for __aeabi_ui2f
    usart.o(.text) refers to fdiv.o(x$fpl$fdiv) for __aeabi_fdiv
    usart.o(.text) refers to ffixu.o(x$fpl$ffixu) for __aeabi_f2uiz
    usart.o(.text) refers to faddsub_clz.o(x$fpl$frsb) for __aeabi_frsub
    usart.o(.text) refers to fmul.o(x$fpl$fmul) for __aeabi_fmul
    usart.o(.text) refers to sys.o(.text) for MY_NVIC_Init
    usart.o(.text) refers to oled.o(.text) for OLED_ShowNumber
    usart.o(.text) refers to usart.o(.data) for USART1_RX_BUF
    usart.o(.data) refers (Special) to use_no_semi_2.o(.text) for __use_no_semihosting
    ioi2c.o(.text) refers to delay.o(.text) for delay_us
    timer.o(.text) refers to sys.o(.text) for MY_NVIC_Init
    led.o(.text) refers to led.o(.data) for temp
    oled.o(.text) refers to delay.o(.text) for delay_ms
    oled.o(.text) refers to oled.o(.bss) for OLED_GRAM
    oled.o(.text) refers to oled.o(.constdata) for oled_asc2_1206
    key.o(.text) refers to sys.o(.text) for Ex_NVIC_Config
    key.o(.text) refers to delay.o(.text) for delay_ms
    key.o(.text) refers to key.o(.data) for wheel_flag
    vcan.o(.text) refers to vcan.o(.bss) for wave_form_data
    vcan.o(.text) refers to vision.o(.data) for qr_code
    infr.o(.text) refers to sys.o(.text) for Ex_NVIC_Config
    infr.o(.text) refers to delay.o(.text) for delay_ms
    infr.o(.text) refers to oled.o(.text) for OLED_ShowNumber
    infr.o(.text) refers to f2d.o(x$fpl$f2d) for __aeabi_f2d
    infr.o(.text) refers to daddsub_clz.o(x$fpl$dsub) for __aeabi_dsub
    infr.o(.text) refers to d2f.o(x$fpl$d2f) for __aeabi_d2f
    infr.o(.text) refers to daddsub_clz.o(x$fpl$dadd) for __aeabi_dadd
    infr.o(.text) refers to motor.o(.text) for chassis_left_translation
    infr.o(.text) refers to control.o(.data) for x_axis
    infr.o(.text) refers to motor.o(.data) for car_status
    infr.o(.text) refers to infr.o(.data) for x_location_arrive_flag
[...]
    .text                                    0x080072aa   Section        2  use_no_semi.o(.text)
    .text                                    0x080072ac   Section      238  lludivv7m.o(.text)
    .text                                    0x0800739a   Section        0  _printf_intcommon.o(.text)
    .text                                    0x0800744c   Section        0  _printf_char_file.o(.text)
    .text                                    0x08007470   Section       68  rt_memclr.o(.text)
    .text                                    0x080074b4   Section        0  _printf_char_common.o(.text)
    _printf_input_char                       0x080074b5   Thumb Code    10  _printf_char_common.o(.text)
    .text                                    0x080074e4   Section        0  ferror.o(.text)
    .text                                    0x080074ec   Section       78  rt_memclr_w.o(.text)
    .text                                    0x0800753c   Section        8  libspace.o(.text)
    .text                                    0x08007544   Section       74  sys_stackheap_outer.o(.text)
    .text                                    0x0800758e   Section        0  exit.o(.text)
    i.__ARM_fpclassify                       0x080075a0   Section        0  fpclassify.o(i.__ARM_fpclassify)
    i.__kernel_poly                          0x080075c8   Section        0  poly.o(i.__kernel_poly)
    i.__mathlib_dbl_infnan                   0x08007672   Section        0  dunder.o(i.__mathlib_dbl_infnan)
    i.__mathlib_dbl_infnan2                  0x08007678   Section        0  dunder.o(i.__mathlib_dbl_infnan2)
    i.__mathlib_dbl_underflow                0x0800767c   Section        0  dunder.o(i.__mathlib_dbl_underflow)
    i.atan                                   0x0800768c   Section        0  atan.o(i.atan)
    i.atan2                                  0x080078ac   Section        0  atan2.o(i.atan2)
    i.floor                                  0x08007a2c   Section        0  floor.o(i.floor)
    x$fpl$d2f                                0x08007b08   Section       98  d2f.o(x$fpl$d2f)
    x$fpl$dadd                               0x08007b6c   Section      336  daddsub_clz.o(x$fpl$dadd)
    _dadd1                                   0x08007b7d   Thumb Code     0  daddsub_clz.o(x$fpl$dadd)
    x$fpl$dcheck1                            0x08007cbc   Section       16  dcheck1.o(x$fpl$dcheck1)
    x$fpl$dcmpinf                            0x08007ccc   Section       24  dcmpi.o(x$fpl$dcmpinf)
    x$fpl$ddiv                               0x08007ce4   Section      688  ddiv.o(x$fpl$ddiv)
    ddiv_entry                               0x08007ceb   Thumb Code     0  ddiv.o(x$fpl$ddiv)
    x$fpl$dfix                               0x08007f94   Section       94  dfix.o(x$fpl$dfix)
    x$fpl$dfixu                              0x08007ff4   Section       90  dfixu.o(x$fpl$dfixu)
    x$fpl$dflt                               0x0800804e   Section       46  dflt_clz.o(x$fpl$dflt)
    x$fpl$dleqf                              0x0800807c   Section      120  dleqf.o(x$fpl$dleqf)
    x$fpl$dmul                               0x080080f4   Section      340  dmul.o(x$fpl$dmul)
    x$fpl$dnaninf                            0x08008248   Section      156  dnaninf.o(x$fpl$dnaninf)
    x$fpl$dretinf                            0x080082e4   Section       12  dretinf.o(x$fpl$dretinf)
    x$fpl$drleqf                             0x080082f0   Section      108  drleqf.o(x$fpl$drleqf)
    x$fpl$drsb                               0x0800835c   Section       22  daddsub_clz.o(x$fpl$drsb)
    x$fpl$dsub                               0x08008374   Section      468  daddsub_clz.o(x$fpl$dsub)
    _dsub1                                   0x08008385   Thumb Code     0  daddsub_clz.o(x$fpl$dsub)
    x$fpl$f2d                                0x08008548   Section       86  f2d.o(x$fpl$f2d)
    x$fpl$fadd                               0x080085a0   Section      196  faddsub_clz.o(x$fpl$fadd)
    _fadd1                                   0x080085af   Thumb Code     0  faddsub_clz.o(x$fpl$fadd)
    x$fpl$fcmpinf                            0x08008664   Section       24  fcmpi.o(x$fpl$fcmpinf)
    x$fpl$fdiv                               0x0800867c   Section      388  fdiv.o(x$fpl$fdiv)
    _fdiv1                                   0x0800867d   Thumb Code     0  fdiv.o(x$fpl$fdiv)
    x$fpl$feqf                               0x08008800   Section      104  feqf.o(x$fpl$feqf)
    x$fpl$ffix                               0x08008868   Section       54  ffix.o(x$fpl$ffix)
    x$fpl$ffixu                              0x080088a0   Section       62  ffixu.o(x$fpl$ffixu)
    x$fpl$fflt                               0x080088e0   Section       48  fflt_clz.o(x$fpl$fflt)
    x$fpl$ffltu                              0x08008910   Section       38  fflt_clz.o(x$fpl$ffltu)
    x$fpl$fleqf                              0x08008938   Section      104  fleqf.o(x$fpl$fleqf)
    x$fpl$fmul                               0x080089a0   Section      258  fmul.o(x$fpl$fmul)
    x$fpl$fnaninf                            0x08008aa2   Section      140  fnaninf.o(x$fpl$fnaninf)
    x$fpl$fretinf                            0x08008b2e   Section       10  fretinf.o(x$fpl$fretinf)
    x$fpl$frleqf                             0x08008b38   Section       98  frleqf.o(x$fpl$frleqf)
    x$fpl$frsb                               0x08008b9a   Section       20  faddsub_clz.o(x$fpl$frsb)
    x$fpl$fsub                               0x08008bb0   Section      234  faddsub_clz.o(x$fpl$fsub)
    _fsub1                                   0x08008bbf   Thumb Code     0  faddsub_clz.o(x$fpl$fsub)
    x$fpl$retnan                             0x08008c9a   Section      100  retnan.o(x$fpl$retnan)
    x$fpl$scalbn                             0x08008cfe   Section       92  scalbn.o(x$fpl$scalbn)
    x$fpl$trapveneer                         0x08008d5a   Section       48  trapv.o(x$fpl$trapveneer)
    .constdata                               0x08008d8a   Section     2660  oled.o(.constdata)
    x$fpl$usenofp                            0x08008d8a   Section        0  usenofp.o(x$fpl$usenofp)
    .constdata                               0x080097f0   Section       80  inv_mpu.o(.constdata)
    .constdata                               0x08009840   Section     3062  inv_mpu_dmp_motion_driver.o(.constdata)
    dmp_memory                               0x08009840   Data        3062  inv_mpu_dmp_motion_driver.o(.constdata)
    .constdata                               0x0800a438   Section      152  atan.o(.constdata)
    atanhi                                   0x0800a438   Data          32  atan.o(.constdata)
    atanlo                                   0x0800a458   Data          32  atan.o(.constdata)
    aTodd                                    0x0800a478   Data          40  atan.o(.constdata)
    aTeven                                   0x0800a4a0   Data          48  atan.o(.constdata)
    .constdata                               0x0800a4d0   Section        8  qnan.o(.constdata)
    .conststring                             0x0800a4d8   Section       78  inv_mpu.o(.conststring)
    .data                                    0x20000000   Section        8  minibalance.o(.data)
    .data                                    0x20000008   Section        4  delay.o(.data)
    fac_us                                   0x20000008   Data           1  delay.o(.data)
    fac_ms                                   0x2000000a   Data           2  delay.o(.data)
    .data                                    0x2000000c   Section       28  usart.o(.data)
    .data                                    0x20000028   Section        4  led.o(.data)
    temp                                     0x20000028   Data           4  led.o(.data)
    .data                                    0x2000002c   Section       14  key.o(.data)
    flag_key                                 0x2000002d   Data           1  key.o(.data)
    count_key                                0x2000002e   Data           1  key.o(.data)
    double_key                               0x2000002f   Data           1  key.o(.data)
    count_single                             0x20000030   Data           2  key.o(.data)
    Forever_count                            0x20000032   Data           2  key.o(.data)
    flag_key                                 0x20000034   Data           1  key.o(.data)
    Long_Press_count                         0x20000036   Data           2  key.o(.data)
    Long_Press                               0x20000038   Data           2  key.o(.data)
    .data                                    0x2000003c   Section       16  infr.o(.data)
    .data                                    0x2000004c   Section        7  motor.o(.data)
    .data                                    0x20000054   Section       36  vision.o(.data)
    .data                                    0x20000078   Section       80  control.o(.data)
    Bias                                     0x200000bc   Data           4  control.o(.data)
    Pwm_output                               0x200000c0   Data           4  control.o(.data)
    Last_bias                                0x200000c4   Data           4  control.o(.data)
    .data                                    0x200000c8   Section       44  inv_mpu.o(.data)
    st                                       0x200000c8   Data          44  inv_mpu.o(.data)
    .data                                    0x200000f4   Section       84  filter.o(.data)
    .data                                    0x20000148   Section       60  mpu6050.o(.data)
    gyro_orientation                         0x20000174   Data           9  mpu6050.o(.data)
    .bss                                     0x20000184   Section     1024  oled.o(.bss)
    .bss                                     0x20000584   Section       16  inv_mpu_dmp_motion_driver.o(.bss)
    dmp                                      0x20000584   Data          16  inv_mpu_dmp_motion_driver.o(.bss)
    .bss                                     0x20000594   Section       16  filter.o(.bss)
    .bss                                     0x200005a4   Section      146  mpu6050.o(.bss)
    .bss                                     0x20000638   Section       96  libspace.o(.bss)
    HEAP                                     0x20000698   Section      512  startup_stm32f10x_md.o(HEAP)
    Heap_Mem                                 0x20000698   Data         512  startup_stm32f10x_md.o(HEAP)
    STACK                                    0x20000898   Section     1024  startup_stm32f10x_md.o(STACK)
    Stack_Mem                                0x20000898   Data        1024  startup_stm32f10x_md.o(STACK)
    __initial_sp                             0x20000c98   Data           0  startup_stm32f10x_md.o(STACK)

    Global Symbols

    Symbol Name                              Value     Ov Type        Size  Object(Section)

    BuildAttributes$$THM_ISAv4$P$D$K$B$S$PE$A:L22UL41UL21$X:L11$S22US41US21$IEEE1$IW$USESV6$~STKCKD$USESV7$~SHL$OTIME$ROPI$IEEEX$EBA8$UX$STANDARDLIB$REQ8$PRES8$EABIv2 0x00000000   Number         0  anon$$obj.o ABSOLUTE
    __ARM_use_no_argv                        0x00000000   Number         0  minibalance.o ABSOLUTE
    __ARM_exceptions_init                     - Undefined Weak Reference
    __alloca_initialize                       - Undefined Weak Reference
    __arm_preinit_                            - Undefined Weak Reference
    __cpp_initialize__aeabi_                  - Undefined Weak Reference
    __cxa_finalize                            - Undefined Weak Reference
    __rt_locale                               - Undefined Weak Reference
    __sigvec_lookup                           - Undefined Weak Reference
    _atexit_init                              - Undefined Weak Reference
    _call_atexit_fns                          - Undefined Weak Reference
    _clock_init                               - Undefined Weak Reference
    _fp_trap_init                             - Undefined Weak Reference
    _fp_trap_shutdown                         - Undefined Weak Reference
    _get_lc_collate                           - Undefined Weak Reference
    _get_lc_ctype                             - Undefined Weak Reference
    _get_lc_monetary                          - Undefined Weak Reference
    _get_lc_numeric                           - Undefined Weak Reference
    _get_lc_time                              - Undefined Weak Reference
    _getenv_init                              - Undefined Weak Reference
    _handle_redirection                       - Undefined Weak Reference
    _init_alloc                               - Undefined Weak Reference
    _init_user_alloc                          - Undefined Weak Reference
    _initio                                   - Undefined Weak Reference
    _mutex_acquire                            - Undefined Weak Reference
    _mutex_release                            - Undefined Weak Reference
    _printf_post_padding                      - Undefined Weak Reference
    _printf_pre_padding                       - Undefined Weak Reference
    _printf_truncate_signed                   - Undefined Weak Reference
    _printf_truncate_unsigned                 - Undefined Weak Reference
    _rand_init                                - Undefined Weak Reference
    _signal_finish                            - Undefined Weak Reference
    _signal_init                              - Undefined Weak Reference
    _terminate_alloc                          - Undefined Weak Reference
    _terminate_user_alloc                     - Undefined Weak Reference
    _terminateio                              - Undefined Weak Reference
    __Vectors_Size                           0x000000ec   Number         0  startup_stm32f10x_md.o ABSOLUTE
    __Vectors                                0x08000000   Data           4  startup_stm32f10x_md.o(RESET)
    __Vectors_End                            0x080000ec   Data           0  startup_stm32f10x_md.o(RESET)
    __main                                   0x080000ed   Thumb Code     8  __main.o(!!!main)
    __scatterload                            0x080000f5   Thumb Code     0  __scatter.o(!!!scatter)
    __scatterload_rt2                        0x080000f5   Thumb Code    44  __scatter.o(!!!scatter)
    __scatterload_rt2_thumb_only             0x080000f5   Thumb Code     0  __scatter.o(!!!scatter)
    __scatterload_null                       0x08000103   Thumb Code     0  __scatter.o(!!!scatter)
    __decompress                             0x08000129   Thumb Code    90  __dczerorl2.o(!!dczerorl2)
    __decompress1                            0x08000129   Thumb Code     0  __dczerorl2.o(!!dczerorl2)
    __scatterload_zeroinit                   0x08000185   Thumb Code    28  __scatter_zi.o(!!handler_zi)
    _printf_d                                0x080001a1   Thumb Code     0  _printf_d.o(.ARM.Collect$$_printf_percent$$00000009)
    _printf_percent                          0x080001a1   Thumb Code     0  _printf_percent.o(.ARM.Collect$$_printf_percent$$00000000)
    _printf_percent_end                      0x080001a7   Thumb Code     0  _printf_percent_end.o(.ARM.Collect$$_printf_percent$$00000017)
    __rt_lib_init                            0x080001ab   Thumb Code     0  libinit.o(.ARM.Collect$$libinit$$00000000)
    __rt_lib_init_alloca_1                   0x080001ad   Thumb Code     0  libinit2.o(.ARM.Collect$$libinit$$0000002E)
    __rt_lib_init_argv_1                     0x080001ad   Thumb Code     0  libinit2.o(.ARM.Collect$$libinit$$0000002C)
    __rt_lib_init_atexit_1                   0x080001ad   Thumb Code     0  libinit2.o(.ARM.Collect$$libinit$$0000001B)
    __rt_lib_init_clock_1                    0x080001ad   Thumb Code     0  libinit2.o(.ARM.Collect$$libinit$$00000021)
    __rt_lib_init_cpp_1                      0x080001ad   Thumb Code     0  libinit2.o(.ARM.Collect$$libinit$$00000032)
    __rt_lib_init_exceptions_1               0x080001ad   Thumb Code     0  libinit2.o(.ARM.Collect$$libinit$$00000030)
    __rt_lib_init_fp_1                       0x080001ad   Thumb Code     0  libinit2.o(.ARM.Collect$$libinit$$00000002)
    __rt_lib_init_fp_trap_1                  0x080001ad   Thumb Code     0  libinit2.o(.ARM.Collect$$libinit$$0000001F)
    __rt_lib_init_getenv_1                   0x080001ad   Thumb Code     0  libinit2.o(.ARM.Collect$$libinit$$00000023)
    __rt_lib_init_heap_1                     0x080001ad   Thumb Code     0  libinit2.o(.ARM.Collect$$libinit$$0000000A)
    __rt_lib_init_lc_collate_1               0x080001ad   Thumb Code     0  libinit2.o(.ARM.Collect$$libinit$$00000011)
    __rt_lib_init_lc_ctype_1                 0x080001ad   Thumb Code     0  libinit2.o(.ARM.Collect$$libinit$$00000013)
    __rt_lib_init_lc_monetary_1              0x080001ad   Thumb Code     0  libinit2.o(.ARM.Collect$$libinit$$00000015)
    __rt_lib_init_lc_numeric_1               0x080001ad   Thumb Code     0  libinit2.o(.ARM.Collect$$libinit$$00000017)
    __rt_lib_init_lc_time_1                  0x080001ad   Thumb Code     0  libinit2.o(.ARM.Collect$$libinit$$00000019)
    __rt_lib_init_preinit_1                  0x080001ad   Thumb Code     0  libinit2.o(.ARM.Collect$$libinit$$00000004)
    __rt_lib_init_rand_1                     0x080001ad   Thumb Code     0  libinit2.o(.ARM.Collect$$libinit$$0000000E)
    __rt_lib_init_return                     0x080001ad   Thumb Code     0  libinit2.o(.ARM.Collect$$libinit$$00000033)
    __rt_lib_init_signal_1                   0x080001ad   Thumb Code     0  libinit2.o(.ARM.Collect$$libinit$$0000001D)
    __rt_lib_init_stdio_1                    0x080001ad   Thumb Code     0  libinit2.o(.ARM.Collect$$libinit$$00000025)
    __rt_lib_init_user_alloc_1               0x080001ad   Thumb Code     0  libinit2.o(.ARM.Collect$$libinit$$0000000C)
    __rt_lib_shutdown                        0x080001af   Thumb Code     0  libshutdown.o(.ARM.Collect$$libshutdown$$00000000)
    __rt_lib_shutdown_cpp_1                  0x080001b1   Thumb Code     0  libshutdown2.o(.ARM.Collect$$libshutdown$$00000002)
    __rt_lib_shutdown_fp_trap_1              0x080001b1   Thumb Code     0  libshutdown2.o(.ARM.Collect$$libshutdown$$00000007)
    __rt_lib_shutdown_heap_1                 0x080001b1   Thumb Code     0  libshutdown2.o(.ARM.Collect$$libshutdown$$0000000F)
    __rt_lib_shutdown_return                 0x080001b1   Thumb Code     0  libshutdown2.o(.ARM.Collect$$libshutdown$$00000010)
    __rt_lib_shutdown_signal_1               0x080001b1   Thumb Code     0  libshutdown2.o(.ARM.Collect$$libshutdown$$0000000A)
    __rt_lib_shutdown_stdio_1                0x080001b1   Thumb Code     0  libshutdown2.o(.ARM.Collect$$libshutdown$$00000004)
    __rt_lib_shutdown_user_alloc_1           0x080001b1   Thumb Code     0  libshutdown2.o(.ARM.Collect$$libshutdown$$0000000C)
    __rt_entry                               0x080001b3   Thumb Code     0  __rtentry.o(.ARM.Collect$$rtentry$$00000000)
    __rt_entry_presh_1                       0x080001b3   Thumb Code     0  __rtentry2.o(.ARM.Collect$$rtentry$$00000002)
    __rt_entry_sh                            0x080001b3   Thumb Code     0  __rtentry4.o(.ARM.Collect$$rtentry$$00000004)
    __rt_entry_li                            0x080001b9   Thumb Code     0  __rtentry2.o(.ARM.Collect$$rtentry$$0000000A)
    __rt_entry_postsh_1                      0x080001b9   Thumb Code     0  __rtentry2.o(.ARM.Collect$$rtentry$$00000009)
    __rt_entry_main                          0x080001bd   Thumb Code     0  __rtentry2.o(.ARM.Collect$$rtentry$$0000000D)
    __rt_entry_postli_1                      0x080001bd   Thumb Code     0  __rtentry2.o(.ARM.Collect$$rtentry$$0000000C)
    __rt_exit                                0x080001c5   Thumb Code     0  rtexit.o(.ARM.Collect$$rtexit$$00000000)
    __rt_exit_ls                             0x080001c7   Thumb Code     0  rtexit2.o(.ARM.Collect$$rtexit$$00000003)
    __rt_exit_prels_1                        0x080001c7   Thumb Code     0  rtexit2.o(.ARM.Collect$$rtexit$$00000002)
    __rt_exit_exit                           0x080001cb   Thumb Code     0  rtexit2.o(.ARM.Collect$$rtexit$$00000004)
    WFI_SET                                  0x080001d1   Thumb Code     2  sys.o(.emb_text)
    INTX_DISABLE                             0x080001d3   Thumb Code     2  sys.o(.emb_text)
    INTX_ENABLE                              0x080001d5   Thumb Code     2  sys.o(.emb_text)
    MSR_MSP                                  0x080001d7   Thumb Code     6  sys.o(.emb_text)
    Reset_Handler                            0x080001dd   Thumb Code     4  startup_stm32f10x_md.o(.text)
    NMI_Handler                              0x080001e1   Thumb Code     2  startup_stm32f10x_md.o(.text)
    HardFault_Handler                        0x080001e3   Thumb Code     2  startup_stm32f10x_md.o(.text)
    MemManage_Handler                        0x080001e5   Thumb Code     2  startup_stm32f10x_md.o(.text)
    BusFault_Handler                         0x080001e7   Thumb Code     2  startup_stm32f10x_md.o(.text)
    UsageFault_Handler                       0x080001e9   Thumb Code     2  startup_stm32f10x_md.o(.text)
    SVC_Handler                              0x080001eb   Thumb Code     2  startup_stm32f10x_md.o(.text)
    DebugMon_Handler                         0x080001ed   Thumb Code     2  startup_stm32f10x_md.o(.text)
    PendSV_Handler                           0x080001ef   Thumb Code     2  startup_stm32f10x_md.o(.text)
    SysTick_Handler                          0x080001f1   Thumb Code     2  startup_stm32f10x_md.o(.text)
    ADC1_2_IRQHandler                        0x080001f3   Thumb Code     0  startup_stm32f10x_md.o(.text)
    CAN1_RX1_IRQHandler                      0x080001f3   Thumb Code     0  startup_stm32f10x_md.o(.text)
    CAN1_SCE_IRQHandler                      0x080001f3   Thumb Code     0  startup_stm32f10x_md.o(.text)
    DMA1_Channel1_IRQHandler                 0x080001f3   Thumb Code     0  startup_stm32f10x_md.o(.text)
    DMA1_Channel2_IRQHandler                 0x080001f3   Thumb Code     0  startup_stm32f10x_md.o(.text)
    DMA1_Channel3_IRQHandler                 0x080001f3   Thumb Code     0  startup_stm32f10x_md.o(.text)
    DMA1_Channel4_IRQHandler                 0x080001f3   Thumb Code     0  startup_stm32f10x_md.o(.text)
    DMA1_Channel5_IRQHandler                 0x080001f3   Thumb Code     0  startup_stm32f10x_md.o(.text)
    DMA1_Channel6_IRQHandler                 0x080001f3   Thumb Code     0  startup_stm32f10x_md.o(.text)
    DMA1_Channel7_IRQHandler                 0x080001f3   Thumb Code     0  startup_stm32f10x_md.o(.text)
    EXTI0_IRQHandler                         0x080001f3   Thumb Code     0  startup_stm32f10x_md.o(.text)
    EXTI2_IRQHandler                         0x080001f3   Thumb Code     0  startup_stm32f10x_md.o(.text)
    EXTI3_IRQHandler                         0x080001f3   Thumb Code     0  startup_stm32f10x_md.o(.text)
    EXTI4_IRQHandler                         0x080001f3   Thumb Code     0  startup_stm32f10x_md.o(.text)
    FLASH_IRQHandler                         0x080001f3   Thumb Code     0  startup_stm32f10x_md.o(.text)
    I2C1_ER_IRQHandler                       0x080001f3   Thumb Code     0  startup_stm32f10x_md.o(.text)
    I2C1_EV_IRQHandler                       0x080001f3   Thumb Code     0  startup_stm32f10x_md.o(.text)
    I2C2_ER_IRQHandler                       0x080001f3   Thumb Code     0  startup_stm32f10x_md.o(.text)
    I2C2_EV_IRQHandler                       0x080001f3   Thumb Code     0  startup_stm32f10x_md.o(.text)
    PVD_IRQHandler                           0x080001f3   Thumb Code     0  startup_stm32f10x_md.o(.text)
    RCC_IRQHandler                           0x080001f3   Thumb Code     0  startup_stm32f10x_md.o(.text)
    RTCAlarm_IRQHandler                      0x080001f3   Thumb Code     0  startup_stm32f10x_md.o(.text)
    RTC_IRQHandler                           0x080001f3   Thumb Code     0  startup_stm32f10x_md.o(.text)
    SPI1_IRQHandler                          0x080001f3   Thumb Code     0  startup_stm32f10x_md.o(.text)
    SPI2_IRQHandler                          0x080001f3   Thumb Code     0  startup_stm32f10x_md.o(.text)
    TAMPER_IRQHandler                        0x080001f3   Thumb Code     0  startup_stm32f10x_md.o(.text)
    TIM1_BRK_IRQHandler                      0x080001f3   Thumb Code     0  startup_stm32f10x_md.o(.text)
    TIM1_CC_IRQHandler                       0x080001f3   Thumb Code     0  startup_stm32f10x_md.o(.text)
    TIM1_TRG_COM_IRQHandler                  0x080001f3   Thumb Code     0  startup_stm32f10x_md.o(.text)
    TIM2_IRQHandler                          0x080001f3   Thumb Code     0  startup_stm32f10x_md.o(.text)
    TIM3_IRQHandler                          0x080001f3   Thumb Code     0  startup_stm32f10x_md.o(.text)
    TIM4_IRQHandler                          0x080001f3   Thumb Code     0  startup_stm32f10x_md.o(.text)
    USART3_IRQHandler                        0x080001f3   Thumb Code     0  startup_stm32f10x_md.o(.text)
    USBWakeUp_IRQHandler                     0x080001f3   Thumb Code     0  startup_stm32f10x_md.o(.text)
    USB_HP_CAN1_TX_IRQHandler                0x080001f3   Thumb Code     0  startup_stm32f10x_md.o(.text)
    USB_LP_CAN1_RX0_IRQHandler               0x080001f3   Thumb Code     0  startup_stm32f10x_md.o(.text)
    WWDG_IRQHandler                          0x080001f3   Thumb Code     0  startup_stm32f10x_md.o(.text)
    __user_initial_stackheap                 0x080001f5   Thumb Code     0  startup_stm32f10x_md.o(.text)
    main                                     0x08000215   Thumb Code   306  minibalance.o(.text)
    delay_init                               0x0800036d   Thumb Code    56  delay.o(.text)
    delay_us                                 0x080003a5   Thumb Code    56  delay.o(.text)
    delay_ms                                 0x080003dd   Thumb Code    56  delay.o(.text)
    MY_NVIC_SetVectorTable                   0x0800041d   Thumb Code    12  sys.o(.text)
    MY_NVIC_PriorityGroupConfig              0x08000429   Thumb Code    36  sys.o(.text)
    MY_NVIC_Init                             0x0800044d   Thumb Code   116  sys.o(.text)
    Ex_NVIC_Config                           0x080004c1   Thumb Code   146  sys.o(.text)
    MYRCC_DeInit                             0x08000553   Thumb Code    90  sys.o(.text)
    Sys_Standby                              0x080005ad   Thumb Code    68  sys.o(.text)
    Sys_Soft_Reset                           0x080005f1   Thumb Code    12  sys.o(.text)
    JTAG_Set                                 0x080005fd   Thumb Code    42  sys.o(.text)
    Stm32_Clock_Init                         0x08000627   Thumb Code   134  sys.o(.text)
    _sys_exit                                0x080006d9   Thumb Code     6  usart.o(.text)
    fputc                                    0x080006df   Thumb Code    24  usart.o(.text)
    uart_init                                0x080006f7   Thumb Code   214  usart.o(.text)
    get_qr_code                              0x080007cd   Thumb Code   138  usart.o(.text)
    USART1_IRQHandler                        0x08000857   Thumb Code    72  usart.o(.text)
    IIC_Init                                 0x080008d1   Thumb Code    42  ioi2c.o(.text)
    IIC_Start                                0x080008fb   Thumb Code    92  ioi2c.o(.text)
    IIC_Stop                                 0x08000957   Thumb Code    64  ioi2c.o(.text)
    IIC_Wait_Ack                             0x08000997   Thumb Code    92  ioi2c.o(.text)
    IIC_Ack                                  0x080009f3   Thumb Code    68  ioi2c.o(.text)
    IIC_NAck                                 0x08000a37   Thumb Code    66  ioi2c.o(.text)
    IIC_Send_Byte                            0x08000a79   Thumb Code    90  ioi2c.o(.text)
    i2cWrite                                 0x08000ad3   Thumb Code    96  ioi2c.o(.text)
    IIC_Read_Byte                            0x08000b33   Thumb Code   100  ioi2c.o(.text)
    i2cRead                                  0x08000b97   Thumb Code   118  ioi2c.o(.text)
    I2C_ReadOneByte                          0x08000c0d   Thumb Code    70  ioi2c.o(.text)
    IICreadBytes                             0x08000c53   Thumb Code   118  ioi2c.o(.text)
    IICwriteBytes                            0x08000cc9   Thumb Code    70  ioi2c.o(.text)
    IICreadByte                              0x08000d0f   Thumb Code    22  ioi2c.o(.text)
    IICwriteByte                             0x08000d25   Thumb Code    20  ioi2c.o(.text)
    IICwriteBits                             0x08000d39   Thumb Code   106  ioi2c.o(.text)
    IICwriteBit                              0x08000da3   Thumb Code    64  ioi2c.o(.text)
    Timer1_Init                              0x08000de5   Thumb Code    82  timer.o(.text)
    LED_Init                                 0x08000e41   Thumb Code    52  led.o(.text)
    Led_Flash                                0x08000e75   Thumb Code    44  led.o(.text)
    OLED_WR_Byte                             0x08000eb5   Thumb Code    78  oled.o(.text)
    OLED_Refresh_Gram                        0x08000f03   Thumb Code    70  oled.o(.text)
    OLED_Display_On                          0x08000f49   Thumb Code    28  oled.o(.text)
    OLED_Display_Off                         0x08000f65   Thumb Code    28  oled.o(.text)
    OLED_Clear                               0x08000f81   Thumb Code    42  oled.o(.text)
    OLED_DrawPoint                           0x08000fab   Thumb Code   100  oled.o(.text)
    OLED_ShowChar                            0x0800100f   Thumb Code   158  oled.o(.text)
    oled_pow                                 0x080010ad   Thumb Code    22  oled.o(.text)
    OLED_ShowNumber                          0x080010c3   Thumb Code   148  oled.o(.text)
    OLED_ShowString                          0x08001157   Thumb Code    68  oled.o(.text)
    OLED_Init                                0x0800119b   Thumb Code   348  oled.o(.text)
    KEY_Init                                 0x080012f9   Thumb Code   140  key.o(.text)
    EXTI9_5_IRQHandler                       0x08001385   Thumb Code    58  key.o(.text)
    click_N_Double                           0x080013bf   Thumb Code   184  key.o(.text)
    click                                    0x08001477   Thumb Code    52  key.o(.text)
    Long_Press                               0x080014ab   Thumb Code    72  key.o(.text)
    infr_Init                                0x0800152d   Thumb Code   166  infr.o(.text)
    EXTI_Init                                0x080015d3   Thumb Code   140  infr.o(.text)
    EXTI15_10_IRQHandler                     0x0800165f   Thumb Code   410  infr.o(.text)
    EXTI1_IRQHandler                         0x080017f9   Thumb Code    60  infr.o(.text)
    infr_control                             0x08001835   Thumb Code   604  infr.o(.text)
    usart2_send                              0x08001aa1   Thumb Code    22  usart2.o(.text)
    uart2_init                               0x08001ab7   Thumb Code   228  usart2.o(.text)
    chassis_init                             0x08001bb1   Thumb Code   104  motor.o(.text)
    chassis_forwrd                           0x08001c19   Thumb Code    58  motor.o(.text)
    chassis_turn_right                       0x08001c53   Thumb Code    58  motor.o(.text)
    chassis_turn_left                        0x08001c8d   Thumb Code    60  motor.o(.text)
    chassis_back                             0x08001cc9   Thumb Code    60  motor.o(.text)
    chassis_left_translation                 0x08001d05   Thumb Code    62  motor.o(.text)
    chassis_right_translation                0x08001d43   Thumb Code    56  motor.o(.text)
    chassis_angle_control                    0x08001d7b   Thumb Code   246  motor.o(.text)
    mix                                      0x08001e71   Thumb Code     2  motor.o(.text)
    TIM3_PWM_init                            0x08001ead   Thumb Code   228  pwm.o(.text)
    set_motor_pwm                            0x08001f91   Thumb Code    86  pwm.o(.text)
    pca_write1                               0x08001ff9   Thumb Code    46  pca9685.o(.text)
    pca_read1                                0x08002027   Thumb Code    58  pca9685.o(.text)
    pca_reset1                               0x08002061   Thumb Code    12  pca9685.o(.text)
    pca_setfreq1                             0x0800206d   Thumb Code   180  pca9685.o(.text)
    pca_setpwm1                              0x08002121   Thumb Code    62  pca9685.o(.text)
    pca_write2                               0x0800215f   Thumb Code    46  pca9685.o(.text)
    pca_read2                                0x0800218d   Thumb Code    58  pca9685.o(.text)
    pca_reset2                               0x080021c7   Thumb Code    16  pca9685.o(.text)
    pca_setfreq2                             0x080021d7   Thumb Code   180  pca9685.o(.text)
    pca_setpwm2                              0x0800228b   Thumb Code    62  pca9685.o(.text)
    servos_param_init                        0x080022e1   Thumb Code     2  servos.o(.text)
    servos_control                           0x080022e3   Thumb Code     2  servos.o(.text)
    degree2duty_270                          0x080022e5   Thumb Code    38  servos.o(.text)
    degree2duty_180                          0x0800230b   Thumb Code    42  servos.o(.text)
    grab_slowly                              0x08002335   Thumb Code   162  servos.o(.text)
    servos_put_mid_material                  0x080023d7   Thumb Code   126  servos.o(.text)
    servos_put_left_material                 0x08002455   Thumb Code   126  servos.o(.text)
    servos_put_right_material                0x080024d3   Thumb Code   120  servos.o(.text)
    grab_right_material                      0x0800254b   Thumb Code    86  servos.o(.text)
    grab_left_material                       0x080025a1   Thumb Code   110  servos.o(.text)
    grab_mid_material                        0x0800260f   Thumb Code   110  servos.o(.text)
    servos_init                              0x0800267d   Thumb Code   304  servos.o(.text)
    servos_ready_grab                        0x080027ad   Thumb Code   352  servos.o(.text)
    grab_firmly                              0x0800290d   Thumb Code    74  servos.o(.text)
    grab                                     0x08002957   Thumb Code    18  servos.o(.text)
    Data_Transform                           0x0800296d   Thumb Code    50  vision.o(.text)
    get_vision_data                          0x0800299f   Thumb Code    64  vision.o(.text)
    get_tick                                 0x080029df   Thumb Code    16  vision.o(.text)
    USART2_IRQHandler                        0x080029ef   Thumb Code   138  vision.o(.text)
    grab_unpack                              0x08002a79   Thumb Code   132  vision.o(.text)
    put_material                             0x08002afd   Thumb Code    42  vision.o(.text)
    vision_status_detection                  0x08002b27   Thumb Code    34  vision.o(.text)
    vision_pid_control                       0x08002b49   Thumb Code    38  vision.o(.text)
    vision_control                           0x08002b6f   Thumb Code    74  vision.o(.text)
    openmv_start_init                        0x08002bb9   Thumb Code    48  vision.o(.text)
    start_openmv                             0x08002be9   Thumb Code     8  vision.o(.text)
    car_locate                               0x08002c61   Thumb Code   206  control.o(.text)
    straight_control                         0x08002d2f   Thumb Code   156  control.o(.text)
    car_mode_select                          0x08002dcb   Thumb Code   262  control.o(.text)
    TIM1_UP_IRQHandler                       0x08002ed1   Thumb Code   144  control.o(.text)
    time_delay                               0x08002f61   Thumb Code    24  control.o(.text)
    go_to_scan_QR                            0x08002f79   Thumb Code   376  control.o(.text)
    go_to_scan_QR_1                          0x080030f1   Thumb Code   236  control.o(.text)
    grab_task                                0x080031dd   Thumb Code  1192  control.o(.text)
    car_locate_control                       0x08003685   Thumb Code   284  control.o(.text)
    task_planning                            0x080037a1   Thumb Code    84  control.o(.text)
    Get_Angle                                0x080037f5   Thumb Code   434  control.o(.text)
    param_init                               0x080039a7   Thumb Code    56  control.o(.text)
    mpu_reg_dump                             0x08003a9f   Thumb Code    72  inv_mpu.o(.text)
    mpu_read_reg                             0x08003ae7   Thumb Code    66  inv_mpu.o(.text)
    mpu_set_int_latched                      0x08003b29   Thumb Code   102  inv_mpu.o(.text)
    mpu_set_sensors                          0x08003b8f   Thumb Code   202  inv_mpu.o(.text)
    mpu_set_bypass                           0x08003c59   Thumb Code   328  inv_mpu.o(.text)
    mpu_reset_fifo                           0x08003da1   Thumb Code   444  inv_mpu.o(.text)
    mpu_configure_fifo                       0x08003f5d   Thumb Code   106  inv_mpu.o(.text)
    mpu_set_lpf                              0x08003fc7   Thumb Code   126  inv_mpu.o(.text)
    mpu_lp_accel_mode                        0x08004045   Thumb Code   218  inv_mpu.o(.text)
    mpu_set_sample_rate                      0x0800411f   Thumb Code   152  inv_mpu.o(.text)
    mpu_set_accel_fsr                        0x080041b7   Thumb Code   132  inv_mpu.o(.text)
    mpu_set_gyro_fsr                         0x0800423b   Thumb Code   132  inv_mpu.o(.text)
    mpu_init                                 0x080042bf   Thumb Code   416  inv_mpu.o(.text)
    myget_ms                                 0x0800445f   Thumb Code     2  inv_mpu.o(.text)
    mpu_get_gyro_reg                         0x08004461   Thumb Code   110  inv_mpu.o(.text)
    mpu_get_accel_reg                        0x080044cf   Thumb Code   110  inv_mpu.o(.text)
    mpu_get_temperature                      0x0800453d   Thumb Code   150  inv_mpu.o(.text)
    mpu_set_accel_bias                       0x080045d3   Thumb Code   468  inv_mpu.o(.text)
    mpu_get_gyro_fsr                         0x080047a7   Thumb Code    64  inv_mpu.o(.text)
    mpu_get_accel_fsr                        0x080047e7   Thumb Code    72  inv_mpu.o(.text)
    mpu_get_lpf                              0x0800482f   Thumb Code    74  inv_mpu.o(.text)
    mpu_get_sample_rate                      0x08004879   Thumb Code    26  inv_mpu.o(.text)
    mpu_get_compass_sample_rate              0x08004893   Thumb Code    10  inv_mpu.o(.text)
    mpu_set_compass_sample_rate              0x0800489d   Thumb Code     8  inv_mpu.o(.text)
    mpu_get_gyro_sens                        0x080048a5   Thumb Code    58  inv_mpu.o(.text)
    mpu_get_accel_sens                       0x080048df   Thumb Code    78  inv_mpu.o(.text)
    mpu_get_fifo_config                      0x0800492d   Thumb Code    12  inv_mpu.o(.text)
    mpu_get_power_state                      0x08004939   Thumb Code    22  inv_mpu.o(.text)
    mpu_get_int_status                       0x0800494f   Thumb Code    64  inv_mpu.o(.text)
    mpu_read_fifo                            0x0800498f   Thumb Code   520  inv_mpu.o(.text)
    mpu_read_fifo_stream                     0x08004b97   Thumb Code   186  inv_mpu.o(.text)
    mpu_set_int_level                        0x08004c51   Thumb Code    12  inv_mpu.o(.text)
    mpu_set_dmp_state                        0x08005331   Thumb Code   138  inv_mpu.o(.text)
    mpu_run_self_test                        0x080053bb   Thumb Code   278  inv_mpu.o(.text)
    mpu_write_mem                            0x080054d1   Thumb Code   122  inv_mpu.o(.text)
    mpu_read_mem                             0x0800554b   Thumb Code   122  inv_mpu.o(.text)
    mpu_load_firmware                        0x080055c5   Thumb Code   190  inv_mpu.o(.text)
    mpu_get_dmp_state                        0x08005683   Thumb Code    14  inv_mpu.o(.text)
    mpu_get_compass_reg                      0x08005691   Thumb Code     8  inv_mpu.o(.text)
    mpu_get_compass_fsr                      0x08005699   Thumb Code     8  inv_mpu.o(.text)
    mpu_lp_motion_interrupt                  0x080056a1   Thumb Code   512  inv_mpu.o(.text)
    dmp_load_motion_driver_firmware          0x080058a5   Thumb Code    20  inv_mpu_dmp_motion_driver.o(.text)
    dmp_set_orientation                      0x080058b9   Thumb Code   290  inv_mpu_dmp_motion_driver.o(.text)
    dmp_set_gyro_bias                        0x080059db   Thumb Code   294  inv_mpu_dmp_motion_driver.o(.text)
    dmp_set_accel_bias                       0x08005b01   Thumb Code   300  inv_mpu_dmp_motion_driver.o(.text)
    dmp_set_fifo_rate                        0x08005c2d   Thumb Code   136  inv_mpu_dmp_motion_driver.o(.text)
    dmp_get_fifo_rate                        0x08005cb5   Thumb Code    12  inv_mpu_dmp_motion_driver.o(.text)
    dmp_set_tap_thresh                       0x08005cc1   Thumb Code   396  inv_mpu_dmp_motion_driver.o(.text)
    dmp_set_tap_axes                         0x08005e4d   Thumb Code    70  inv_mpu_dmp_motion_driver.o(.text)
    dmp_set_tap_count                        0x08005e93   Thumb Code    38  inv_mpu_dmp_motion_driver.o(.text)
    dmp_set_tap_time                         0x08005eb9   Thumb Code    38  inv_mpu_dmp_motion_driver.o(.text)
    dmp_set_tap_time_multi                   0x08005edf   Thumb Code    38  inv_mpu_dmp_motion_driver.o(.text)
    dmp_set_shake_reject_thresh              0x08005f05   Thumb Code    56  inv_mpu_dmp_motion_driver.o(.text)
    dmp_set_shake_reject_time                0x08005f3d   Thumb Code    38  inv_mpu_dmp_motion_driver.o(.text)
    dmp_set_shake_reject_timeout             0x08005f63   Thumb Code    38  inv_mpu_dmp_motion_driver.o(.text)
    dmp_get_pedometer_step_count             0x08005f89   Thumb Code    66  inv_mpu_dmp_motion_driver.o(.text)
    dmp_set_pedometer_step_count             0x08005fcb   Thumb Code    42  inv_mpu_dmp_motion_driver.o(.text)
    dmp_get_pedometer_walk_time              0x08005ff5   Thumb Code    72  inv_mpu_dmp_motion_driver.o(.text)
    dmp_set_pedometer_walk_time              0x0800603d   Thumb Code    48  inv_mpu_dmp_motion_driver.o(.text)
    dmp_enable_6x_lp_quat                    0x0800606d   Thumb Code    84  inv_mpu_dmp_motion_driver.o(.text)
    dmp_enable_lp_quat                       0x080060c1   Thumb Code    60  inv_mpu_dmp_motion_driver.o(.text)
    dmp_enable_gyro_cal                      0x080060fd   Thumb Code    62  inv_mpu_dmp_motion_driver.o(.text)
    dmp_enable_feature                       0x0800613b   Thumb Code   530  inv_mpu_dmp_motion_driver.o(.text)
    dmp_get_enabled_features                 0x0800634d   Thumb Code    12  inv_mpu_dmp_motion_driver.o(.text)
    dmp_set_interrupt_mode                   0x080063b7   Thumb Code    66  inv_mpu_dmp_motion_driver.o(.text)
    dmp_read_fifo                            0x080063f9   Thumb Code   514  inv_mpu_dmp_motion_driver.o(.text)
    dmp_register_tap_cb                      0x080065fb   Thumb Code    10  inv_mpu_dmp_motion_driver.o(.text)
    dmp_register_android_orient_cb           0x08006605   Thumb Code    10  inv_mpu_dmp_motion_driver.o(.text)
    Kalman_Filter                            0x08006615   Thumb Code   558  filter.o(.text)
    Yijielvbo                                0x08006843   Thumb Code   132  filter.o(.text)
    MPU6050_newValues                        0x08006a29   Thumb Code   494  mpu6050.o(.text)
    MPU6050_setClockSource                   0x08006c17   Thumb Code    20  mpu6050.o(.text)
    MPU6050_setFullScaleGyroRange            0x08006c2b   Thumb Code    20  mpu6050.o(.text)
    MPU6050_setFullScaleAccelRange           0x08006c3f   Thumb Code    20  mpu6050.o(.text)
    MPU6050_setSleepEnabled                  0x08006c53   Thumb Code    18  mpu6050.o(.text)
    MPU6050_getDeviceID                      0x08006c65   Thumb Code    20  mpu6050.o(.text)
    MPU6050_testConnection                   0x08006c79   Thumb Code    18  mpu6050.o(.text)
    MPU6050_setI2CMasterModeEnabled          0x08006c8b   Thumb Code    18  mpu6050.o(.text)
    MPU6050_setI2CBypassEnabled              0x08006c9d   Thumb Code    18  mpu6050.o(.text)
    MPU6050_initialize                       0x08006caf   Thumb Code    40  mpu6050.o(.text)
    DMP_Init                                 0x08006cd7   Thumb Code   194  mpu6050.o(.text)
    Read_DMP                                 0x08006d99   Thumb Code   708  mpu6050.o(.text)
    Read_Temperature                         0x0800705d   Thumb Code   110  mpu6050.o(.text)
    __use_no_semihosting                     0x080070f9   Thumb Code     2  use_no_semi_2.o(.text)
    __aeabi_ldivmod                          0x080070fb   Thumb Code     0  llsdiv.o(.text)
    _ll_sdiv                                 0x080070fb   Thumb Code    72  llsdiv.o(.text)
    __2printf                                0x08007145   Thumb Code    20  noretval__2printf.o(.text)
    __printf                                 0x0800715d   Thumb Code   104  __printf.o(.text)
    _printf_int_dec                          0x080071c5   Thumb Code   104  _printf_dec.o(.text)
    memcmp                                   0x0800723d   Thumb Code    88  memcmp.o(.text)
    __aeabi_memset                           0x08007295   Thumb Code    16  aeabi_memset.o(.text)
    __use_two_region_memory                  0x080072a5   Thumb Code     2  heapauxi.o(.text)
    __rt_heap_escrow$2region                 0x080072a7   Thumb Code     2  heapauxi.o(.text)
    __rt_heap_expand$2region                 0x080072a9   Thumb Code     2  heapauxi.o(.text)
    __I$use$semihosting                      0x080072ab   Thumb Code     0  use_no_semi.o(.text)
    __use_no_semihosting_swi                 0x080072ab   Thumb Code     2  use_no_semi.o(.text)
    __aeabi_uldivmod                         0x080072ad   Thumb Code     0  lludivv7m.o(.text)
    _ll_udiv                                 0x080072ad   Thumb Code   238  lludivv7m.o(.text)
    _printf_int_common                       0x0800739b   Thumb Code   178  _printf_intcommon.o(.text)
    _printf_char_file                        0x0800744d   Thumb Code    32  _printf_char_file.o(.text)
    __aeabi_memclr                           0x08007471   Thumb Code     0  rt_memclr.o(.text)
    __rt_memclr                              0x08007471   Thumb Code    68  rt_memclr.o(.text)
    _memset                                  0x08007475   Thumb Code     0  rt_memclr.o(.text)
    _printf_char_common                      0x080074bf   Thumb Code    32  _printf_char_common.o(.text)
    ferror                                   0x080074e5   Thumb Code     8  ferror.o(.text)
    __aeabi_memclr4                          0x080074ed   Thumb Code     0  rt_memclr_w.o(.text)
    __aeabi_memclr8                          0x080074ed   Thumb Code     0  rt_memclr_w.o(.text)
    __rt_memclr_w                            0x080074ed   Thumb Code    78  rt_memclr_w.o(.text)
    _memset_w                                0x080074f1   Thumb Code     0  rt_memclr_w.o(.text)
    __user_libspace                          0x0800753d   Thumb Code     8  libspace.o(.text)
    __user_perproc_libspace                  0x0800753d   Thumb Code     0  libspace.o(.text)
    __user_perthread_libspace                0x0800753d   Thumb Code     0  libspace.o(.text)
    __user_setup_stackheap                   0x08007545   Thumb Code    74  sys_stackheap_outer.o(.text)
    exit                                     0x0800758f   Thumb Code    18  exit.o(.text)
    __ARM_fpclassify                         0x080075a1   Thumb Code    40  fpclassify.o(i.__ARM_fpclassify)
    __kernel_poly                            0x080075c9   Thumb Code   170  poly.o(i.__kernel_poly)
    __mathlib_dbl_infnan                     0x08007673   Thumb Code     6  dunder.o(i.__mathlib_dbl_infnan)
    __mathlib_dbl_infnan2                    0x08007679   Thumb Code     4  dunder.o(i.__mathlib_dbl_infnan2)
    __mathlib_dbl_underflow                  0x0800767d   Thumb Code    10  dunder.o(i.__mathlib_dbl_underflow)
    atan                                     0x0800768d   Thumb Code   474  atan.o(i.atan)
    atan2                                    0x080078ad   Thumb Code   346  atan2.o(i.atan2)
    floor                                    0x08007a2d   Thumb Code   204  floor.o(i.floor)
    __aeabi_d2f                              0x08007b09   Thumb Code     0  d2f.o(x$fpl$d2f)
    _d2f                                     0x08007b09   Thumb Code    98  d2f.o(x$fpl$d2f)
    __aeabi_dadd                             0x08007b6d   Thumb Code     0  daddsub_clz.o(x$fpl$dadd)
    _dadd                                    0x08007b6d   Thumb Code   332  daddsub_clz.o(x$fpl$dadd)
    __fpl_dcheck_NaN1                        0x08007cbd   Thumb Code    10  dcheck1.o(x$fpl$dcheck1)
    __fpl_dcmp_Inf                           0x08007ccd   Thumb Code    24  dcmpi.o(x$fpl$dcmpinf)
    __aeabi_ddiv                             0x08007ce5   Thumb Code     0  ddiv.o(x$fpl$ddiv)
    _ddiv                                    0x08007ce5   Thumb Code   552  ddiv.o(x$fpl$ddiv)
    __aeabi_d2iz                             0x08007f95   Thumb Code     0  dfix.o(x$fpl$dfix)
    _dfix                                    0x08007f95   Thumb Code    94  dfix.o(x$fpl$dfix)
    __aeabi_d2uiz                            0x08007ff5   Thumb Code     0  dfixu.o(x$fpl$dfixu)
    _dfixu                                   0x08007ff5   Thumb Code    90  dfixu.o(x$fpl$dfixu)
    __aeabi_i2d                              0x0800804f   Thumb Code     0  dflt_clz.o(x$fpl$dflt)
    _dflt                                    0x0800804f   Thumb Code    46  dflt_clz.o(x$fpl$dflt)
    __aeabi_cdcmple                          0x0800807d   Thumb Code     0  dleqf.o(x$fpl$dleqf)
    _dcmple                                  0x0800807d   Thumb Code   120  dleqf.o(x$fpl$dleqf)
    __fpl_dcmple_InfNaN                      0x080080df   Thumb Code     0  dleqf.o(x$fpl$dleqf)
    __aeabi_dmul                             0x080080f5   Thumb Code     0  dmul.o(x$fpl$dmul)
    _dmul                                    0x080080f5   Thumb Code   332  dmul.o(x$fpl$dmul)
    __fpl_dnaninf                            0x08008249   Thumb Code   156  dnaninf.o(x$fpl$dnaninf)
    __fpl_dretinf                            0x080082e5   Thumb Code    12  dretinf.o(x$fpl$dretinf)
    __aeabi_cdrcmple                         0x080082f1   Thumb Code     0  drleqf.o(x$fpl$drleqf)
    _drcmple                                 0x080082f1   Thumb Code   108  drleqf.o(x$fpl$drleqf)
    __aeabi_drsub                            0x0800835d   Thumb Code     0  daddsub_clz.o(x$fpl$drsb)
    _drsb                                    0x0800835d   Thumb Code    22  daddsub_clz.o(x$fpl$drsb)
    __aeabi_dsub                             0x08008375   Thumb Code     0  daddsub_clz.o(x$fpl$dsub)
    _dsub                                    0x08008375   Thumb Code   464  daddsub_clz.o(x$fpl$dsub)
    __aeabi_f2d                              0x08008549   Thumb Code     0  f2d.o(x$fpl$f2d)
    _f2d                                     0x08008549   Thumb Code    86  f2d.o(x$fpl$f2d)
    __aeabi_fadd                             0x080085a1   Thumb Code     0  faddsub_clz.o(x$fpl$fadd)
    _fadd                                    0x080085a1   Thumb Code   196  faddsub_clz.o(x$fpl$fadd)
    __fpl_fcmp_Inf                           0x08008665   Thumb Code    24  fcmpi.o(x$fpl$fcmpinf)
    __aeabi_fdiv                             0x0800867d   Thumb Code     0  fdiv.o(x$fpl$fdiv)
    _fdiv                                    0x0800867d   Thumb Code   384  fdiv.o(x$fpl$fdiv)
    __aeabi_cfcmpeq                          0x08008801   Thumb Code     0  feqf.o(x$fpl$feqf)
    _fcmpeq                                  0x08008801   Thumb Code   104  feqf.o(x$fpl$feqf)
    __aeabi_f2iz                             0x08008869   Thumb Code     0  ffix.o(x$fpl$ffix)
    _ffix                                    0x08008869   Thumb Code    54  ffix.o(x$fpl$ffix)
    __aeabi_f2uiz                            0x080088a1   Thumb Code     0  ffixu.o(x$fpl$ffixu)
    _ffixu                                   0x080088a1   Thumb Code    62  ffixu.o(x$fpl$ffixu)
    __aeabi_i2f                              0x080088e1   Thumb Code     0  fflt_clz.o(x$fpl$fflt)
    _fflt                                    0x080088e1   Thumb Code    48  fflt_clz.o(x$fpl$fflt)
    __aeabi_ui2f                             0x08008911   Thumb Code     0  fflt_clz.o(x$fpl$ffltu)
    _ffltu                                   0x08008911   Thumb Code    38  fflt_clz.o(x$fpl$ffltu)
    __aeabi_cfcmple                          0x08008939   Thumb Code     0  fleqf.o(x$fpl$fleqf)
    _fcmple                                  0x08008939   Thumb Code   104  fleqf.o(x$fpl$fleqf)
    __fpl_fcmple_InfNaN                      0x0800898b   Thumb Code     0  fleqf.o(x$fpl$fleqf)
    __aeabi_fmul                             0x080089a1   Thumb Code     0  fmul.o(x$fpl$fmul)
    _fmul                                    0x080089a1   Thumb Code   258  fmul.o(x$fpl$fmul)
    __fpl_fnaninf                            0x08008aa3   Thumb Code   140  fnaninf.o(x$fpl$fnaninf)
    __fpl_fretinf                            0x08008b2f   Thumb Code    10  fretinf.o(x$fpl$fretinf)
    __aeabi_cfrcmple                         0x08008b39   Thumb Code     0  frleqf.o(x$fpl$frleqf)
    _frcmple                                 0x08008b39   Thumb Code    98  frleqf.o(x$fpl$frleqf)
    __aeabi_frsub                            0x08008b9b   Thumb Code     0  faddsub_clz.o(x$fpl$frsb)
    _frsb                                    0x08008b9b   Thumb Code    20  faddsub_clz.o(x$fpl$frsb)
    __aeabi_fsub                             0x08008bb1   Thumb Code     0  faddsub_clz.o(x$fpl$fsub)
    _fsub                                    0x08008bb1   Thumb Code   234  faddsub_clz.o(x$fpl$fsub)
    __fpl_return_NaN                         0x08008c9b   Thumb Code   100  retnan.o(x$fpl$retnan)
    __ARM_scalbn                             0x08008cff   Thumb Code    92  scalbn.o(x$fpl$scalbn)
    __fpl_cmpreturn                          0x08008d5b   Thumb Code    48  trapv.o(x$fpl$trapveneer)
    __I$use$fp                               0x08008d8a   Number         0  usenofp.o(x$fpl$usenofp)
    oled_asc2_1206                           0x08008d8a   Data        1140  oled.o(.constdata)
    oled_asc2_1608                           0x080091fe   Data        1520  oled.o(.constdata)
    hw                                       0x080097f0   Data          12  inv_mpu.o(.constdata)
    reg                                      0x080097fc   Data          27  inv_mpu.o(.constdata)
    test                                     0x08009818   Data          40  inv_mpu.o(.constdata)
    __mathlib_zero                           0x0800a4d0   Data           8  qnan.o(.constdata)
    Region$$Table$$Base                      0x0800a528   Number         0  anon$$obj.o(Region$$Table)
    Region$$Table$$Limit                     0x0800a548   Number         0  anon$$obj.o(Region$$Table)
    Way_Angle                                0x20000000   Data           1  minibalance.o(.data)
    Angle_Balance                            0x20000004   Data           4  minibalance.o(.data)
    __stdout                                 0x2000000c   Data           4  usart.o(.data)
    USART1_Date                              0x20000010   Data           4  usart.o(.data)
    USART1_RX_BUF                            0x20000014   Data           1  usart.o(.data)
    qr_codes                                 0x20000016   Data           2  usart.o(.data)
    i                                        0x20000018   Data           1  usart.o(.data)
    scan_qr_success_flag                     0x20000019   Data           1  usart.o(.data)
    qr_first                                 0x2000001c   Data           4  usart.o(.data)
    qr_second                                0x20000020   Data           4  usart.o(.data)
    qr_third                                 0x20000024   Data           4  usart.o(.data)
    wheel_flag                               0x2000002c   Data           1  key.o(.data)
    single_flag                              0x2000003c   Data           1  infr.o(.data)
    double_flag                              0x2000003d   Data           1  infr.o(.data)
    single_count                             0x2000003e   Data           1  infr.o(.data)
    double_count                             0x2000003f   Data           1  infr.o(.data)
    model                                    0x20000040   Data           1  infr.o(.data)
    block_position                           0x20000041   Data           1  infr.o(.data)
    x_location_arrive_flag                   0x20000042   Data           1  infr.o(.data)
    y_location_arrive_flag                   0x20000043   Data           1  infr.o(.data)
    black_line                               0x20000044   Data           4  infr.o(.data)
    black_flag                               0x20000048   Data           4  infr.o(.data)
    CAR_SPEED                                0x2000004c   Data           4  motor.o(.data)
    car_status                               0x20000050   Data           3  motor.o(.data)
    vision_status                            0x20000054   Data           1  vision.o(.data)
    Latest_Vision_Control_Pack_Time          0x20000058   Data           4  vision.o(.data)
    vision_time                              0x2000005c   Data           4  vision.o(.data)
    counter                                  0x20000060   Data           1  vision.o(.data)
    USART2_Date                              0x20000061   Data           4  vision.o(.data)
    USART2_RX_BUF                            0x20000065   Data           1  vision.o(.data)
    qr_unpack                                0x20000066   Data           2  vision.o(.data)
    block_unpack                             0x20000068   Data           2  vision.o(.data)
    qr_code                                  0x2000006a   Data           1  vision.o(.data)
    qr_code_flag                             0x2000006b   Data           1  vision.o(.data)
    target_x_err                             0x2000006c   Data           2  vision.o(.data)
    block_code                               0x2000006e   Data           1  vision.o(.data)
    scan_block_success_flag                  0x2000006f   Data           1  vision.o(.data)
    tick                                     0x20000070   Data           4  vision.o(.data)
    vision_kp                                0x20000074   Data           4  vision.o(.data)
    QR_Location                              0x20000078   Data           2  control.o(.data)
    Material_Location                        0x2000007a   Data           2  control.o(.data)
    count                                    0x2000007c   Data           1  control.o(.data)
    locate_delay                             0x2000007d   Data           1  control.o(.data)
    x_axis                                   0x2000007e   Data           1  control.o(.data)
    y_axis                                   0x2000007f   Data           1  control.o(.data)
    time_flag                                0x20000080   Data           1  control.o(.data)
    X_target                                 0x20000081   Data           1  control.o(.data)
    Y_target                                 0x20000082   Data           1  control.o(.data)
    begin_flag                               0x20000083   Data           1  control.o(.data)
    Straight_KP                              0x20000084   Data           4  control.o(.data)
    Straight_KI                              0x20000088   Data           4  control.o(.data)
    Yaw_target                               0x2000008c   Data           4  control.o(.data)
    yaw_original                             0x20000090   Data           4  control.o(.data)
    PWM_OUTPUT                               0x20000094   Data           4  control.o(.data)
    cnt                                      0x20000098   Data           4  control.o(.data)
    TARGET_ANGLE                             0x2000009c   Data           4  control.o(.data)
    INIT_ANGLE                               0x200000a0   Data           4  control.o(.data)
    qr_line                                  0x200000a4   Data           1  control.o(.data)
    forward_flag                             0x200000a5   Data           1  control.o(.data)
    qr_location_arrive_flag                  0x200000a6   Data           1  control.o(.data)
    qr_right_translation_flag                0x200000a7   Data           1  control.o(.data)
    qr_task_finish                           0x200000a8   Data           1  control.o(.data)
    qr_back_flag                             0x200000a9   Data           1  control.o(.data)
    start_task                               0x200000aa   Data           1  control.o(.data)
    circle_count                             0x200000ab   Data           1  control.o(.data)
    home_arrive_flag                         0x200000ac   Data           1  control.o(.data)
    grab_flag                                0x200000ad   Data           1  control.o(.data)
    place_flag                               0x200000ae   Data           1  control.o(.data)
    material_arrive_flag                     0x200000af   Data           1  control.o(.data)
    location_arrive_finish_flag              0x200000b0   Data           1  control.o(.data)
    QR_code_location                         0x200000b1   Data           1  control.o(.data)
    material_location                        0x200000b2   Data           1  control.o(.data)
    RED_AREA                                 0x200000b3   Data           1  control.o(.data)
    GREEN_AREA                               0x200000b4   Data           1  control.o(.data)
    BLUE_AREA                                0x200000b5   Data           1  control.o(.data)
    FRONT_AREA                               0x200000b6   Data           1  control.o(.data)
    MID_AREA                                 0x200000b7   Data           1  control.o(.data)
    BACK_AREA                                0x200000b8   Data           1  control.o(.data)
    K1                                       0x200000f4   Data           4  filter.o(.data)
    angle                                    0x200000f8   Data           4  filter.o(.data)
    angle_dot                                0x200000fc   Data           4  filter.o(.data)
    Q_angle                                  0x20000100   Data           4  filter.o(.data)
    Q_gyro                                   0x20000104   Data           4  filter.o(.data)
    R_angle                                  0x20000108   Data           4  filter.o(.data)
    dt                                       0x2000010c   Data           4  filter.o(.data)
    C_0                                      0x20000110   Data           1  filter.o(.data)
    Q_bias                                   0x20000114   Data           4  filter.o(.data)
    Angle_err                                0x20000118   Data           4  filter.o(.data)
    PCt_0                                    0x2000011c   Data           4  filter.o(.data)
    PCt_1                                    0x20000120   Data           4  filter.o(.data)
    E                                        0x20000124   Data           4  filter.o(.data)
    K_0                                      0x20000128   Data           4  filter.o(.data)
    K_1                                      0x2000012c   Data           4  filter.o(.data)
    t_0                                      0x20000130   Data           4  filter.o(.data)
    t_1                                      0x20000134   Data           4  filter.o(.data)
    PP                                       0x20000138   Data          16  filter.o(.data)
    gyro                                     0x20000148   Data           6  mpu6050.o(.data)
    accel                                    0x2000014e   Data           6  mpu6050.o(.data)
    sensors                                  0x20000154   Data           2  mpu6050.o(.data)
    Pitch                                    0x20000158   Data           4  mpu6050.o(.data)
    Roll                                     0x2000015c   Data           4  mpu6050.o(.data)
    Yaw                                      0x20000160   Data           4  mpu6050.o(.data)
    q0                                       0x20000164   Data           4  mpu6050.o(.data)
    q1                                       0x20000168   Data           4  mpu6050.o(.data)
    q2                                       0x2000016c   Data           4  mpu6050.o(.data)
    q3                                       0x20000170   Data           4  mpu6050.o(.data)
    Gx_offset                                0x2000017e   Data           2  mpu6050.o(.data)
    Gy_offset                                0x20000180   Data           2  mpu6050.o(.data)
    Gz_offset                                0x20000182   Data           2  mpu6050.o(.data)
    OLED_GRAM                                0x20000184   Data        1024  oled.o(.bss)
    Pdot                                     0x20000594   Data          16  filter.o(.bss)
    buffer                                   0x200005a4   Data          14  mpu6050.o(.bss)
    MPU6050_FIFO                             0x200005b2   Data         132  mpu6050.o(.bss)
    __libspace_start                         0x20000638   Data          96  libspace.o(.bss)
    __temporary_stack_top$libspace           0x20000698   Data           0  libspace.o(.bss)



==============================================================================

Memory Map of the image

  Image Entry point : 0x080000ed

  Load Region LR_IROM1 (Base: 0x08000000, Size: 0x0000a6cc, Max: 0x00010000, ABSOLUTE, COMPRESSED[0x0000a594])

    Execution Region ER_IROM1 (Exec base: 0x08000000, Load base: 0x08000000, Size: 0x0000a548, Max: 0x00010000, ABSOLUTE)

    Exec Addr    Load Addr    Size         Type   Attr      Idx    E Section Name        Object

    0x08000000   0x08000000   0x000000ec   Data   RO            3    RESET               startup_stm32f10x_md.o
    0x080000ec   0x080000ec   0x00000008   Code   RO          546  * !!!main             c_w.l(__main.o)
    0x080000f4   0x080000f4   0x00000034   Code   RO          867    !!!scatter          c_w.l(__scatter.o)
    0x08000128   0x08000128   0x0000005a   Code   RO          865    !!dczerorl2         c_w.l(__dczerorl2.o)
    0x08000182   0x08000182   0x00000002   PAD
    0x08000184   0x08000184   0x0000001c   Code   RO          869    !!handler_zi        c_w.l(__scatter_zi.o)
    0x080001a0   0x080001a0   0x00000000   Code   RO          539    .ARM.Collect$$_printf_percent$$00000000  c_w.l(_printf_percent.o)
    0x080001a0   0x080001a0   0x00000006   Code   RO          538    .ARM.Collect$$_printf_percent$$00000009  c_w.l(_printf_d.o)
    0x080001a6   0x080001a6   0x00000004   Code   RO          633    .ARM.Collect$$_printf_percent$$00000017  c_w.l(_printf_percent_end.o)
    0x080001aa   0x080001aa   0x00000002   Code   RO          730    .ARM.Collect$$libinit$$00000000  c_w.l(libinit.o)
    0x080001ac   0x080001ac   0x00000000   Code   RO          742    .ARM.Collect$$libinit$$00000002  c_w.l(libinit2.o)
    0x080001ac   0x080001ac   0x00000000   Code   RO          744    .ARM.Collect$$libinit$$00000004  c_w.l(libinit2.o)
    0x080001ac   0x080001ac   0x00000000   Code   RO          747    .ARM.Collect$$libinit$$0000000A  c_w.l(libinit2.o)
    0x080001ac   0x080001ac   0x00000000   Code   RO          749    .ARM.Collect$$libinit$$0000000C  c_w.l(libinit2.o)
    0x080001ac   0x080001ac   0x00000000   Code   RO          751    .ARM.Collect$$libinit$$0000000E  c_w.l(libinit2.o)
    0x080001ac   0x080001ac   0x00000000   Code   RO          754    .ARM.Collect$$libinit$$00000011  c_w.l(libinit2.o)
    0x080001ac   0x080001ac   0x00000000   Code   RO          756    .ARM.Collect$$libinit$$00000013  c_w.l(libinit2.o)
    0x080001ac   0x080001ac   0x00000000   Code   RO          758    .ARM.Collect$$libinit$$00000015  c_w.l(libinit2.o)
    0x080001ac   0x080001ac   0x00000000   Code   RO          760    .ARM.Collect$$libinit$$00000017  c_w.l(libinit2.o)
    0x080001ac   0x080001ac   0x00000000   Code   RO          762    .ARM.Collect$$libinit$$00000019  c_w.l(libinit2.o)
    0x080001ac   0x080001ac   0x00000000   Code   RO          764    .ARM.Collect$$libinit$$0000001B  c_w.l(libinit2.o)
    0x080001ac   0x080001ac   0x00000000   Code   RO          766    .ARM.Collect$$libinit$$0000001D  c_w.l(libinit2.o)
    0x080001ac   0x080001ac   0x00000000   Code   RO          768    .ARM.Collect$$libinit$$0000001F  c_w.l(libinit2.o)
    0x080001ac   0x080001ac   0x00000000   Code   RO          770    .ARM.Collect$$libinit$$00000021  c_w.l(libinit2.o)
    0x080001ac   0x080001ac   0x00000000   Code   RO          772    .ARM.Collect$$libinit$$00000023  c_w.l(libinit2.o)
    0x080001ac   0x080001ac   0x00000000   Code   RO          774    .ARM.Collect$$libinit$$00000025  c_w.l(libinit2.o)
    0x080001ac   0x080001ac   0x00000000   Code   RO          778    .ARM.Collect$$libinit$$0000002C  c_w.l(libinit2.o)
    0x080001ac   0x080001ac   0x00000000   Code   RO          780    .ARM.Collect$$libinit$$0000002E  c_w.l(libinit2.o)
    0x080001ac   0x080001ac   0x00000000   Code   RO          782    .ARM.Collect$$libinit$$00000030  c_w.l(libinit2.o)
    0x080001ac   0x080001ac   0x00000000   Code   RO          784    .ARM.Collect$$libinit$$00000032  c_w.l(libinit2.o)
    0x080001ac   0x080001ac   0x00000002   Code   RO          785    .ARM.Collect$$libinit$$00000033  c_w.l(libinit2.o)
    0x080001ae   0x080001ae   0x00000002   Code   RO          817    .ARM.Collect$$libshutdown$$00000000  c_w.l(libshutdown.o)
    0x080001b0   0x080001b0   0x00000000   Code   RO          831    .ARM.Collect$$libshutdown$$00000002  c_w.l(libshutdown2.o)
    0x080001b0   0x080001b0   0x00000000   Code   RO          833    .ARM.Collect$$libshutdown$$00000004  c_w.l(libshutdown2.o)
    0x080001b0   0x080001b0   0x00000000   Code   RO          836    .ARM.Collect$$libshutdown$$00000007  c_w.l(libshutdown2.o)
    0x080001b0   0x080001b0   0x00000000   Code   RO          839    .ARM.Collect$$libshutdown$$0000000A  c_w.l(libshutdown2.o)
    0x080001b0   0x080001b0   0x00000000   Code   RO          841    .ARM.Collect$$libshutdown$$0000000C  c_w.l(libshutdown2.o)
    0x080001b0   0x080001b0   0x00000000   Code   RO          844    .ARM.Collect$$libshutdown$$0000000F  c_w.l(libshutdown2.o)
    0x080001b0   0x080001b0   0x00000002   Code   RO          845    .ARM.Collect$$libshutdown$$00000010  c_w.l(libshutdown2.o)
    0x080001b2   0x080001b2   0x00000000   Code   RO          624    .ARM.Collect$$rtentry$$00000000  c_w.l(__rtentry.o)
    0x080001b2   0x080001b2   0x00000000   Code   RO          675    .ARM.Collect$$rtentry$$00000002  c_w.l(__rtentry2.o)
    0x080001b2   0x080001b2   0x00000006   Code   RO          687    .ARM.Collect$$rtentry$$00000004  c_w.l(__rtentry4.o)
    0x080001b8   0x080001b8   0x00000000   Code   RO          677    .ARM.Collect$$rtentry$$00000009  c_w.l(__rtentry2.o)
    0x080001b8   0x080001b8   0x00000004   Code   RO          678    .ARM.Collect$$rtentry$$0000000A  c_w.l(__rtentry2.o)
    0x080001bc   0x080001bc   0x00000000   Code   RO          680    .ARM.Collect$$rtentry$$0000000C  c_w.l(__rtentry2.o)
    0x080001bc   0x080001bc   0x00000008   Code   RO          681    .ARM.Collect$$rtentry$$0000000D  c_w.l(__rtentry2.o)
    0x080001c4   0x080001c4   0x00000002   Code   RO          735    .ARM.Collect$$rtexit$$00000000  c_w.l(rtexit.o)
    0x080001c6   0x080001c6   0x00000000   Code   RO          789    .ARM.Collect$$rtexit$$00000002  c_w.l(rtexit2.o)
    0x080001c6   0x080001c6   0x00000004   Code   RO          790    .ARM.Collect$$rtexit$$00000003  c_w.l(rtexit2.o)
    0x080001ca   0x080001ca   0x00000006   Code   RO          791    .ARM.Collect$$rtexit$$00000004  c_w.l(rtexit2.o)
    0x080001d0   0x080001d0   0x0000000c   Code   RO          145    .emb_text           sys.o
    0x080001dc   0x080001dc   0x00000038   Code   RO            4    .text               startup_stm32f10x_md.o
    0x08000214   0x08000214   0x00000158   Code   RO           10    .text               minibalance.o
    0x0800036c   0x0800036c   0x000000b0   Code   RO          127    .text               delay.o
    0x0800041c   0x0800041c   0x000002bc   Code   RO          146    .text               sys.o
    0x080006d8   0x080006d8   0x000001f8   Code   RO          161    .text               usart.o
    0x080008d0   0x080008d0   0x00000512   Code   RO          189    .text               ioi2c.o
    0x08000de2   0x08000de2   0x00000002   PAD
    0x08000de4   0x08000de4   0x0000005c   Code   RO          201    .text               timer.o
    0x08000e40   0x08000e40   0x00000074   Code   RO          213    .text               led.o
    0x08000eb4   0x08000eb4   0x00000442   Code   RO          226    .text               oled.o
    0x080012f6   0x080012f6   0x00000002   PAD
    0x080012f8   0x080012f8   0x00000234   Code   RO          245    .text               key.o
    0x0800152c   0x0800152c   0x00000574   Code   RO          281    .text               infr.o
    0x08001aa0   0x08001aa0   0x00000110   Code   RO          299    .text               usart2.o
    0x08001bb0   0x08001bb0   0x000002fc   Code   RO          318    .text               motor.o
    0x08001eac   0x08001eac   0x0000014c   Code   RO          336    .text               pwm.o
    0x08001ff8   0x08001ff8   0x000002e8   Code   RO          348    .text               pca9685.o
    0x080022e0   0x080022e0   0x0000068c   Code   RO          360    .text               servos.o
    0x0800296c   0x0800296c   0x000002f4   Code   RO          376    .text               vision.o
    0x08002c60   0x08002c60   0x00000db4   Code   RO          398    .text               control.o
    0x08003a14   0x08003a14   0x00001e90   Code   RO          422    .text               inv_mpu.o
    0x080058a4   0x080058a4   0x00000d70   Code   RO          446    .text               inv_mpu_dmp_motion_driver.o
    0x08006614   0x08006614   0x00000308   Code   RO          461    .text               filter.o
    0x0800691c   0x0800691c   0x000007dc   Code   RO          480    .text               mpu6050.o
    0x080070f8   0x080070f8   0x00000002   Code   RO          506    .text               c_w.l(use_no_semi_2.o)
    0x080070fa   0x080070fa   0x00000048   Code   RO          508    .text               c_w.l(llsdiv.o)
    0x08007142   0x08007142   0x00000002   PAD
    0x08007144   0x08007144   0x00000018   Code   RO          512    .text               c_w.l(noretval__2printf.o)
    0x0800715c   0x0800715c   0x00000068   Code   RO          514    .text               c_w.l(__printf.o)
    0x080071c4   0x080071c4   0x00000078   Code   RO          516    .text               c_w.l(_printf_dec.o)
    0x0800723c   0x0800723c   0x00000058   Code   RO          540    .text               c_w.l(memcmp.o)
    0x08007294   0x08007294   0x00000010   Code   RO          542    .text               c_w.l(aeabi_memset.o)
    0x080072a4   0x080072a4   0x00000006   Code   RO          544    .text               c_w.l(heapauxi.o)
    0x080072aa   0x080072aa   0x00000002   Code   RO          622    .text               c_w.l(use_no_semi.o)
    0x080072ac   0x080072ac   0x000000ee   Code   RO          625    .text               c_w.l(lludivv7m.o)
    0x0800739a   0x0800739a   0x000000b2   Code   RO          629    .text               c_w.l(_printf_intcommon.o)
    0x0800744c   0x0800744c   0x00000024   Code   RO          631    .text               c_w.l(_printf_char_file.o)
    0x08007470   0x08007470   0x00000044   Code   RO          634    .text               c_w.l(rt_memclr.o)
    0x080074b4   0x080074b4   0x00000030   Code   RO          698    .text               c_w.l(_printf_char_common.o)
    0x080074e4   0x080074e4   0x00000008   Code   RO          700    .text               c_w.l(ferror.o)
    0x080074ec   0x080074ec   0x0000004e   Code   RO          704    .text               c_w.l(rt_memclr_w.o)
    0x0800753a   0x0800753a   0x00000002   PAD
    0x0800753c   0x0800753c   0x00000008   Code   RO          714    .text               c_w.l(libspace.o)
    0x08007544   0x08007544   0x0000004a   Code   RO          717    .text               c_w.l(sys_stackheap_outer.o)
    0x0800758e   0x0800758e   0x00000012   Code   RO          723    .text               c_w.l(exit.o)
    0x080075a0   0x080075a0   0x00000028   Code   RO          710    i.__ARM_fpclassify  m_ws.l(fpclassify.o)
    0x080075c8   0x080075c8   0x000000aa   Code   RO          712    i.__kernel_poly     m_ws.l(poly.o)
    0x08007672   0x08007672   0x00000006   Code   RO          660    i.__mathlib_dbl_infnan  m_ws.l(dunder.o)
    0x08007678   0x08007678   0x00000004   Code   RO          661    i.__mathlib_dbl_infnan2  m_ws.l(dunder.o)
    0x0800767c   0x0800767c   0x00000010   Code   RO          665    i.__mathlib_dbl_underflow  m_ws.l(dunder.o)
    0x0800768c   0x0800768c   0x00000220   Code   RO          650    i.atan              m_ws.l(atan.o)
    0x080078ac   0x080078ac   0x00000180   Code   RO          611    i.atan2             m_ws.l(atan2.o)
    0x08007a2c   0x08007a2c   0x000000dc   Code   RO          619    i.floor             m_ws.l(floor.o)
    0x08007b08   0x08007b08   0x00000062   Code   RO          548    x$fpl$d2f           fz_ws.l(d2f.o)
    0x08007b6a   0x08007b6a   0x00000002   PAD
    0x08007b6c   0x08007b6c   0x00000150   Code   RO          550    x$fpl$dadd          fz_ws.l(daddsub_clz.o)
    0x08007cbc   0x08007cbc   0x00000010   Code   RO          731    x$fpl$dcheck1       fz_ws.l(dcheck1.o)
    0x08007ccc   0x08007ccc   0x00000018   Code   RO          733    x$fpl$dcmpinf       fz_ws.l(dcmpi.o)
    0x08007ce4   0x08007ce4   0x000002b0   Code   RO          557    x$fpl$ddiv          fz_ws.l(ddiv.o)
    0x08007f94   0x08007f94   0x0000005e   Code   RO          560    x$fpl$dfix          fz_ws.l(dfix.o)
    0x08007ff2   0x08007ff2   0x00000002   PAD
    0x08007ff4   0x08007ff4   0x0000005a   Code   RO          564    x$fpl$dfixu         fz_ws.l(dfixu.o)
    0x0800804e   0x0800804e   0x0000002e   Code   RO          569    x$fpl$dflt          fz_ws.l(dflt_clz.o)
    0x0800807c   0x0800807c   0x00000078   Code   RO          706    x$fpl$dleqf         fz_ws.l(dleqf.o)
    0x080080f4   0x080080f4   0x00000154   Code   RO          574    x$fpl$dmul          fz_ws.l(dmul.o)
    0x08008248   0x08008248   0x0000009c   Code   RO          636    x$fpl$dnaninf       fz_ws.l(dnaninf.o)
    0x080082e4   0x080082e4   0x0000000c   Code   RO          638    x$fpl$dretinf       fz_ws.l(dretinf.o)
    0x080082f0   0x080082f0   0x0000006c   Code   RO          640    x$fpl$drleqf        fz_ws.l(drleqf.o)
    0x0800835c   0x0800835c   0x00000016   Code   RO          551    x$fpl$drsb          fz_ws.l(daddsub_clz.o)
    0x08008372   0x08008372   0x00000002   PAD
    0x08008374   0x08008374   0x000001d4   Code   RO          552    x$fpl$dsub          fz_ws.l(daddsub_clz.o)
    0x08008548   0x08008548   0x00000056   Code   RO          576    x$fpl$f2d           fz_ws.l(f2d.o)
    0x0800859e   0x0800859e   0x00000002   PAD
    0x080085a0   0x080085a0   0x000000c4   Code   RO          578    x$fpl$fadd          fz_ws.l(faddsub_clz.o)
    0x08008664   0x08008664   0x00000018   Code   RO          642    x$fpl$fcmpinf       fz_ws.l(fcmpi.o)
    0x0800867c   0x0800867c   0x00000184   Code   RO          585    x$fpl$fdiv          fz_ws.l(fdiv.o)
    0x08008800   0x08008800   0x00000068   Code   RO          588    x$fpl$feqf          fz_ws.l(feqf.o)
    0x08008868   0x08008868   0x00000036   Code   RO          590    x$fpl$ffix          fz_ws.l(ffix.o)
    0x0800889e   0x0800889e   0x00000002   PAD
    0x080088a0   0x080088a0   0x0000003e   Code   RO          594    x$fpl$ffixu         fz_ws.l(ffixu.o)
    0x080088de   0x080088de   0x00000002   PAD
    0x080088e0   0x080088e0   0x00000030   Code   RO          599    x$fpl$fflt          fz_ws.l(fflt_clz.o)
    0x08008910   0x08008910   0x00000026   Code   RO          598    x$fpl$ffltu         fz_ws.l(fflt_clz.o)
    0x08008936   0x08008936   0x00000002   PAD
    0x08008938   0x08008938   0x00000068   Code   RO          604    x$fpl$fleqf         fz_ws.l(fleqf.o)
    0x080089a0   0x080089a0   0x00000102   Code   RO          606    x$fpl$fmul          fz_ws.l(fmul.o)
    0x08008aa2   0x08008aa2   0x0000008c   Code   RO          644    x$fpl$fnaninf       fz_ws.l(fnaninf.o)
    0x08008b2e   0x08008b2e   0x0000000a   Code   RO          646    x$fpl$fretinf       fz_ws.l(fretinf.o)
    0x08008b38   0x08008b38   0x00000062   Code   RO          608    x$fpl$frleqf        fz_ws.l(frleqf.o)
    0x08008b9a   0x08008b9a   0x00000014   Code   RO          579    x$fpl$frsb          fz_ws.l(faddsub_clz.o)
    0x08008bae   0x08008bae   0x00000002   PAD
    0x08008bb0   0x08008bb0   0x000000ea   Code   RO          580    x$fpl$fsub          fz_ws.l(faddsub_clz.o)
    0x08008c9a   0x08008c9a   0x00000064   Code   RO          786    x$fpl$retnan        fz_ws.l(retnan.o)
    0x08008cfe   0x08008cfe   0x0000005c   Code   RO          708    x$fpl$scalbn        fz_ws.l(scalbn.o)
    0x08008d5a   0x08008d5a   0x00000030   Code   RO          805    x$fpl$trapveneer    fz_ws.l(trapv.o)
    0x08008d8a   0x08008d8a   0x00000000   Code   RO          648    x$fpl$usenofp       fz_ws.l(usenofp.o)
    0x08008d8a   0x08008d8a   0x00000a64   Data   RO          228    .constdata          oled.o
    0x080097ee   0x080097ee   0x00000002   PAD
    0x080097f0   0x080097f0   0x00000050   Data   RO          423    .constdata          inv_mpu.o
    0x08009840   0x08009840   0x00000bf6   Data   RO          448    .constdata          inv_mpu_dmp_motion_driver.o
    0x0800a436   0x0800a436   0x00000002   PAD
    0x0800a438   0x0800a438   0x00000098   Data   RO          651    .constdata          m_ws.l(atan.o)
    0x0800a4d0   0x0800a4d0   0x00000008   Data   RO          673    .constdata          m_ws.l(qnan.o)
    0x0800a4d8   0x0800a4d8   0x0000004e   Data   RO          424    .conststring        inv_mpu.o
    0x0800a526   0x0800a526   0x00000002   PAD
    0x0800a528   0x0800a528   0x00000020   Data   RO          863    Region$$Table       anon$$obj.o


    Execution Region RW_IRAM1 (Exec base: 0x20000000, Load base: 0x0800a548, Size: 0x00000c98, Max: 0x00005000, ABSOLUTE, COMPRESSED[0x0000004c])

    Exec Addr    Load Addr    Size         Type   Attr      Idx    E Section Name        Object

    0x20000000   COMPRESSED   0x00000008   Data   RW           11    .data               minibalance.o
    0x20000008   COMPRESSED   0x00000004   Data   RW          128    .data               delay.o
    0x2000000c   COMPRESSED   0x0000001c   Data   RW          162    .data               usart.o
    0x20000028   COMPRESSED   0x00000004   Data   RW          214    .data               led.o
    0x2000002c   COMPRESSED   0x0000000e   Data   RW          246    .data               key.o
    0x2000003a   COMPRESSED   0x00000002   PAD
    0x2000003c   COMPRESSED   0x00000010   Data   RW          282    .data               infr.o
    0x2000004c   COMPRESSED   0x00000007   Data   RW          319    .data               motor.o
    0x20000053   COMPRESSED   0x00000001   PAD
    0x20000054   COMPRESSED   0x00000024   Data   RW          377    .data               vision.o
    0x20000078   COMPRESSED   0x00000050   Data   RW          399    .data               control.o
    0x200000c8   COMPRESSED   0x0000002c   Data   RW          425    .data               inv_mpu.o
    0x200000f4   COMPRESSED   0x00000054   Data   RW          463    .data               filter.o
    0x20000148   COMPRESSED   0x0000003c   Data   RW          482    .data               mpu6050.o
    0x20000184        -       0x00000400   Zero   RW          227    .bss                oled.o
    0x20000584        -       0x00000010   Zero   RW          447    .bss                inv_mpu_dmp_motion_driver.o
    0x20000594        -       0x00000010   Zero   RW          462    .bss                filter.o
    0x200005a4        -       0x00000092   Zero   RW          481    .bss                mpu6050.o
    0x20000636   COMPRESSED   0x00000002   PAD
    0x20000638        -       0x00000060   Zero   RW          715    .bss                c_w.l(libspace.o)
    0x20000698        -       0x00000200   Zero   RW            2    HEAP                startup_stm32f10x_md.o
    0x20000898        -       0x00000400   Zero   RW            1    STACK               startup_stm32f10x_md.o


==============================================================================

Image component sizes


      Code (inc. data)   RO Data    RW Data    ZI Data      Debug   Object Name

      3508        376          0         80          0       6927   control.o
       176          8          0          4          0       1255   delay.o
       776         86          0         84         16       2268   filter.o
      1396        124          0         16          0       2602   infr.o
      7824        172        158         44          0      21903   inv_mpu.o
      3440        126       3062          0         16      15419   inv_mpu_dmp_motion_driver.o
      1298         18          0          0          0       5986   ioi2c.o
       564         58          0         14          0       2107   key.o
       116         20          0          4          0        749   led.o
       344         38          0          8          0     207341   minibalance.o
       764         58          0          7          0       3024   motor.o
      2012        452          0         60        146      21278   mpu6050.o
      1090         46       2660          0       1024       4967   oled.o
       744         24          0          0          0       2796   pca9685.o
       332         18          0          0          0       1018   pwm.o
      1676         32          0          0          0       3542   servos.o
        56         22        236          0       1536        916   startup_stm32f10x_md.o
       712         44          0          0          0       3039   sys.o
        92         10          0          0          0        678   timer.o
       504         50          0         28          0       3838   usart.o
       272         22          0          0          0        981   usart2.o
       756        120          0         36          0       4443   vision.o

    ----------------------------------------------------------------------
     28456       1924       6154        388       2740     317077   Object Totals
         0          0         32          0          0          0   (incl. Generated)
         4          0          6          3          2          0   (incl. Padding)

    ----------------------------------------------------------------------

      Code (inc. data)   RO Data    RW Data    ZI Data      Debug   Library Member Name

        90          0          0          0          0          0   __dczerorl2.o
         8          0          0          0          0         68   __main.o
       104          0          0          0          0         84   __printf.o
         0          0          0          0          0          0   __rtentry.o
        12          0          0          0          0          0   __rtentry2.o
         6          0          0          0          0          0   __rtentry4.o
        52          8          0          0          0          0   __scatter.o
        28          0          0          0          0          0   __scatter_zi.o
        48          6          0          0          0         96   _printf_char_common.o
        36          4          0          0          0         80   _printf_char_file.o
         6          0          0          0          0          0   _printf_d.o
       120         16          0          0          0         92   _printf_dec.o
       178          0          0          0          0         88   _printf_intcommon.o
         0          0          0          0          0          0   _printf_percent.o
         4          0          0          0          0          0   _printf_percent_end.o
        16          0          0          0          0         68   aeabi_memset.o
        18          0          0          0          0         80   exit.o
         8          0          0          0          0         68   ferror.o
         6          0          0          0          0        152   heapauxi.o
         2          0          0          0          0          0   libinit.o
         2          0          0          0          0          0   libinit2.o
         2          0          0          0          0          0   libshutdown.o
         2          0          0          0          0          0   libshutdown2.o
         8          4          0          0         96         68   libspace.o
        72          0          0          0          0         76   llsdiv.o
       238          0          0          0          0        100   lludivv7m.o
        88          0          0          0          0         76   memcmp.o
        24          4          0          0          0         84   noretval__2printf.o
        68          0          0          0          0         68   rt_memclr.o
        78          0          0          0          0         80   rt_memclr_w.o
         2          0          0          0          0          0   rtexit.o
        10          0          0          0          0          0   rtexit2.o
        74          0          0          0          0         80   sys_stackheap_outer.o
         2          0          0          0          0         68   use_no_semi.o
         2          0          0          0          0         68   use_no_semi_2.o
        98          4          0          0          0         92   d2f.o
       826         16          0          0          0        348   daddsub_clz.o
        16          4          0          0          0         68   dcheck1.o
        24          0          0          0          0         68   dcmpi.o
       688        140          0          0          0        208   ddiv.o
        94          4          0          0          0         92   dfix.o
        90          4          0          0          0         92   dfixu.o
        46          0          0          0          0         68   dflt_clz.o
       120          4          0          0          0         92   dleqf.o
       340         12          0          0          0        104   dmul.o
       156          4          0          0          0         92   dnaninf.o
        12          0          0          0          0         68   dretinf.o
       108          0          0          0          0         80   drleqf.o
        86          4          0          0          0         84   f2d.o
       450          8          0          0          0        236   faddsub_clz.o
        24          0          0          0          0         68   fcmpi.o
       388         76          0          0          0         96   fdiv.o
       104          4          0          0          0         84   feqf.o
        54          4          0          0          0         84   ffix.o
        62          4          0          0          0         84   ffixu.o
        86          0          0          0          0        136   fflt_clz.o
       104          4          0          0          0         84   fleqf.o
       258          4          0          0          0         84   fmul.o
       140          4          0          0          0         84   fnaninf.o
        10          0          0          0          0         68   fretinf.o
        98          0          0          0          0         68   frleqf.o
       100          0          0          0          0         68   retnan.o
        92          0          0          0          0         68   scalbn.o
        48          0          0          0          0         68   trapv.o
         0          0          0          0          0          0   usenofp.o
       544         70        152          0          0        124   atan.o
       384         38          0          0          0        144   atan2.o
        26          6          0          0          0        204   dunder.o
       220         16          0          0          0         84   floor.o
        40          0          0          0          0         68   fpclassify.o
       170          0          0          0          0         96   poly.o
         0          0          8          0          0          0   qnan.o

    ----------------------------------------------------------------------
      7542        476        160          0         96       5300   Library Totals
        22          0          0          0          0          0   (incl. Padding)

    ----------------------------------------------------------------------

      Code (inc. data)   RO Data    RW Data    ZI Data      Debug   Library Name

      1414         42          0          0         96       1644   c_w.l
      4722        304          0          0          0       2936   fz_ws.l
      1384        130        160          0          0        720   m_ws.l

    ----------------------------------------------------------------------
      7542        476        160          0         96       5300   Library Totals

    ----------------------------------------------------------------------

==============================================================================


      Code (inc. data)   RO Data    RW Data    ZI Data      Debug   

     35998       2400       6314        388       2836     317589   Grand Totals
     35998       2400       6314         76       2836     317589   ELF Image Totals (compressed)
     35998       2400       6314         76          0          0   ROM Totals

==============================================================================

    Total RO  Size (Code + RO Data)                42312 (  41.32kB)
    Total RW  Size (RW Data + ZI Data)              3224 (   3.15kB)
    Total ROM Size (Code + RO Data + RW Data)      42388 (  41.39kB)

==============================================================================

