Component: ARM Compiler 5.06 update 5 (build 528) Tool: armlink [4d35e2]

==============================================================================

Section Cross References

    startup_stm32f10x_md.o(STACK) refers (Special) to heapauxi.o(.text) for __use_two_region_memory
    startup_stm32f10x_md.o(HEAP) refers (Special) to heapauxi.o(.text) for __use_two_region_memory
    startup_stm32f10x_md.o(RESET) refers (Special) to heapauxi.o(.text) for __use_two_region_memory
    startup_stm32f10x_md.o(RESET) refers to startup_stm32f10x_md.o(STACK) for __initial_sp
    startup_stm32f10x_md.o(RESET) refers to startup_stm32f10x_md.o(.text) for Reset_Handler
    startup_stm32f10x_md.o(RESET) refers to infr.o(.text) for EXTI1_IRQHandler
    startup_stm32f10x_md.o(RESET) refers to key.o(.text) for EXTI9_5_IRQHandler
    startup_stm32f10x_md.o(RESET) refers to control.o(.text) for TIM1_UP_IRQHandler
    startup_stm32f10x_md.o(RESET) refers to usart.o(.text) for USART1_IRQHandler
    startup_stm32f10x_md.o(RESET) refers to vision.o(.text) for USART2_IRQHandler
    startup_stm32f10x_md.o(.text) refers (Special) to heapauxi.o(.text) for __use_two_region_memory
    startup_stm32f10x_md.o(.text) refers to __main.o(!!!main) for __main
    startup_stm32f10x_md.o(.text) refers to startup_stm32f10x_md.o(HEAP) for Heap_Mem
    startup_stm32f10x_md.o(.text) refers to startup_stm32f10x_md.o(STACK) for Stack_Mem
    minibalance.o(.text) refers to sys.o(.text) for Stm32_Clock_Init
    minibalance.o(.text) refers to delay.o(.text) for delay_init
    minibalance.o(.text) refers to usart.o(.text) for uart_init
    minibalance.o(.text) refers to vision.o(.text) for openmv_start_init
    minibalance.o(.text) refers to pwm.o(.text) for TIM3_PWM_init
    minibalance.o(.text) refers to ioi2c.o(.text) for IIC_Init
    minibalance.o(.text) refers to pca9685.o(.text) for pca_reset1
    minibalance.o(.text) refers to mpu6050.o(.text) for MPU6050_initialize
    minibalance.o(.text) refers to led.o(.text) for LED_Init
    minibalance.o(.text) refers to key.o(.text) for KEY_Init
    minibalance.o(.text) refers to infr.o(.text) for infr_Init
    minibalance.o(.text) refers to oled.o(.text) for OLED_Init
    minibalance.o(.text) refers to control.o(.text) for param_init
    minibalance.o(.text) refers to motor.o(.text) for chassis_init
    minibalance.o(.text) refers to usart2.o(.text) for uart2_init
    minibalance.o(.text) refers to timer.o(.text) for Timer1_Init
    minibalance.o(.text) refers to ffix.o(x$fpl$ffix) for __aeabi_f2iz
    minibalance.o(.text) refers to servos.o(.text) for degree2duty_270
    minibalance.o(.text) refers to mpu6050.o(.data) for Yaw
    minibalance.o(.text) refers to control.o(.data) for Yaw_target
    minibalance.o(.text) refers to key.o(.data) for wheel_flag
    minibalance.o(.text) refers to vision.o(.data) for block_unpack
    delay.o(.text) refers to delay.o(.data) for fac_us
    sys.o(.text) refers to sys.o(.emb_text) for WFI_SET
    usart.o(.text) refers (Special) to use_no_semi_2.o(.text) for __use_no_semihosting
    usart.o(.text) refers to fflt_clz.o(x$fpl$ffltu) for __aeabi_ui2f
    usart.o(.text) refers to fdiv.o(x$fpl$fdiv) for __aeabi_fdiv
    usart.o(.text) refers to ffixu.o(x$fpl$ffixu) for __aeabi_f2uiz
    usart.o(.text) refers to faddsub_clz.o(x$fpl$frsb) for __aeabi_frsub
    usart.o(.text) refers to fmul.o(x$fpl$fmul) for __aeabi_fmul
    usart.o(.text) refers to sys.o(.text) for MY_NVIC_Init
    usart.o(.text) refers to oled.o(.text) for OLED_ShowNumber
    usart.o(.text) refers to usart.o(.data) for USART1_RX_BUF
    usart.o(.data) refers (Special) to use_no_semi_2.o(.text) for __use_no_semihosting
    ioi2c.o(.text) refers to delay.o(.text) for delay_us
    timer.o(.text) refers to sys.o(.text) for MY_NVIC_Init
    led.o(.text) refers to led.o(.data) for temp
    oled.o(.text) refers to delay.o(.text) for delay_ms
    oled.o(.text) refers to oled.o(.bss) for OLED_GRAM
    oled.o(.text) refers to oled.o(.constdata) for oled_asc2_1206
    key.o(.text) refers to sys.o(.text) for Ex_NVIC_Config
    key.o(.text) refers to delay.o(.text) for delay_ms
    key.o(.text) refers to key.o(.data) for wheel_flag
    vcan.o(.text) refers to vcan.o(.bss) for wave_form_data
    vcan.o(.text) refers to vision.o(.data) for qr_code
    infr.o(.text) refers to sys.o(.text) for Ex_NVIC_Config
    infr.o(.text) refers to delay.o(.text) for delay_ms
    infr.o(.text) refers to oled.o(.text) for OLED_ShowNumber
    infr.o(.text) refers to f2d.o(x$fpl$f2d) for __aeabi_f2d
    infr.o(.text) refers to daddsub_clz.o(x$fpl$dsub) for __aeabi_dsub
    infr.o(.text) refers to d2f.o(x$fpl$d2f) for __aeabi_d2f
    infr.o(.text) refers to daddsub_clz.o(x$fpl$dadd) for __aeabi_dadd
    infr.o(.text) refers to control.o(.data) for x_axis
    infr.o(.text) refers to motor.o(.data) for car_status
    infr.o(.text) refers to infr.o(.data) for x_location_arrive_flag
    infr.o(.text) refers to pwm.o(.text) for set_motor_pwm
[...]
    .text                                    0x0800697c   Section        0  __printf.o(.text)
    .text                                    0x080069e4   Section        0  _printf_dec.o(.text)
    .text                                    0x08006a5c   Section        0  memcmp.o(.text)
    .text                                    0x08006ab4   Section       16  aeabi_memset.o(.text)
    .text                                    0x08006ac4   Section        0  heapauxi.o(.text)
    .text                                    0x08006aca   Section        2  use_no_semi.o(.text)
    .text                                    0x08006acc   Section      238  lludivv7m.o(.text)
    .text                                    0x08006bba   Section        0  _printf_intcommon.o(.text)
    .text                                    0x08006c6c   Section        0  _printf_char_file.o(.text)
    .text                                    0x08006c90   Section       68  rt_memclr.o(.text)
    .text                                    0x08006cd4   Section        0  _printf_char_common.o(.text)
    _printf_input_char                       0x08006cd5   Thumb Code    10  _printf_char_common.o(.text)
    .text                                    0x08006d04   Section        0  ferror.o(.text)
    .text                                    0x08006d0c   Section       78  rt_memclr_w.o(.text)
    .text                                    0x08006d5c   Section        8  libspace.o(.text)
    .text                                    0x08006d64   Section       74  sys_stackheap_outer.o(.text)
    .text                                    0x08006dae   Section        0  exit.o(.text)
    i.__ARM_fpclassify                       0x08006dc0   Section        0  fpclassify.o(i.__ARM_fpclassify)
    i.__kernel_poly                          0x08006de8   Section        0  poly.o(i.__kernel_poly)
    i.__mathlib_dbl_infnan                   0x08006e92   Section        0  dunder.o(i.__mathlib_dbl_infnan)
    i.__mathlib_dbl_infnan2                  0x08006e98   Section        0  dunder.o(i.__mathlib_dbl_infnan2)
    i.__mathlib_dbl_underflow                0x08006e9c   Section        0  dunder.o(i.__mathlib_dbl_underflow)
    i.atan                                   0x08006eac   Section        0  atan.o(i.atan)
    i.atan2                                  0x080070cc   Section        0  atan2.o(i.atan2)
    i.floor                                  0x0800724c   Section        0  floor.o(i.floor)
    x$fpl$d2f                                0x08007328   Section       98  d2f.o(x$fpl$d2f)
    x$fpl$dadd                               0x0800738c   Section      336  daddsub_clz.o(x$fpl$dadd)
    _dadd1                                   0x0800739d   Thumb Code     0  daddsub_clz.o(x$fpl$dadd)
    x$fpl$dcheck1                            0x080074dc   Section       16  dcheck1.o(x$fpl$dcheck1)
    x$fpl$dcmpinf                            0x080074ec   Section       24  dcmpi.o(x$fpl$dcmpinf)
    x$fpl$ddiv                               0x08007504   Section      688  ddiv.o(x$fpl$ddiv)
    ddiv_entry                               0x0800750b   Thumb Code     0  ddiv.o(x$fpl$ddiv)
    x$fpl$dfix                               0x080077b4   Section       94  dfix.o(x$fpl$dfix)
    x$fpl$dfixu                              0x08007814   Section       90  dfixu.o(x$fpl$dfixu)
    x$fpl$dflt                               0x0800786e   Section       46  dflt_clz.o(x$fpl$dflt)
    x$fpl$dleqf                              0x0800789c   Section      120  dleqf.o(x$fpl$dleqf)
    x$fpl$dmul                               0x08007914   Section      340  dmul.o(x$fpl$dmul)
    x$fpl$dnaninf                            0x08007a68   Section      156  dnaninf.o(x$fpl$dnaninf)
    x$fpl$dretinf                            0x08007b04   Section       12  dretinf.o(x$fpl$dretinf)
    x$fpl$drleqf                             0x08007b10   Section      108  drleqf.o(x$fpl$drleqf)
    x$fpl$drsb                               0x08007b7c   Section       22  daddsub_clz.o(x$fpl$drsb)
    x$fpl$dsub                               0x08007b94   Section      468  daddsub_clz.o(x$fpl$dsub)
    _dsub1                                   0x08007ba5   Thumb Code     0  daddsub_clz.o(x$fpl$dsub)
    x$fpl$f2d                                0x08007d68   Section       86  f2d.o(x$fpl$f2d)
    x$fpl$fadd                               0x08007dc0   Section      196  faddsub_clz.o(x$fpl$fadd)
    _fadd1                                   0x08007dcf   Thumb Code     0  faddsub_clz.o(x$fpl$fadd)
    x$fpl$fcmpinf                            0x08007e84   Section       24  fcmpi.o(x$fpl$fcmpinf)
    x$fpl$fdiv                               0x08007e9c   Section      388  fdiv.o(x$fpl$fdiv)
    _fdiv1                                   0x08007e9d   Thumb Code     0  fdiv.o(x$fpl$fdiv)
    x$fpl$feqf                               0x08008020   Section      104  feqf.o(x$fpl$feqf)
    x$fpl$ffix                               0x08008088   Section       54  ffix.o(x$fpl$ffix)
    x$fpl$ffixu                              0x080080c0   Section       62  ffixu.o(x$fpl$ffixu)
    x$fpl$fflt                               0x08008100   Section       48  fflt_clz.o(x$fpl$fflt)
    x$fpl$ffltu                              0x08008130   Section       38  fflt_clz.o(x$fpl$ffltu)
    x$fpl$fleqf                              0x08008158   Section      104  fleqf.o(x$fpl$fleqf)
    x$fpl$fmul                               0x080081c0   Section      258  fmul.o(x$fpl$fmul)
    x$fpl$fnaninf                            0x080082c2   Section      140  fnaninf.o(x$fpl$fnaninf)
    x$fpl$fretinf                            0x0800834e   Section       10  fretinf.o(x$fpl$fretinf)
    x$fpl$frleqf                             0x08008358   Section       98  frleqf.o(x$fpl$frleqf)
    x$fpl$frsb                               0x080083ba   Section       20  faddsub_clz.o(x$fpl$frsb)
    x$fpl$fsub                               0x080083d0   Section      234  faddsub_clz.o(x$fpl$fsub)
    _fsub1                                   0x080083df   Thumb Code     0  faddsub_clz.o(x$fpl$fsub)
    x$fpl$retnan                             0x080084ba   Section      100  retnan.o(x$fpl$retnan)
    x$fpl$scalbn                             0x0800851e   Section       92  scalbn.o(x$fpl$scalbn)
    x$fpl$trapveneer                         0x0800857a   Section       48  trapv.o(x$fpl$trapveneer)
    .constdata                               0x080085aa   Section     2660  oled.o(.constdata)
    x$fpl$usenofp                            0x080085aa   Section        0  usenofp.o(x$fpl$usenofp)
    .constdata                               0x08009010   Section       80  inv_mpu.o(.constdata)
    .constdata                               0x08009060   Section     3062  inv_mpu_dmp_motion_driver.o(.constdata)
    dmp_memory                               0x08009060   Data        3062  inv_mpu_dmp_motion_driver.o(.constdata)
    .constdata                               0x08009c58   Section      152  atan.o(.constdata)
    atanhi                                   0x08009c58   Data          32  atan.o(.constdata)
    atanlo                                   0x08009c78   Data          32  atan.o(.constdata)
    aTodd                                    0x08009c98   Data          40  atan.o(.constdata)
    aTeven                                   0x08009cc0   Data          48  atan.o(.constdata)
    .constdata                               0x08009cf0   Section        8  qnan.o(.constdata)
    .conststring                             0x08009cf8   Section       78  inv_mpu.o(.conststring)
    .data                                    0x20000000   Section        8  minibalance.o(.data)
    .data                                    0x20000008   Section        4  delay.o(.data)
    fac_us                                   0x20000008   Data           1  delay.o(.data)
    fac_ms                                   0x2000000a   Data           2  delay.o(.data)
    .data                                    0x2000000c   Section       28  usart.o(.data)
    .data                                    0x20000028   Section        4  led.o(.data)
    temp                                     0x20000028   Data           4  led.o(.data)
    .data                                    0x2000002c   Section       14  key.o(.data)
    flag_key                                 0x2000002d   Data           1  key.o(.data)
    count_key                                0x2000002e   Data           1  key.o(.data)
    double_key                               0x2000002f   Data           1  key.o(.data)
    count_single                             0x20000030   Data           2  key.o(.data)
    Forever_count                            0x20000032   Data           2  key.o(.data)
    flag_key                                 0x20000034   Data           1  key.o(.data)
    Long_Press_count                         0x20000036   Data           2  key.o(.data)
    Long_Press                               0x20000038   Data           2  key.o(.data)
    .data                                    0x2000003c   Section       16  infr.o(.data)
    .data                                    0x2000004c   Section        7  motor.o(.data)
    .data                                    0x20000054   Section       44  servos.o(.data)
    .data                                    0x20000080   Section       36  vision.o(.data)
    .data                                    0x200000a4   Section       64  control.o(.data)
    Bias                                     0x200000d8   Data           4  control.o(.data)
    Pwm_output                               0x200000dc   Data           4  control.o(.data)
    Last_bias                                0x200000e0   Data           4  control.o(.data)
    .data                                    0x200000e4   Section       44  inv_mpu.o(.data)
    st                                       0x200000e4   Data          44  inv_mpu.o(.data)
    .data                                    0x20000110   Section       84  filter.o(.data)
    .data                                    0x20000164   Section       60  mpu6050.o(.data)
    gyro_orientation                         0x20000190   Data           9  mpu6050.o(.data)
    .bss                                     0x200001a0   Section     1024  oled.o(.bss)
    .bss                                     0x200005a0   Section       16  inv_mpu_dmp_motion_driver.o(.bss)
    dmp                                      0x200005a0   Data          16  inv_mpu_dmp_motion_driver.o(.bss)
    .bss                                     0x200005b0   Section       16  filter.o(.bss)
    .bss                                     0x200005c0   Section      146  mpu6050.o(.bss)
    .bss                                     0x20000654   Section       96  libspace.o(.bss)
    HEAP                                     0x200006b8   Section      512  startup_stm32f10x_md.o(HEAP)
    Heap_Mem                                 0x200006b8   Data         512  startup_stm32f10x_md.o(HEAP)
    STACK                                    0x200008b8   Section     1024  startup_stm32f10x_md.o(STACK)
    Stack_Mem                                0x200008b8   Data        1024  startup_stm32f10x_md.o(STACK)
    __initial_sp                             0x20000cb8   Data           0  startup_stm32f10x_md.o(STACK)

    Global Symbols

    Symbol Name                              Value     Ov Type        Size  Object(Section)

    BuildAttributes$$THM_ISAv4$P$D$K$B$S$PE$A:L22UL41UL21$X:L11$S22US41US21$IEEE1$IW$USESV6$~STKCKD$USESV7$~SHL$OTIME$ROPI$IEEEX$EBA8$UX$STANDARDLIB$REQ8$PRES8$EABIv2 0x00000000   Number         0  anon$$obj.o ABSOLUTE
    __ARM_use_no_argv                        0x00000000   Number         0  minibalance.o ABSOLUTE
    __ARM_exceptions_init                     - Undefined Weak Reference
    __alloca_initialize                       - Undefined Weak Reference
    __arm_preinit_                            - Undefined Weak Reference
    __cpp_initialize__aeabi_                  - Undefined Weak Reference
    __cxa_finalize                            - Undefined Weak Reference
    __rt_locale                               - Undefined Weak Reference
    __sigvec_lookup                           - Undefined Weak Reference
    _atexit_init                              - Undefined Weak Reference
    _call_atexit_fns                          - Undefined Weak Reference
    _clock_init                               - Undefined Weak Reference
    _fp_trap_init                             - Undefined Weak Reference
    _fp_trap_shutdown                         - Undefined Weak Reference
    _get_lc_collate                           - Undefined Weak Reference
    _get_lc_ctype                             - Undefined Weak Reference
    _get_lc_monetary                          - Undefined Weak Reference
    _get_lc_numeric                           - Undefined Weak Reference
    _get_lc_time                              - Undefined Weak Reference
    _getenv_init                              - Undefined Weak Reference
    _handle_redirection                       - Undefined Weak Reference
    _init_alloc                               - Undefined Weak Reference
    _init_user_alloc                          - Undefined Weak Reference
    _initio                                   - Undefined Weak Reference
    _mutex_acquire                            - Undefined Weak Reference
    _mutex_release                            - Undefined Weak Reference
    _printf_post_padding                      - Undefined Weak Reference
    _printf_pre_padding                       - Undefined Weak Reference
    _printf_truncate_signed                   - Undefined Weak Reference
    _printf_truncate_unsigned                 - Undefined Weak Reference
    _rand_init                                - Undefined Weak Reference
    _signal_finish                            - Undefined Weak Reference
    _signal_init                              - Undefined Weak Reference
    _terminate_alloc                          - Undefined Weak Reference
    _terminate_user_alloc                     - Undefined Weak Reference
    _terminateio                              - Undefined Weak Reference
    __Vectors_Size                           0x000000ec   Number         0  startup_stm32f10x_md.o ABSOLUTE
    __Vectors                                0x08000000   Data           4  startup_stm32f10x_md.o(RESET)
    __Vectors_End                            0x080000ec   Data           0  startup_stm32f10x_md.o(RESET)
    __main                                   0x080000ed   Thumb Code     8  __main.o(!!!main)
    __scatterload                            0x080000f5   Thumb Code     0  __scatter.o(!!!scatter)
    __scatterload_rt2                        0x080000f5   Thumb Code    44  __scatter.o(!!!scatter)
    __scatterload_rt2_thumb_only             0x080000f5   Thumb Code     0  __scatter.o(!!!scatter)
    __scatterload_null                       0x08000103   Thumb Code     0  __scatter.o(!!!scatter)
    __decompress                             0x08000129   Thumb Code    90  __dczerorl2.o(!!dczerorl2)
    __decompress1                            0x08000129   Thumb Code     0  __dczerorl2.o(!!dczerorl2)
    __scatterload_zeroinit                   0x08000185   Thumb Code    28  __scatter_zi.o(!!handler_zi)
    _printf_d                                0x080001a1   Thumb Code     0  _printf_d.o(.ARM.Collect$$_printf_percent$$00000009)
    _printf_percent                          0x080001a1   Thumb Code     0  _printf_percent.o(.ARM.Collect$$_printf_percent$$00000000)
    _printf_percent_end                      0x080001a7   Thumb Code     0  _printf_percent_end.o(.ARM.Collect$$_printf_percent$$00000017)
    __rt_lib_init                            0x080001ab   Thumb Code     0  libinit.o(.ARM.Collect$$libinit$$00000000)
    __rt_lib_init_alloca_1                   0x080001ad   Thumb Code     0  libinit2.o(.ARM.Collect$$libinit$$0000002E)
    __rt_lib_init_argv_1                     0x080001ad   Thumb Code     0  libinit2.o(.ARM.Collect$$libinit$$0000002C)
    __rt_lib_init_atexit_1                   0x080001ad   Thumb Code     0  libinit2.o(.ARM.Collect$$libinit$$0000001B)
    __rt_lib_init_clock_1                    0x080001ad   Thumb Code     0  libinit2.o(.ARM.Collect$$libinit$$00000021)
    __rt_lib_init_cpp_1                      0x080001ad   Thumb Code     0  libinit2.o(.ARM.Collect$$libinit$$00000032)
    __rt_lib_init_exceptions_1               0x080001ad   Thumb Code     0  libinit2.o(.ARM.Collect$$libinit$$00000030)
    __rt_lib_init_fp_1                       0x080001ad   Thumb Code     0  libinit2.o(.ARM.Collect$$libinit$$00000002)
    __rt_lib_init_fp_trap_1                  0x080001ad   Thumb Code     0  libinit2.o(.ARM.Collect$$libinit$$0000001F)
    __rt_lib_init_getenv_1                   0x080001ad   Thumb Code     0  libinit2.o(.ARM.Collect$$libinit$$00000023)
    __rt_lib_init_heap_1                     0x080001ad   Thumb Code     0  libinit2.o(.ARM.Collect$$libinit$$0000000A)
    __rt_lib_init_lc_collate_1               0x080001ad   Thumb Code     0  libinit2.o(.ARM.Collect$$libinit$$00000011)
    __rt_lib_init_lc_ctype_1                 0x080001ad   Thumb Code     0  libinit2.o(.ARM.Collect$$libinit$$00000013)
    __rt_lib_init_lc_monetary_1              0x080001ad   Thumb Code     0  libinit2.o(.ARM.Collect$$libinit$$00000015)
    __rt_lib_init_lc_numeric_1               0x080001ad   Thumb Code     0  libinit2.o(.ARM.Collect$$libinit$$00000017)
    __rt_lib_init_lc_time_1                  0x080001ad   Thumb Code     0  libinit2.o(.ARM.Collect$$libinit$$00000019)
    __rt_lib_init_preinit_1                  0x080001ad   Thumb Code     0  libinit2.o(.ARM.Collect$$libinit$$00000004)
    __rt_lib_init_rand_1                     0x080001ad   Thumb Code     0  libinit2.o(.ARM.Collect$$libinit$$0000000E)
    __rt_lib_init_return                     0x080001ad   Thumb Code     0  libinit2.o(.ARM.Collect$$libinit$$00000033)
    __rt_lib_init_signal_1                   0x080001ad   Thumb Code     0  libinit2.o(.ARM.Collect$$libinit$$0000001D)
    __rt_lib_init_stdio_1                    0x080001ad   Thumb Code     0  libinit2.o(.ARM.Collect$$libinit$$00000025)
    __rt_lib_init_user_alloc_1               0x080001ad   Thumb Code     0  libinit2.o(.ARM.Collect$$libinit$$0000000C)
    __rt_lib_shutdown                        0x080001af   Thumb Code     0  libshutdown.o(.ARM.Collect$$libshutdown$$00000000)
    __rt_lib_shutdown_cpp_1                  0x080001b1   Thumb Code     0  libshutdown2.o(.ARM.Collect$$libshutdown$$00000002)
    __rt_lib_shutdown_fp_trap_1              0x080001b1   Thumb Code     0  libshutdown2.o(.ARM.Collect$$libshutdown$$00000007)
    __rt_lib_shutdown_heap_1                 0x080001b1   Thumb Code     0  libshutdown2.o(.ARM.Collect$$libshutdown$$0000000F)
    __rt_lib_shutdown_return                 0x080001b1   Thumb Code     0  libshutdown2.o(.ARM.Collect$$libshutdown$$00000010)
    __rt_lib_shutdown_signal_1               0x080001b1   Thumb Code     0  libshutdown2.o(.ARM.Collect$$libshutdown$$0000000A)
    __rt_lib_shutdown_stdio_1                0x080001b1   Thumb Code     0  libshutdown2.o(.ARM.Collect$$libshutdown$$00000004)
    __rt_lib_shutdown_user_alloc_1           0x080001b1   Thumb Code     0  libshutdown2.o(.ARM.Collect$$libshutdown$$0000000C)
    __rt_entry                               0x080001b3   Thumb Code     0  __rtentry.o(.ARM.Collect$$rtentry$$00000000)
    __rt_entry_presh_1                       0x080001b3   Thumb Code     0  __rtentry2.o(.ARM.Collect$$rtentry$$00000002)
    __rt_entry_sh                            0x080001b3   Thumb Code     0  __rtentry4.o(.ARM.Collect$$rtentry$$00000004)
    __rt_entry_li                            0x080001b9   Thumb Code     0  __rtentry2.o(.ARM.Collect$$rtentry$$0000000A)
    __rt_entry_postsh_1                      0x080001b9   Thumb Code     0  __rtentry2.o(.ARM.Collect$$rtentry$$00000009)
    __rt_entry_main                          0x080001bd   Thumb Code     0  __rtentry2.o(.ARM.Collect$$rtentry$$0000000D)
    __rt_entry_postli_1                      0x080001bd   Thumb Code     0  __rtentry2.o(.ARM.Collect$$rtentry$$0000000C)
    __rt_exit                                0x080001c5   Thumb Code     0  rtexit.o(.ARM.Collect$$rtexit$$00000000)
    __rt_exit_ls                             0x080001c7   Thumb Code     0  rtexit2.o(.ARM.Collect$$rtexit$$00000003)
    __rt_exit_prels_1                        0x080001c7   Thumb Code     0  rtexit2.o(.ARM.Collect$$rtexit$$00000002)
    __rt_exit_exit                           0x080001cb   Thumb Code     0  rtexit2.o(.ARM.Collect$$rtexit$$00000004)
    WFI_SET                                  0x080001d1   Thumb Code     2  sys.o(.emb_text)
    INTX_DISABLE                             0x080001d3   Thumb Code     2  sys.o(.emb_text)
    INTX_ENABLE                              0x080001d5   Thumb Code     2  sys.o(.emb_text)
    MSR_MSP                                  0x080001d7   Thumb Code     6  sys.o(.emb_text)
    Reset_Handler                            0x080001dd   Thumb Code     4  startup_stm32f10x_md.o(.text)
    NMI_Handler                              0x080001e1   Thumb Code     2  startup_stm32f10x_md.o(.text)
    HardFault_Handler                        0x080001e3   Thumb Code     2  startup_stm32f10x_md.o(.text)
    MemManage_Handler                        0x080001e5   Thumb Code     2  startup_stm32f10x_md.o(.text)
    BusFault_Handler                         0x080001e7   Thumb Code     2  startup_stm32f10x_md.o(.text)
    UsageFault_Handler                       0x080001e9   Thumb Code     2  startup_stm32f10x_md.o(.text)
    SVC_Handler                              0x080001eb   Thumb Code     2  startup_stm32f10x_md.o(.text)
    DebugMon_Handler                         0x080001ed   Thumb Code     2  startup_stm32f10x_md.o(.text)
    PendSV_Handler                           0x080001ef   Thumb Code     2  startup_stm32f10x_md.o(.text)
    SysTick_Handler                          0x080001f1   Thumb Code     2  startup_stm32f10x_md.o(.text)
    ADC1_2_IRQHandler                        0x080001f3   Thumb Code     0  startup_stm32f10x_md.o(.text)
    CAN1_RX1_IRQHandler                      0x080001f3   Thumb Code     0  startup_stm32f10x_md.o(.text)
    CAN1_SCE_IRQHandler                      0x080001f3   Thumb Code     0  startup_stm32f10x_md.o(.text)
    DMA1_Channel1_IRQHandler                 0x080001f3   Thumb Code     0  startup_stm32f10x_md.o(.text)
    DMA1_Channel2_IRQHandler                 0x080001f3   Thumb Code     0  startup_stm32f10x_md.o(.text)
    DMA1_Channel3_IRQHandler                 0x080001f3   Thumb Code     0  startup_stm32f10x_md.o(.text)
    DMA1_Channel4_IRQHandler                 0x080001f3   Thumb Code     0  startup_stm32f10x_md.o(.text)
    DMA1_Channel5_IRQHandler                 0x080001f3   Thumb Code     0  startup_stm32f10x_md.o(.text)
    DMA1_Channel6_IRQHandler                 0x080001f3   Thumb Code     0  startup_stm32f10x_md.o(.text)
    DMA1_Channel7_IRQHandler                 0x080001f3   Thumb Code     0  startup_stm32f10x_md.o(.text)
    EXTI0_IRQHandler                         0x080001f3   Thumb Code     0  startup_stm32f10x_md.o(.text)
    EXTI2_IRQHandler                         0x080001f3   Thumb Code     0  startup_stm32f10x_md.o(.text)
    EXTI3_IRQHandler                         0x080001f3   Thumb Code     0  startup_stm32f10x_md.o(.text)
    EXTI4_IRQHandler                         0x080001f3   Thumb Code     0  startup_stm32f10x_md.o(.text)
    FLASH_IRQHandler                         0x080001f3   Thumb Code     0  startup_stm32f10x_md.o(.text)
    I2C1_ER_IRQHandler                       0x080001f3   Thumb Code     0  startup_stm32f10x_md.o(.text)
    I2C1_EV_IRQHandler                       0x080001f3   Thumb Code     0  startup_stm32f10x_md.o(.text)
    I2C2_ER_IRQHandler                       0x080001f3   Thumb Code     0  startup_stm32f10x_md.o(.text)
    I2C2_EV_IRQHandler                       0x080001f3   Thumb Code     0  startup_stm32f10x_md.o(.text)
    PVD_IRQHandler                           0x080001f3   Thumb Code     0  startup_stm32f10x_md.o(.text)
    RCC_IRQHandler                           0x080001f3   Thumb Code     0  startup_stm32f10x_md.o(.text)
    RTCAlarm_IRQHandler                      0x080001f3   Thumb Code     0  startup_stm32f10x_md.o(.text)
    RTC_IRQHandler                           0x080001f3   Thumb Code     0  startup_stm32f10x_md.o(.text)
    SPI1_IRQHandler                          0x080001f3   Thumb Code     0  startup_stm32f10x_md.o(.text)
    SPI2_IRQHandler                          0x080001f3   Thumb Code     0  startup_stm32f10x_md.o(.text)
    TAMPER_IRQHandler                        0x080001f3   Thumb Code     0  startup_stm32f10x_md.o(.text)
    TIM1_BRK_IRQHandler                      0x080001f3   Thumb Code     0  startup_stm32f10x_md.o(.text)
    TIM1_CC_IRQHandler                       0x080001f3   Thumb Code     0  startup_stm32f10x_md.o(.text)
    TIM1_TRG_COM_IRQHandler                  0x080001f3   Thumb Code     0  startup_stm32f10x_md.o(.text)
    TIM2_IRQHandler                          0x080001f3   Thumb Code     0  startup_stm32f10x_md.o(.text)
    TIM3_IRQHandler                          0x080001f3   Thumb Code     0  startup_stm32f10x_md.o(.text)
    TIM4_IRQHandler                          0x080001f3   Thumb Code     0  startup_stm32f10x_md.o(.text)
    USART3_IRQHandler                        0x080001f3   Thumb Code     0  startup_stm32f10x_md.o(.text)
    USBWakeUp_IRQHandler                     0x080001f3   Thumb Code     0  startup_stm32f10x_md.o(.text)
    USB_HP_CAN1_TX_IRQHandler                0x080001f3   Thumb Code     0  startup_stm32f10x_md.o(.text)
    USB_LP_CAN1_RX0_IRQHandler               0x080001f3   Thumb Code     0  startup_stm32f10x_md.o(.text)
    WWDG_IRQHandler                          0x080001f3   Thumb Code     0  startup_stm32f10x_md.o(.text)
    __user_initial_stackheap                 0x080001f5   Thumb Code     0  startup_stm32f10x_md.o(.text)
    main                                     0x08000215   Thumb Code   300  minibalance.o(.text)
    delay_init                               0x08000361   Thumb Code    56  delay.o(.text)
    delay_us                                 0x08000399   Thumb Code    56  delay.o(.text)
    delay_ms                                 0x080003d1   Thumb Code    56  delay.o(.text)
    MY_NVIC_SetVectorTable                   0x08000411   Thumb Code    12  sys.o(.text)
    MY_NVIC_PriorityGroupConfig              0x0800041d   Thumb Code    36  sys.o(.text)
    MY_NVIC_Init                             0x08000441   Thumb Code   116  sys.o(.text)
    Ex_NVIC_Config                           0x080004b5   Thumb Code   146  sys.o(.text)
    MYRCC_DeInit                             0x08000547   Thumb Code    90  sys.o(.text)
    Sys_Standby                              0x080005a1   Thumb Code    68  sys.o(.text)
    Sys_Soft_Reset                           0x080005e5   Thumb Code    12  sys.o(.text)
    JTAG_Set                                 0x080005f1   Thumb Code    42  sys.o(.text)
    Stm32_Clock_Init                         0x0800061b   Thumb Code   134  sys.o(.text)
    _sys_exit                                0x080006cd   Thumb Code     6  usart.o(.text)
    fputc                                    0x080006d3   Thumb Code    24  usart.o(.text)
    uart_init                                0x080006eb   Thumb Code   214  usart.o(.text)
    get_qr_code                              0x080007c1   Thumb Code   138  usart.o(.text)
    USART1_IRQHandler                        0x0800084b   Thumb Code    72  usart.o(.text)
    IIC_Init                                 0x080008c5   Thumb Code    42  ioi2c.o(.text)
    IIC_Start                                0x080008ef   Thumb Code    92  ioi2c.o(.text)
    IIC_Stop                                 0x0800094b   Thumb Code    64  ioi2c.o(.text)
    IIC_Wait_Ack                             0x0800098b   Thumb Code    92  ioi2c.o(.text)
    IIC_Ack                                  0x080009e7   Thumb Code    68  ioi2c.o(.text)
    IIC_NAck                                 0x08000a2b   Thumb Code    66  ioi2c.o(.text)
    IIC_Send_Byte                            0x08000a6d   Thumb Code    90  ioi2c.o(.text)
    i2cWrite                                 0x08000ac7   Thumb Code    96  ioi2c.o(.text)
    IIC_Read_Byte                            0x08000b27   Thumb Code   100  ioi2c.o(.text)
    i2cRead                                  0x08000b8b   Thumb Code   118  ioi2c.o(.text)
    I2C_ReadOneByte                          0x08000c01   Thumb Code    70  ioi2c.o(.text)
    IICreadBytes                             0x08000c47   Thumb Code   118  ioi2c.o(.text)
    IICwriteBytes                            0x08000cbd   Thumb Code    70  ioi2c.o(.text)
    IICreadByte                              0x08000d03   Thumb Code    22  ioi2c.o(.text)
    IICwriteByte                             0x08000d19   Thumb Code    20  ioi2c.o(.text)
    IICwriteBits                             0x08000d2d   Thumb Code   106  ioi2c.o(.text)
    IICwriteBit                              0x08000d97   Thumb Code    64  ioi2c.o(.text)
    Timer1_Init                              0x08000dd9   Thumb Code    82  timer.o(.text)
    LED_Init                                 0x08000e35   Thumb Code    52  led.o(.text)
    Led_Flash                                0x08000e69   Thumb Code    44  led.o(.text)
    OLED_WR_Byte                             0x08000ea9   Thumb Code    78  oled.o(.text)
    OLED_Refresh_Gram                        0x08000ef7   Thumb Code    70  oled.o(.text)
    OLED_Display_On                          0x08000f3d   Thumb Code    28  oled.o(.text)
    OLED_Display_Off                         0x08000f59   Thumb Code    28  oled.o(.text)
    OLED_Clear                               0x08000f75   Thumb Code    42  oled.o(.text)
    OLED_DrawPoint                           0x08000f9f   Thumb Code   100  oled.o(.text)
    OLED_ShowChar                            0x08001003   Thumb Code   158  oled.o(.text)
    oled_pow                                 0x080010a1   Thumb Code    22  oled.o(.text)
    OLED_ShowNumber                          0x080010b7   Thumb Code   148  oled.o(.text)
    OLED_ShowString                          0x0800114b   Thumb Code    68  oled.o(.text)
    OLED_Init                                0x0800118f   Thumb Code   348  oled.o(.text)
    KEY_Init                                 0x080012ed   Thumb Code    76  key.o(.text)
    EXTI9_5_IRQHandler                       0x08001339   Thumb Code    58  key.o(.text)
    click_N_Double                           0x08001373   Thumb Code   184  key.o(.text)
    click                                    0x0800142b   Thumb Code    52  key.o(.text)
    Long_Press                               0x0800145f   Thumb Code    72  key.o(.text)
    infr_Init                                0x080014e1   Thumb Code   176  infr.o(.text)
    EXTI_Init                                0x08001591   Thumb Code   140  infr.o(.text)
    EXTI15_10_IRQHandler                     0x0800161d   Thumb Code   370  infr.o(.text)
    EXTI1_IRQHandler                         0x0800178f   Thumb Code    58  infr.o(.text)
    infr_control                             0x080017c9   Thumb Code   394  infr.o(.text)
    usart2_send                              0x08001959   Thumb Code    22  usart2.o(.text)
    uart2_init                               0x0800196f   Thumb Code   228  usart2.o(.text)
    chassis_init                             0x08001a69   Thumb Code   104  motor.o(.text)
    chassis_forwrd                           0x08001ad1   Thumb Code    58  motor.o(.text)
    chassis_turn_right                       0x08001b0b   Thumb Code    58  motor.o(.text)
    chassis_turn_left                        0x08001b45   Thumb Code    60  motor.o(.text)
    chassis_back                             0x08001b81   Thumb Code    60  motor.o(.text)
    chassis_left_translation                 0x08001bbd   Thumb Code    62  motor.o(.text)
    chassis_right_translation                0x08001bfb   Thumb Code    56  motor.o(.text)
    chassis_angle_control                    0x08001c33   Thumb Code   246  motor.o(.text)
    mix                                      0x08001d29   Thumb Code     2  motor.o(.text)
    TIM3_PWM_init                            0x08001d65   Thumb Code   228  pwm.o(.text)
    set_motor_pwm                            0x08001e49   Thumb Code    86  pwm.o(.text)
    pca_write1                               0x08001eb1   Thumb Code    46  pca9685.o(.text)
    pca_read1                                0x08001edf   Thumb Code    58  pca9685.o(.text)
    pca_reset1                               0x08001f19   Thumb Code    12  pca9685.o(.text)
    pca_setfreq1                             0x08001f25   Thumb Code   180  pca9685.o(.text)
    pca_setpwm1                              0x08001fd9   Thumb Code    62  pca9685.o(.text)
    pca_write2                               0x08002017   Thumb Code    46  pca9685.o(.text)
    pca_read2                                0x08002045   Thumb Code    58  pca9685.o(.text)
    pca_reset2                               0x0800207f   Thumb Code    16  pca9685.o(.text)
    pca_setfreq2                             0x0800208f   Thumb Code   180  pca9685.o(.text)
    pca_setpwm2                              0x08002143   Thumb Code    62  pca9685.o(.text)
    servos_param_init                        0x08002199   Thumb Code     2  servos.o(.text)
    servos_control                           0x0800219b   Thumb Code     2  servos.o(.text)
    degree2duty_270                          0x0800219d   Thumb Code    38  servos.o(.text)
    degree2duty_180                          0x080021c3   Thumb Code    42  servos.o(.text)
    grab_right_material                      0x080021ed   Thumb Code    94  servos.o(.text)
    grab_left_material                       0x0800224b   Thumb Code    94  servos.o(.text)
    grab_mid_material                        0x080022a9   Thumb Code    94  servos.o(.text)
    servos_init                              0x08002307   Thumb Code    76  servos.o(.text)
    grab_slowly                              0x08002353   Thumb Code   228  servos.o(.text)
    servos_ready_grab                        0x08002437   Thumb Code    92  servos.o(.text)
    grab_firmly                              0x08002493   Thumb Code    46  servos.o(.text)
    Data_Transform                           0x080024ed   Thumb Code    50  vision.o(.text)
    get_vision_data                          0x0800251f   Thumb Code    58  vision.o(.text)
    get_tick                                 0x08002559   Thumb Code    16  vision.o(.text)
    USART2_IRQHandler                        0x08002569   Thumb Code   138  vision.o(.text)
    grab_unpack                              0x080025f3   Thumb Code   102  vision.o(.text)
    put_material                             0x08002659   Thumb Code     2  vision.o(.text)
    vision_status_detection                  0x0800265b   Thumb Code    34  vision.o(.text)
    vision_pid_control                       0x0800267d   Thumb Code    38  vision.o(.text)
    vision_control                           0x080026a3   Thumb Code    74  vision.o(.text)
    openmv_start_init                        0x080026ed   Thumb Code    48  vision.o(.text)
    start_openmv                             0x0800271d   Thumb Code     8  vision.o(.text)
    car_locate                               0x08002785   Thumb Code   206  control.o(.text)
    straight_control                         0x08002853   Thumb Code   156  control.o(.text)
    car_mode_select                          0x080028ef   Thumb Code    84  control.o(.text)
    TIM1_UP_IRQHandler                       0x08002943   Thumb Code   128  control.o(.text)
    go_to_scan_QR                            0x080029c3   Thumb Code   248  control.o(.text)
    go_to_scan_QR_1                          0x08002abb   Thumb Code   278  control.o(.text)
    grab_task                                0x08002bd1   Thumb Code   722  control.o(.text)
    car_locate_control                       0x08002ea3   Thumb Code   374  control.o(.text)
    task_planning                            0x08003019   Thumb Code    84  control.o(.text)
    Get_Angle                                0x0800306d   Thumb Code   324  control.o(.text)
    param_init                               0x080031b1   Thumb Code    56  control.o(.text)
    mpu_reg_dump                             0x080032bf   Thumb Code    72  inv_mpu.o(.text)
    mpu_read_reg                             0x08003307   Thumb Code    66  inv_mpu.o(.text)
    mpu_set_int_latched                      0x08003349   Thumb Code   102  inv_mpu.o(.text)
    mpu_set_sensors                          0x080033af   Thumb Code   202  inv_mpu.o(.text)
    mpu_set_bypass                           0x08003479   Thumb Code   328  inv_mpu.o(.text)
    mpu_reset_fifo                           0x080035c1   Thumb Code   444  inv_mpu.o(.text)
    mpu_configure_fifo                       0x0800377d   Thumb Code   106  inv_mpu.o(.text)
    mpu_set_lpf                              0x080037e7   Thumb Code   126  inv_mpu.o(.text)
    mpu_lp_accel_mode                        0x08003865   Thumb Code   218  inv_mpu.o(.text)
    mpu_set_sample_rate                      0x0800393f   Thumb Code   152  inv_mpu.o(.text)
    mpu_set_accel_fsr                        0x080039d7   Thumb Code   132  inv_mpu.o(.text)
    mpu_set_gyro_fsr                         0x08003a5b   Thumb Code   132  inv_mpu.o(.text)
    mpu_init                                 0x08003adf   Thumb Code   416  inv_mpu.o(.text)
    myget_ms                                 0x08003c7f   Thumb Code     2  inv_mpu.o(.text)
    mpu_get_gyro_reg                         0x08003c81   Thumb Code   110  inv_mpu.o(.text)
    mpu_get_accel_reg                        0x08003cef   Thumb Code   110  inv_mpu.o(.text)
    mpu_get_temperature                      0x08003d5d   Thumb Code   150  inv_mpu.o(.text)
    mpu_set_accel_bias                       0x08003df3   Thumb Code   468  inv_mpu.o(.text)
    mpu_get_gyro_fsr                         0x08003fc7   Thumb Code    64  inv_mpu.o(.text)
    mpu_get_accel_fsr                        0x08004007   Thumb Code    72  inv_mpu.o(.text)
    mpu_get_lpf                              0x0800404f   Thumb Code    74  inv_mpu.o(.text)
    mpu_get_sample_rate                      0x08004099   Thumb Code    26  inv_mpu.o(.text)
    mpu_get_compass_sample_rate              0x080040b3   Thumb Code    10  inv_mpu.o(.text)
    mpu_set_compass_sample_rate              0x080040bd   Thumb Code     8  inv_mpu.o(.text)
    mpu_get_gyro_sens                        0x080040c5   Thumb Code    58  inv_mpu.o(.text)
    mpu_get_accel_sens                       0x080040ff   Thumb Code    78  inv_mpu.o(.text)
    mpu_get_fifo_config                      0x0800414d   Thumb Code    12  inv_mpu.o(.text)
    mpu_get_power_state                      0x08004159   Thumb Code    22  inv_mpu.o(.text)
    mpu_get_int_status                       0x0800416f   Thumb Code    64  inv_mpu.o(.text)
    mpu_read_fifo                            0x080041af   Thumb Code   520  inv_mpu.o(.text)
    mpu_read_fifo_stream                     0x080043b7   Thumb Code   186  inv_mpu.o(.text)
    mpu_set_int_level                        0x08004471   Thumb Code    12  inv_mpu.o(.text)
    mpu_set_dmp_state                        0x08004b51   Thumb Code   138  inv_mpu.o(.text)
    mpu_run_self_test                        0x08004bdb   Thumb Code   278  inv_mpu.o(.text)
    mpu_write_mem                            0x08004cf1   Thumb Code   122  inv_mpu.o(.text)
    mpu_read_mem                             0x08004d6b   Thumb Code   122  inv_mpu.o(.text)
    mpu_load_firmware                        0x08004de5   Thumb Code   190  inv_mpu.o(.text)
    mpu_get_dmp_state                        0x08004ea3   Thumb Code    14  inv_mpu.o(.text)
    mpu_get_compass_reg                      0x08004eb1   Thumb Code     8  inv_mpu.o(.text)
    mpu_get_compass_fsr                      0x08004eb9   Thumb Code     8  inv_mpu.o(.text)
    mpu_lp_motion_interrupt                  0x08004ec1   Thumb Code   512  inv_mpu.o(.text)
    dmp_load_motion_driver_firmware          0x080050c5   Thumb Code    20  inv_mpu_dmp_motion_driver.o(.text)
    dmp_set_orientation                      0x080050d9   Thumb Code   290  inv_mpu_dmp_motion_driver.o(.text)
    dmp_set_gyro_bias                        0x080051fb   Thumb Code   294  inv_mpu_dmp_motion_driver.o(.text)
    dmp_set_accel_bias                       0x08005321   Thumb Code   300  inv_mpu_dmp_motion_driver.o(.text)
    dmp_set_fifo_rate                        0x0800544d   Thumb Code   136  inv_mpu_dmp_motion_driver.o(.text)
    dmp_get_fifo_rate                        0x080054d5   Thumb Code    12  inv_mpu_dmp_motion_driver.o(.text)
    dmp_set_tap_thresh                       0x080054e1   Thumb Code   396  inv_mpu_dmp_motion_driver.o(.text)
    dmp_set_tap_axes                         0x0800566d   Thumb Code    70  inv_mpu_dmp_motion_driver.o(.text)
    dmp_set_tap_count                        0x080056b3   Thumb Code    38  inv_mpu_dmp_motion_driver.o(.text)
    dmp_set_tap_time                         0x080056d9   Thumb Code    38  inv_mpu_dmp_motion_driver.o(.text)
    dmp_set_tap_time_multi                   0x080056ff   Thumb Code    38  inv_mpu_dmp_motion_driver.o(.text)
    dmp_set_shake_reject_thresh              0x08005725   Thumb Code    56  inv_mpu_dmp_motion_driver.o(.text)
    dmp_set_shake_reject_time                0x0800575d   Thumb Code    38  inv_mpu_dmp_motion_driver.o(.text)
    dmp_set_shake_reject_timeout             0x08005783   Thumb Code    38  inv_mpu_dmp_motion_driver.o(.text)
    dmp_get_pedometer_step_count             0x080057a9   Thumb Code    66  inv_mpu_dmp_motion_driver.o(.text)
    dmp_set_pedometer_step_count             0x080057eb   Thumb Code    42  inv_mpu_dmp_motion_driver.o(.text)
    dmp_get_pedometer_walk_time              0x08005815   Thumb Code    72  inv_mpu_dmp_motion_driver.o(.text)
    dmp_set_pedometer_walk_time              0x0800585d   Thumb Code    48  inv_mpu_dmp_motion_driver.o(.text)
    dmp_enable_6x_lp_quat                    0x0800588d   Thumb Code    84  inv_mpu_dmp_motion_driver.o(.text)
    dmp_enable_lp_quat                       0x080058e1   Thumb Code    60  inv_mpu_dmp_motion_driver.o(.text)
    dmp_enable_gyro_cal                      0x0800591d   Thumb Code    62  inv_mpu_dmp_motion_driver.o(.text)
    dmp_enable_feature                       0x0800595b   Thumb Code   530  inv_mpu_dmp_motion_driver.o(.text)
    dmp_get_enabled_features                 0x08005b6d   Thumb Code    12  inv_mpu_dmp_motion_driver.o(.text)
    dmp_set_interrupt_mode                   0x08005bd7   Thumb Code    66  inv_mpu_dmp_motion_driver.o(.text)
    dmp_read_fifo                            0x08005c19   Thumb Code   514  inv_mpu_dmp_motion_driver.o(.text)
    dmp_register_tap_cb                      0x08005e1b   Thumb Code    10  inv_mpu_dmp_motion_driver.o(.text)
    dmp_register_android_orient_cb           0x08005e25   Thumb Code    10  inv_mpu_dmp_motion_driver.o(.text)
    Kalman_Filter                            0x08005e35   Thumb Code   558  filter.o(.text)
    Yijielvbo                                0x08006063   Thumb Code   132  filter.o(.text)
    MPU6050_newValues                        0x08006249   Thumb Code   494  mpu6050.o(.text)
    MPU6050_setClockSource                   0x08006437   Thumb Code    20  mpu6050.o(.text)
    MPU6050_setFullScaleGyroRange            0x0800644b   Thumb Code    20  mpu6050.o(.text)
    MPU6050_setFullScaleAccelRange           0x0800645f   Thumb Code    20  mpu6050.o(.text)
    MPU6050_setSleepEnabled                  0x08006473   Thumb Code    18  mpu6050.o(.text)
    MPU6050_getDeviceID                      0x08006485   Thumb Code    20  mpu6050.o(.text)
    MPU6050_testConnection                   0x08006499   Thumb Code    18  mpu6050.o(.text)
    MPU6050_setI2CMasterModeEnabled          0x080064ab   Thumb Code    18  mpu6050.o(.text)
    MPU6050_setI2CBypassEnabled              0x080064bd   Thumb Code    18  mpu6050.o(.text)
    MPU6050_initialize                       0x080064cf   Thumb Code    40  mpu6050.o(.text)
    DMP_Init                                 0x080064f7   Thumb Code   194  mpu6050.o(.text)
    Read_DMP                                 0x080065b9   Thumb Code   708  mpu6050.o(.text)
    Read_Temperature                         0x0800687d   Thumb Code   110  mpu6050.o(.text)
    __use_no_semihosting                     0x08006919   Thumb Code     2  use_no_semi_2.o(.text)
    __aeabi_ldivmod                          0x0800691b   Thumb Code     0  llsdiv.o(.text)
    _ll_sdiv                                 0x0800691b   Thumb Code    72  llsdiv.o(.text)
    __2printf                                0x08006965   Thumb Code    20  noretval__2printf.o(.text)
    __printf                                 0x0800697d   Thumb Code   104  __printf.o(.text)
    _printf_int_dec                          0x080069e5   Thumb Code   104  _printf_dec.o(.text)
    memcmp                                   0x08006a5d   Thumb Code    88  memcmp.o(.text)
    __aeabi_memset                           0x08006ab5   Thumb Code    16  aeabi_memset.o(.text)
    __use_two_region_memory                  0x08006ac5   Thumb Code     2  heapauxi.o(.text)
    __rt_heap_escrow$2region                 0x08006ac7   Thumb Code     2  heapauxi.o(.text)
    __rt_heap_expand$2region                 0x08006ac9   Thumb Code     2  heapauxi.o(.text)
    __I$use$semihosting                      0x08006acb   Thumb Code     0  use_no_semi.o(.text)
    __use_no_semihosting_swi                 0x08006acb   Thumb Code     2  use_no_semi.o(.text)
    __aeabi_uldivmod                         0x08006acd   Thumb Code     0  lludivv7m.o(.text)
    _ll_udiv                                 0x08006acd   Thumb Code   238  lludivv7m.o(.text)
    _printf_int_common                       0x08006bbb   Thumb Code   178  _printf_intcommon.o(.text)
    _printf_char_file                        0x08006c6d   Thumb Code    32  _printf_char_file.o(.text)
    __aeabi_memclr                           0x08006c91   Thumb Code     0  rt_memclr.o(.text)
    __rt_memclr                              0x08006c91   Thumb Code    68  rt_memclr.o(.text)
    _memset                                  0x08006c95   Thumb Code     0  rt_memclr.o(.text)
    _printf_char_common                      0x08006cdf   Thumb Code    32  _printf_char_common.o(.text)
    ferror                                   0x08006d05   Thumb Code     8  ferror.o(.text)
    __aeabi_memclr4                          0x08006d0d   Thumb Code     0  rt_memclr_w.o(.text)
    __aeabi_memclr8                          0x08006d0d   Thumb Code     0  rt_memclr_w.o(.text)
    __rt_memclr_w                            0x08006d0d   Thumb Code    78  rt_memclr_w.o(.text)
    _memset_w                                0x08006d11   Thumb Code     0  rt_memclr_w.o(.text)
    __user_libspace                          0x08006d5d   Thumb Code     8  libspace.o(.text)
    __user_perproc_libspace                  0x08006d5d   Thumb Code     0  libspace.o(.text)
    __user_perthread_libspace                0x08006d5d   Thumb Code     0  libspace.o(.text)
    __user_setup_stackheap                   0x08006d65   Thumb Code    74  sys_stackheap_outer.o(.text)
    exit                                     0x08006daf   Thumb Code    18  exit.o(.text)
    __ARM_fpclassify                         0x08006dc1   Thumb Code    40  fpclassify.o(i.__ARM_fpclassify)
    __kernel_poly                            0x08006de9   Thumb Code   170  poly.o(i.__kernel_poly)
    __mathlib_dbl_infnan                     0x08006e93   Thumb Code     6  dunder.o(i.__mathlib_dbl_infnan)
    __mathlib_dbl_infnan2                    0x08006e99   Thumb Code     4  dunder.o(i.__mathlib_dbl_infnan2)
    __mathlib_dbl_underflow                  0x08006e9d   Thumb Code    10  dunder.o(i.__mathlib_dbl_underflow)
    atan                                     0x08006ead   Thumb Code   474  atan.o(i.atan)
    atan2                                    0x080070cd   Thumb Code   346  atan2.o(i.atan2)
    floor                                    0x0800724d   Thumb Code   204  floor.o(i.floor)
    __aeabi_d2f                              0x08007329   Thumb Code     0  d2f.o(x$fpl$d2f)
    _d2f                                     0x08007329   Thumb Code    98  d2f.o(x$fpl$d2f)
    __aeabi_dadd                             0x0800738d   Thumb Code     0  daddsub_clz.o(x$fpl$dadd)
    _dadd                                    0x0800738d   Thumb Code   332  daddsub_clz.o(x$fpl$dadd)
    __fpl_dcheck_NaN1                        0x080074dd   Thumb Code    10  dcheck1.o(x$fpl$dcheck1)
    __fpl_dcmp_Inf                           0x080074ed   Thumb Code    24  dcmpi.o(x$fpl$dcmpinf)
    __aeabi_ddiv                             0x08007505   Thumb Code     0  ddiv.o(x$fpl$ddiv)
    _ddiv                                    0x08007505   Thumb Code   552  ddiv.o(x$fpl$ddiv)
    __aeabi_d2iz                             0x080077b5   Thumb Code     0  dfix.o(x$fpl$dfix)
    _dfix                                    0x080077b5   Thumb Code    94  dfix.o(x$fpl$dfix)
    __aeabi_d2uiz                            0x08007815   Thumb Code     0  dfixu.o(x$fpl$dfixu)
    _dfixu                                   0x08007815   Thumb Code    90  dfixu.o(x$fpl$dfixu)
    __aeabi_i2d                              0x0800786f   Thumb Code     0  dflt_clz.o(x$fpl$dflt)
    _dflt                                    0x0800786f   Thumb Code    46  dflt_clz.o(x$fpl$dflt)
    __aeabi_cdcmple                          0x0800789d   Thumb Code     0  dleqf.o(x$fpl$dleqf)
    _dcmple                                  0x0800789d   Thumb Code   120  dleqf.o(x$fpl$dleqf)
    __fpl_dcmple_InfNaN                      0x080078ff   Thumb Code     0  dleqf.o(x$fpl$dleqf)
    __aeabi_dmul                             0x08007915   Thumb Code     0  dmul.o(x$fpl$dmul)
    _dmul                                    0x08007915   Thumb Code   332  dmul.o(x$fpl$dmul)
    __fpl_dnaninf                            0x08007a69   Thumb Code   156  dnaninf.o(x$fpl$dnaninf)
    __fpl_dretinf                            0x08007b05   Thumb Code    12  dretinf.o(x$fpl$dretinf)
    __aeabi_cdrcmple                         0x08007b11   Thumb Code     0  drleqf.o(x$fpl$drleqf)
    _drcmple                                 0x08007b11   Thumb Code   108  drleqf.o(x$fpl$drleqf)
    __aeabi_drsub                            0x08007b7d   Thumb Code     0  daddsub_clz.o(x$fpl$drsb)
    _drsb                                    0x08007b7d   Thumb Code    22  daddsub_clz.o(x$fpl$drsb)
    __aeabi_dsub                             0x08007b95   Thumb Code     0  daddsub_clz.o(x$fpl$dsub)
    _dsub                                    0x08007b95   Thumb Code   464  daddsub_clz.o(x$fpl$dsub)
    __aeabi_f2d                              0x08007d69   Thumb Code     0  f2d.o(x$fpl$f2d)
    _f2d                                     0x08007d69   Thumb Code    86  f2d.o(x$fpl$f2d)
    __aeabi_fadd                             0x08007dc1   Thumb Code     0  faddsub_clz.o(x$fpl$fadd)
    _fadd                                    0x08007dc1   Thumb Code   196  faddsub_clz.o(x$fpl$fadd)
    __fpl_fcmp_Inf                           0x08007e85   Thumb Code    24  fcmpi.o(x$fpl$fcmpinf)
    __aeabi_fdiv                             0x08007e9d   Thumb Code     0  fdiv.o(x$fpl$fdiv)
    _fdiv                                    0x08007e9d   Thumb Code   384  fdiv.o(x$fpl$fdiv)
    __aeabi_cfcmpeq                          0x08008021   Thumb Code     0  feqf.o(x$fpl$feqf)
    _fcmpeq                                  0x08008021   Thumb Code   104  feqf.o(x$fpl$feqf)
    __aeabi_f2iz                             0x08008089   Thumb Code     0  ffix.o(x$fpl$ffix)
    _ffix                                    0x08008089   Thumb Code    54  ffix.o(x$fpl$ffix)
    __aeabi_f2uiz                            0x080080c1   Thumb Code     0  ffixu.o(x$fpl$ffixu)
    _ffixu                                   0x080080c1   Thumb Code    62  ffixu.o(x$fpl$ffixu)
    __aeabi_i2f                              0x08008101   Thumb Code     0  fflt_clz.o(x$fpl$fflt)
    _fflt                                    0x08008101   Thumb Code    48  fflt_clz.o(x$fpl$fflt)
    __aeabi_ui2f                             0x08008131   Thumb Code     0  fflt_clz.o(x$fpl$ffltu)
    _ffltu                                   0x08008131   Thumb Code    38  fflt_clz.o(x$fpl$ffltu)
    __aeabi_cfcmple                          0x08008159   Thumb Code     0  fleqf.o(x$fpl$fleqf)
    _fcmple                                  0x08008159   Thumb Code   104  fleqf.o(x$fpl$fleqf)
    __fpl_fcmple_InfNaN                      0x080081ab   Thumb Code     0  fleqf.o(x$fpl$fleqf)
    __aeabi_fmul                             0x080081c1   Thumb Code     0  fmul.o(x$fpl$fmul)
    _fmul                                    0x080081c1   Thumb Code   258  fmul.o(x$fpl$fmul)
    __fpl_fnaninf                            0x080082c3   Thumb Code   140  fnaninf.o(x$fpl$fnaninf)
    __fpl_fretinf                            0x0800834f   Thumb Code    10  fretinf.o(x$fpl$fretinf)
    __aeabi_cfrcmple                         0x08008359   Thumb Code     0  frleqf.o(x$fpl$frleqf)
    _frcmple                                 0x08008359   Thumb Code    98  frleqf.o(x$fpl$frleqf)
    __aeabi_frsub                            0x080083bb   Thumb Code     0  faddsub_clz.o(x$fpl$frsb)
    _frsb                                    0x080083bb   Thumb Code    20  faddsub_clz.o(x$fpl$frsb)
    __aeabi_fsub                             0x080083d1   Thumb Code     0  faddsub_clz.o(x$fpl$fsub)
    _fsub                                    0x080083d1   Thumb Code   234  faddsub_clz.o(x$fpl$fsub)
    __fpl_return_NaN                         0x080084bb   Thumb Code   100  retnan.o(x$fpl$retnan)
    __ARM_scalbn                             0x0800851f   Thumb Code    92  scalbn.o(x$fpl$scalbn)
    __fpl_cmpreturn                          0x0800857b   Thumb Code    48  trapv.o(x$fpl$trapveneer)
    __I$use$fp                               0x080085aa   Number         0  usenofp.o(x$fpl$usenofp)
    oled_asc2_1206                           0x080085aa   Data        1140  oled.o(.constdata)
    oled_asc2_1608                           0x08008a1e   Data        1520  oled.o(.constdata)
    hw                                       0x08009010   Data          12  inv_mpu.o(.constdata)
    reg                                      0x0800901c   Data          27  inv_mpu.o(.constdata)
    test                                     0x08009038   Data          40  inv_mpu.o(.constdata)
    __mathlib_zero                           0x08009cf0   Data           8  qnan.o(.constdata)
    Region$$Table$$Base                      0x08009d48   Number         0  anon$$obj.o(Region$$Table)
    Region$$Table$$Limit                     0x08009d68   Number         0  anon$$obj.o(Region$$Table)
    Way_Angle                                0x20000000   Data           1  minibalance.o(.data)
    Angle_Balance                            0x20000004   Data           4  minibalance.o(.data)
    __stdout                                 0x2000000c   Data           4  usart.o(.data)
    USART1_Date                              0x20000010   Data           4  usart.o(.data)
    USART1_RX_BUF                            0x20000014   Data           1  usart.o(.data)
    qr_codes                                 0x20000016   Data           2  usart.o(.data)
    i                                        0x20000018   Data           1  usart.o(.data)
    scan_qr_success_flag                     0x20000019   Data           1  usart.o(.data)
    qr_first                                 0x2000001c   Data           4  usart.o(.data)
    qr_second                                0x20000020   Data           4  usart.o(.data)
    qr_third                                 0x20000024   Data           4  usart.o(.data)
    wheel_flag                               0x2000002c   Data           1  key.o(.data)
    single_flag                              0x2000003c   Data           1  infr.o(.data)
    double_flag                              0x2000003d   Data           1  infr.o(.data)
    single_count                             0x2000003e   Data           1  infr.o(.data)
    double_count                             0x2000003f   Data           1  infr.o(.data)
    model                                    0x20000040   Data           1  infr.o(.data)
    x_location_arrive_flag                   0x20000041   Data           1  infr.o(.data)
    y_location_arrive_flag                   0x20000042   Data           1  infr.o(.data)
    black_line                               0x20000044   Data           4  infr.o(.data)
    black_flag                               0x20000048   Data           4  infr.o(.data)
    CAR_SPEED                                0x2000004c   Data           4  motor.o(.data)
    car_status                               0x20000050   Data           3  motor.o(.data)
    servos_yaw                               0x20000054   Data           6  servos.o(.data)
    servos_pitch1                            0x2000005a   Data           6  servos.o(.data)
    servos_pitch2                            0x20000060   Data           6  servos.o(.data)
    servos_claw                              0x20000066   Data           6  servos.o(.data)
    err                                      0x2000006c   Data           4  servos.o(.data)
    i_count                                  0x20000070   Data           4  servos.o(.data)
    current_time                             0x20000074   Data           4  servos.o(.data)
    last_time                                0x20000078   Data           4  servos.o(.data)
    servos_finish_flag                       0x2000007c   Data           4  servos.o(.data)
    vision_status                            0x20000080   Data           1  vision.o(.data)
    Latest_Vision_Control_Pack_Time          0x20000084   Data           4  vision.o(.data)
    vision_time                              0x20000088   Data           4  vision.o(.data)
    counter                                  0x2000008c   Data           1  vision.o(.data)
    USART2_Date                              0x2000008d   Data           4  vision.o(.data)
    USART2_RX_BUF                            0x20000091   Data           1  vision.o(.data)
    qr_unpack                                0x20000092   Data           2  vision.o(.data)
    block_unpack                             0x20000094   Data           2  vision.o(.data)
    qr_code                                  0x20000096   Data           1  vision.o(.data)
    qr_code_flag                             0x20000097   Data           1  vision.o(.data)
    target_x_err                             0x20000098   Data           2  vision.o(.data)
    block_code                               0x2000009a   Data           1  vision.o(.data)
    tick                                     0x2000009c   Data           4  vision.o(.data)
    vision_kp                                0x200000a0   Data           4  vision.o(.data)
    QR_Location                              0x200000a4   Data           2  control.o(.data)
    Material_Location                        0x200000a6   Data           2  control.o(.data)
    count                                    0x200000a8   Data           1  control.o(.data)
    locate_delay                             0x200000a9   Data           1  control.o(.data)
    x_axis                                   0x200000aa   Data           1  control.o(.data)
    y_axis                                   0x200000ab   Data           1  control.o(.data)
    time_flag                                0x200000ac   Data           1  control.o(.data)
    X_target                                 0x200000ad   Data           1  control.o(.data)
    Y_target                                 0x200000ae   Data           1  control.o(.data)
    begin_flag                               0x200000af   Data           1  control.o(.data)
    Straight_KP                              0x200000b0   Data           4  control.o(.data)
    Straight_KI                              0x200000b4   Data           4  control.o(.data)
    Yaw_target                               0x200000b8   Data           4  control.o(.data)
    yaw_original                             0x200000bc   Data           4  control.o(.data)
    PWM_OUTPUT                               0x200000c0   Data           4  control.o(.data)
    cnt                                      0x200000c4   Data           4  control.o(.data)
    qr_line                                  0x200000c8   Data           1  control.o(.data)
    forward_flag                             0x200000c9   Data           1  control.o(.data)
    qr_location_arrive_flag                  0x200000ca   Data           1  control.o(.data)
    qr_right_translation_flag                0x200000cb   Data           1  control.o(.data)
    qr_task_finish                           0x200000cc   Data           1  control.o(.data)
    qr_back_flag                             0x200000cd   Data           1  control.o(.data)
    home_arrive_flag                         0x200000ce   Data           1  control.o(.data)
    circle_count                             0x200000cf   Data           1  control.o(.data)
    grab_flag                                0x200000d0   Data           1  control.o(.data)
    place_flag                               0x200000d1   Data           1  control.o(.data)
    material_arrive_flag                     0x200000d2   Data           1  control.o(.data)
    location_arrive_finish_flag              0x200000d3   Data           1  control.o(.data)
    QR_code_location                         0x200000d4   Data           1  control.o(.data)
    material_location                        0x200000d5   Data           1  control.o(.data)
    K1                                       0x20000110   Data           4  filter.o(.data)
    angle                                    0x20000114   Data           4  filter.o(.data)
    angle_dot                                0x20000118   Data           4  filter.o(.data)
    Q_angle                                  0x2000011c   Data           4  filter.o(.data)
    Q_gyro                                   0x20000120   Data           4  filter.o(.data)
    R_angle                                  0x20000124   Data           4  filter.o(.data)
    dt                                       0x20000128   Data           4  filter.o(.data)
    C_0                                      0x2000012c   Data           1  filter.o(.data)
    Q_bias                                   0x20000130   Data           4  filter.o(.data)
    Angle_err                                0x20000134   Data           4  filter.o(.data)
    PCt_0                                    0x20000138   Data           4  filter.o(.data)
    PCt_1                                    0x2000013c   Data           4  filter.o(.data)
    E                                        0x20000140   Data           4  filter.o(.data)
    K_0                                      0x20000144   Data           4  filter.o(.data)
    K_1                                      0x20000148   Data           4  filter.o(.data)
    t_0                                      0x2000014c   Data           4  filter.o(.data)
    t_1                                      0x20000150   Data           4  filter.o(.data)
    PP                                       0x20000154   Data          16  filter.o(.data)
    gyro                                     0x20000164   Data           6  mpu6050.o(.data)
    accel                                    0x2000016a   Data           6  mpu6050.o(.data)
    sensors                                  0x20000170   Data           2  mpu6050.o(.data)
    Pitch                                    0x20000174   Data           4  mpu6050.o(.data)
    Roll                                     0x20000178   Data           4  mpu6050.o(.data)
    Yaw                                      0x2000017c   Data           4  mpu6050.o(.data)
    q0                                       0x20000180   Data           4  mpu6050.o(.data)
    q1                                       0x20000184   Data           4  mpu6050.o(.data)
    q2                                       0x20000188   Data           4  mpu6050.o(.data)
    q3                                       0x2000018c   Data           4  mpu6050.o(.data)
    Gx_offset                                0x2000019a   Data           2  mpu6050.o(.data)
    Gy_offset                                0x2000019c   Data           2  mpu6050.o(.data)
    Gz_offset                                0x2000019e   Data           2  mpu6050.o(.data)
    OLED_GRAM                                0x200001a0   Data        1024  oled.o(.bss)
    Pdot                                     0x200005b0   Data          16  filter.o(.bss)
    buffer                                   0x200005c0   Data          14  mpu6050.o(.bss)
    MPU6050_FIFO                             0x200005ce   Data         132  mpu6050.o(.bss)
    __libspace_start                         0x20000654   Data          96  libspace.o(.bss)
    __temporary_stack_top$libspace           0x200006b4   Data           0  libspace.o(.bss)



==============================================================================

Memory Map of the image

  Image Entry point : 0x080000ed

  Load Region LR_IROM1 (Base: 0x08000000, Size: 0x00009f08, Max: 0x00010000, ABSOLUTE, COMPRESSED[0x00009dac])

    Execution Region ER_IROM1 (Exec base: 0x08000000, Load base: 0x08000000, Size: 0x00009d68, Max: 0x00010000, ABSOLUTE)

    Exec Addr    Load Addr    Size         Type   Attr      Idx    E Section Name        Object

    0x08000000   0x08000000   0x000000ec   Data   RO            3    RESET               startup_stm32f10x_md.o
    0x080000ec   0x080000ec   0x00000008   Code   RO          545  * !!!main             c_w.l(__main.o)
    0x080000f4   0x080000f4   0x00000034   Code   RO          866    !!!scatter          c_w.l(__scatter.o)
    0x08000128   0x08000128   0x0000005a   Code   RO          864    !!dczerorl2         c_w.l(__dczerorl2.o)
    0x08000182   0x08000182   0x00000002   PAD
    0x08000184   0x08000184   0x0000001c   Code   RO          868    !!handler_zi        c_w.l(__scatter_zi.o)
    0x080001a0   0x080001a0   0x00000000   Code   RO          538    .ARM.Collect$$_printf_percent$$00000000  c_w.l(_printf_percent.o)
    0x080001a0   0x080001a0   0x00000006   Code   RO          537    .ARM.Collect$$_printf_percent$$00000009  c_w.l(_printf_d.o)
    0x080001a6   0x080001a6   0x00000004   Code   RO          632    .ARM.Collect$$_printf_percent$$00000017  c_w.l(_printf_percent_end.o)
    0x080001aa   0x080001aa   0x00000002   Code   RO          729    .ARM.Collect$$libinit$$00000000  c_w.l(libinit.o)
    0x080001ac   0x080001ac   0x00000000   Code   RO          741    .ARM.Collect$$libinit$$00000002  c_w.l(libinit2.o)
    0x080001ac   0x080001ac   0x00000000   Code   RO          743    .ARM.Collect$$libinit$$00000004  c_w.l(libinit2.o)
    0x080001ac   0x080001ac   0x00000000   Code   RO          746    .ARM.Collect$$libinit$$0000000A  c_w.l(libinit2.o)
    0x080001ac   0x080001ac   0x00000000   Code   RO          748    .ARM.Collect$$libinit$$0000000C  c_w.l(libinit2.o)
    0x080001ac   0x080001ac   0x00000000   Code   RO          750    .ARM.Collect$$libinit$$0000000E  c_w.l(libinit2.o)
    0x080001ac   0x080001ac   0x00000000   Code   RO          753    .ARM.Collect$$libinit$$00000011  c_w.l(libinit2.o)
    0x080001ac   0x080001ac   0x00000000   Code   RO          755    .ARM.Collect$$libinit$$00000013  c_w.l(libinit2.o)
    0x080001ac   0x080001ac   0x00000000   Code   RO          757    .ARM.Collect$$libinit$$00000015  c_w.l(libinit2.o)
    0x080001ac   0x080001ac   0x00000000   Code   RO          759    .ARM.Collect$$libinit$$00000017  c_w.l(libinit2.o)
    0x080001ac   0x080001ac   0x00000000   Code   RO          761    .ARM.Collect$$libinit$$00000019  c_w.l(libinit2.o)
    0x080001ac   0x080001ac   0x00000000   Code   RO          763    .ARM.Collect$$libinit$$0000001B  c_w.l(libinit2.o)
    0x080001ac   0x080001ac   0x00000000   Code   RO          765    .ARM.Collect$$libinit$$0000001D  c_w.l(libinit2.o)
    0x080001ac   0x080001ac   0x00000000   Code   RO          767    .ARM.Collect$$libinit$$0000001F  c_w.l(libinit2.o)
    0x080001ac   0x080001ac   0x00000000   Code   RO          769    .ARM.Collect$$libinit$$00000021  c_w.l(libinit2.o)
    0x080001ac   0x080001ac   0x00000000   Code   RO          771    .ARM.Collect$$libinit$$00000023  c_w.l(libinit2.o)
    0x080001ac   0x080001ac   0x00000000   Code   RO          773    .ARM.Collect$$libinit$$00000025  c_w.l(libinit2.o)
    0x080001ac   0x080001ac   0x00000000   Code   RO          777    .ARM.Collect$$libinit$$0000002C  c_w.l(libinit2.o)
    0x080001ac   0x080001ac   0x00000000   Code   RO          779    .ARM.Collect$$libinit$$0000002E  c_w.l(libinit2.o)
    0x080001ac   0x080001ac   0x00000000   Code   RO          781    .ARM.Collect$$libinit$$00000030  c_w.l(libinit2.o)
    0x080001ac   0x080001ac   0x00000000   Code   RO          783    .ARM.Collect$$libinit$$00000032  c_w.l(libinit2.o)
    0x080001ac   0x080001ac   0x00000002   Code   RO          784    .ARM.Collect$$libinit$$00000033  c_w.l(libinit2.o)
    0x080001ae   0x080001ae   0x00000002   Code   RO          816    .ARM.Collect$$libshutdown$$00000000  c_w.l(libshutdown.o)
    0x080001b0   0x080001b0   0x00000000   Code   RO          830    .ARM.Collect$$libshutdown$$00000002  c_w.l(libshutdown2.o)
    0x080001b0   0x080001b0   0x00000000   Code   RO          832    .ARM.Collect$$libshutdown$$00000004  c_w.l(libshutdown2.o)
    0x080001b0   0x080001b0   0x00000000   Code   RO          835    .ARM.Collect$$libshutdown$$00000007  c_w.l(libshutdown2.o)
    0x080001b0   0x080001b0   0x00000000   Code   RO          838    .ARM.Collect$$libshutdown$$0000000A  c_w.l(libshutdown2.o)
    0x080001b0   0x080001b0   0x00000000   Code   RO          840    .ARM.Collect$$libshutdown$$0000000C  c_w.l(libshutdown2.o)
    0x080001b0   0x080001b0   0x00000000   Code   RO          843    .ARM.Collect$$libshutdown$$0000000F  c_w.l(libshutdown2.o)
    0x080001b0   0x080001b0   0x00000002   Code   RO          844    .ARM.Collect$$libshutdown$$00000010  c_w.l(libshutdown2.o)
    0x080001b2   0x080001b2   0x00000000   Code   RO          623    .ARM.Collect$$rtentry$$00000000  c_w.l(__rtentry.o)
    0x080001b2   0x080001b2   0x00000000   Code   RO          674    .ARM.Collect$$rtentry$$00000002  c_w.l(__rtentry2.o)
    0x080001b2   0x080001b2   0x00000006   Code   RO          686    .ARM.Collect$$rtentry$$00000004  c_w.l(__rtentry4.o)
    0x080001b8   0x080001b8   0x00000000   Code   RO          676    .ARM.Collect$$rtentry$$00000009  c_w.l(__rtentry2.o)
    0x080001b8   0x080001b8   0x00000004   Code   RO          677    .ARM.Collect$$rtentry$$0000000A  c_w.l(__rtentry2.o)
    0x080001bc   0x080001bc   0x00000000   Code   RO          679    .ARM.Collect$$rtentry$$0000000C  c_w.l(__rtentry2.o)
    0x080001bc   0x080001bc   0x00000008   Code   RO          680    .ARM.Collect$$rtentry$$0000000D  c_w.l(__rtentry2.o)
    0x080001c4   0x080001c4   0x00000002   Code   RO          734    .ARM.Collect$$rtexit$$00000000  c_w.l(rtexit.o)
    0x080001c6   0x080001c6   0x00000000   Code   RO          788    .ARM.Collect$$rtexit$$00000002  c_w.l(rtexit2.o)
    0x080001c6   0x080001c6   0x00000004   Code   RO          789    .ARM.Collect$$rtexit$$00000003  c_w.l(rtexit2.o)
    0x080001ca   0x080001ca   0x00000006   Code   RO          790    .ARM.Collect$$rtexit$$00000004  c_w.l(rtexit2.o)
    0x080001d0   0x080001d0   0x0000000c   Code   RO          145    .emb_text           sys.o
    0x080001dc   0x080001dc   0x00000038   Code   RO            4    .text               startup_stm32f10x_md.o
    0x08000214   0x08000214   0x0000014c   Code   RO           10    .text               minibalance.o
    0x08000360   0x08000360   0x000000b0   Code   RO          127    .text               delay.o
    0x08000410   0x08000410   0x000002bc   Code   RO          146    .text               sys.o
    0x080006cc   0x080006cc   0x000001f8   Code   RO          161    .text               usart.o
    0x080008c4   0x080008c4   0x00000512   Code   RO          189    .text               ioi2c.o
    0x08000dd6   0x08000dd6   0x00000002   PAD
    0x08000dd8   0x08000dd8   0x0000005c   Code   RO          201    .text               timer.o
    0x08000e34   0x08000e34   0x00000074   Code   RO          213    .text               led.o
    0x08000ea8   0x08000ea8   0x00000442   Code   RO          226    .text               oled.o
    0x080012ea   0x080012ea   0x00000002   PAD
    0x080012ec   0x080012ec   0x000001f4   Code   RO          245    .text               key.o
    0x080014e0   0x080014e0   0x00000478   Code   RO          281    .text               infr.o
    0x08001958   0x08001958   0x00000110   Code   RO          299    .text               usart2.o
    0x08001a68   0x08001a68   0x000002fc   Code   RO          318    .text               motor.o
    0x08001d64   0x08001d64   0x0000014c   Code   RO          336    .text               pwm.o
    0x08001eb0   0x08001eb0   0x000002e8   Code   RO          348    .text               pca9685.o
    0x08002198   0x08002198   0x00000354   Code   RO          360    .text               servos.o
    0x080024ec   0x080024ec   0x00000298   Code   RO          375    .text               vision.o
    0x08002784   0x08002784   0x00000ab0   Code   RO          397    .text               control.o
    0x08003234   0x08003234   0x00001e90   Code   RO          421    .text               inv_mpu.o
    0x080050c4   0x080050c4   0x00000d70   Code   RO          445    .text               inv_mpu_dmp_motion_driver.o
    0x08005e34   0x08005e34   0x00000308   Code   RO          460    .text               filter.o
    0x0800613c   0x0800613c   0x000007dc   Code   RO          479    .text               mpu6050.o
    0x08006918   0x08006918   0x00000002   Code   RO          505    .text               c_w.l(use_no_semi_2.o)
    0x0800691a   0x0800691a   0x00000048   Code   RO          507    .text               c_w.l(llsdiv.o)
    0x08006962   0x08006962   0x00000002   PAD
    0x08006964   0x08006964   0x00000018   Code   RO          511    .text               c_w.l(noretval__2printf.o)
    0x0800697c   0x0800697c   0x00000068   Code   RO          513    .text               c_w.l(__printf.o)
    0x080069e4   0x080069e4   0x00000078   Code   RO          515    .text               c_w.l(_printf_dec.o)
    0x08006a5c   0x08006a5c   0x00000058   Code   RO          539    .text               c_w.l(memcmp.o)
    0x08006ab4   0x08006ab4   0x00000010   Code   RO          541    .text               c_w.l(aeabi_memset.o)
    0x08006ac4   0x08006ac4   0x00000006   Code   RO          543    .text               c_w.l(heapauxi.o)
    0x08006aca   0x08006aca   0x00000002   Code   RO          621    .text               c_w.l(use_no_semi.o)
    0x08006acc   0x08006acc   0x000000ee   Code   RO          624    .text               c_w.l(lludivv7m.o)
    0x08006bba   0x08006bba   0x000000b2   Code   RO          628    .text               c_w.l(_printf_intcommon.o)
    0x08006c6c   0x08006c6c   0x00000024   Code   RO          630    .text               c_w.l(_printf_char_file.o)
    0x08006c90   0x08006c90   0x00000044   Code   RO          633    .text               c_w.l(rt_memclr.o)
    0x08006cd4   0x08006cd4   0x00000030   Code   RO          697    .text               c_w.l(_printf_char_common.o)
    0x08006d04   0x08006d04   0x00000008   Code   RO          699    .text               c_w.l(ferror.o)
    0x08006d0c   0x08006d0c   0x0000004e   Code   RO          703    .text               c_w.l(rt_memclr_w.o)
    0x08006d5a   0x08006d5a   0x00000002   PAD
    0x08006d5c   0x08006d5c   0x00000008   Code   RO          713    .text               c_w.l(libspace.o)
    0x08006d64   0x08006d64   0x0000004a   Code   RO          716    .text               c_w.l(sys_stackheap_outer.o)
    0x08006dae   0x08006dae   0x00000012   Code   RO          722    .text               c_w.l(exit.o)
    0x08006dc0   0x08006dc0   0x00000028   Code   RO          709    i.__ARM_fpclassify  m_ws.l(fpclassify.o)
    0x08006de8   0x08006de8   0x000000aa   Code   RO          711    i.__kernel_poly     m_ws.l(poly.o)
    0x08006e92   0x08006e92   0x00000006   Code   RO          659    i.__mathlib_dbl_infnan  m_ws.l(dunder.o)
    0x08006e98   0x08006e98   0x00000004   Code   RO          660    i.__mathlib_dbl_infnan2  m_ws.l(dunder.o)
    0x08006e9c   0x08006e9c   0x00000010   Code   RO          664    i.__mathlib_dbl_underflow  m_ws.l(dunder.o)
    0x08006eac   0x08006eac   0x00000220   Code   RO          649    i.atan              m_ws.l(atan.o)
    0x080070cc   0x080070cc   0x00000180   Code   RO          610    i.atan2             m_ws.l(atan2.o)
    0x0800724c   0x0800724c   0x000000dc   Code   RO          618    i.floor             m_ws.l(floor.o)
    0x08007328   0x08007328   0x00000062   Code   RO          547    x$fpl$d2f           fz_ws.l(d2f.o)
    0x0800738a   0x0800738a   0x00000002   PAD
    0x0800738c   0x0800738c   0x00000150   Code   RO          549    x$fpl$dadd          fz_ws.l(daddsub_clz.o)
    0x080074dc   0x080074dc   0x00000010   Code   RO          730    x$fpl$dcheck1       fz_ws.l(dcheck1.o)
    0x080074ec   0x080074ec   0x00000018   Code   RO          732    x$fpl$dcmpinf       fz_ws.l(dcmpi.o)
    0x08007504   0x08007504   0x000002b0   Code   RO          556    x$fpl$ddiv          fz_ws.l(ddiv.o)
    0x080077b4   0x080077b4   0x0000005e   Code   RO          559    x$fpl$dfix          fz_ws.l(dfix.o)
    0x08007812   0x08007812   0x00000002   PAD
    0x08007814   0x08007814   0x0000005a   Code   RO          563    x$fpl$dfixu         fz_ws.l(dfixu.o)
    0x0800786e   0x0800786e   0x0000002e   Code   RO          568    x$fpl$dflt          fz_ws.l(dflt_clz.o)
    0x0800789c   0x0800789c   0x00000078   Code   RO          705    x$fpl$dleqf         fz_ws.l(dleqf.o)
    0x08007914   0x08007914   0x00000154   Code   RO          573    x$fpl$dmul          fz_ws.l(dmul.o)
    0x08007a68   0x08007a68   0x0000009c   Code   RO          635    x$fpl$dnaninf       fz_ws.l(dnaninf.o)
    0x08007b04   0x08007b04   0x0000000c   Code   RO          637    x$fpl$dretinf       fz_ws.l(dretinf.o)
    0x08007b10   0x08007b10   0x0000006c   Code   RO          639    x$fpl$drleqf        fz_ws.l(drleqf.o)
    0x08007b7c   0x08007b7c   0x00000016   Code   RO          550    x$fpl$drsb          fz_ws.l(daddsub_clz.o)
    0x08007b92   0x08007b92   0x00000002   PAD
    0x08007b94   0x08007b94   0x000001d4   Code   RO          551    x$fpl$dsub          fz_ws.l(daddsub_clz.o)
    0x08007d68   0x08007d68   0x00000056   Code   RO          575    x$fpl$f2d           fz_ws.l(f2d.o)
    0x08007dbe   0x08007dbe   0x00000002   PAD
    0x08007dc0   0x08007dc0   0x000000c4   Code   RO          577    x$fpl$fadd          fz_ws.l(faddsub_clz.o)
    0x08007e84   0x08007e84   0x00000018   Code   RO          641    x$fpl$fcmpinf       fz_ws.l(fcmpi.o)
    0x08007e9c   0x08007e9c   0x00000184   Code   RO          584    x$fpl$fdiv          fz_ws.l(fdiv.o)
    0x08008020   0x08008020   0x00000068   Code   RO          587    x$fpl$feqf          fz_ws.l(feqf.o)
    0x08008088   0x08008088   0x00000036   Code   RO          589    x$fpl$ffix          fz_ws.l(ffix.o)
    0x080080be   0x080080be   0x00000002   PAD
    0x080080c0   0x080080c0   0x0000003e   Code   RO          593    x$fpl$ffixu         fz_ws.l(ffixu.o)
    0x080080fe   0x080080fe   0x00000002   PAD
    0x08008100   0x08008100   0x00000030   Code   RO          598    x$fpl$fflt          fz_ws.l(fflt_clz.o)
    0x08008130   0x08008130   0x00000026   Code   RO          597    x$fpl$ffltu         fz_ws.l(fflt_clz.o)
    0x08008156   0x08008156   0x00000002   PAD
    0x08008158   0x08008158   0x00000068   Code   RO          603    x$fpl$fleqf         fz_ws.l(fleqf.o)
    0x080081c0   0x080081c0   0x00000102   Code   RO          605    x$fpl$fmul          fz_ws.l(fmul.o)
    0x080082c2   0x080082c2   0x0000008c   Code   RO          643    x$fpl$fnaninf       fz_ws.l(fnaninf.o)
    0x0800834e   0x0800834e   0x0000000a   Code   RO          645    x$fpl$fretinf       fz_ws.l(fretinf.o)
    0x08008358   0x08008358   0x00000062   Code   RO          607    x$fpl$frleqf        fz_ws.l(frleqf.o)
    0x080083ba   0x080083ba   0x00000014   Code   RO          578    x$fpl$frsb          fz_ws.l(faddsub_clz.o)
    0x080083ce   0x080083ce   0x00000002   PAD
    0x080083d0   0x080083d0   0x000000ea   Code   RO          579    x$fpl$fsub          fz_ws.l(faddsub_clz.o)
    0x080084ba   0x080084ba   0x00000064   Code   RO          785    x$fpl$retnan        fz_ws.l(retnan.o)
    0x0800851e   0x0800851e   0x0000005c   Code   RO          707    x$fpl$scalbn        fz_ws.l(scalbn.o)
    0x0800857a   0x0800857a   0x00000030   Code   RO          804    x$fpl$trapveneer    fz_ws.l(trapv.o)
    0x080085aa   0x080085aa   0x00000000   Code   RO          647    x$fpl$usenofp       fz_ws.l(usenofp.o)
    0x080085aa   0x080085aa   0x00000a64   Data   RO          228    .constdata          oled.o
    0x0800900e   0x0800900e   0x00000002   PAD
    0x08009010   0x08009010   0x00000050   Data   RO          422    .constdata          inv_mpu.o
    0x08009060   0x08009060   0x00000bf6   Data   RO          447    .constdata          inv_mpu_dmp_motion_driver.o
    0x08009c56   0x08009c56   0x00000002   PAD
    0x08009c58   0x08009c58   0x00000098   Data   RO          650    .constdata          m_ws.l(atan.o)
    0x08009cf0   0x08009cf0   0x00000008   Data   RO          672    .constdata          m_ws.l(qnan.o)
    0x08009cf8   0x08009cf8   0x0000004e   Data   RO          423    .conststring        inv_mpu.o
    0x08009d46   0x08009d46   0x00000002   PAD
    0x08009d48   0x08009d48   0x00000020   Data   RO          862    Region$$Table       anon$$obj.o


    Execution Region RW_IRAM1 (Exec base: 0x20000000, Load base: 0x08009d68, Size: 0x00000cb8, Max: 0x00005000, ABSOLUTE, COMPRESSED[0x00000044])

    Exec Addr    Load Addr    Size         Type   Attr      Idx    E Section Name        Object

    0x20000000   COMPRESSED   0x00000008   Data   RW           11    .data               minibalance.o
    0x20000008   COMPRESSED   0x00000004   Data   RW          128    .data               delay.o
    0x2000000c   COMPRESSED   0x0000001c   Data   RW          162    .data               usart.o
    0x20000028   COMPRESSED   0x00000004   Data   RW          214    .data               led.o
    0x2000002c   COMPRESSED   0x0000000e   Data   RW          246    .data               key.o
    0x2000003a   COMPRESSED   0x00000002   PAD
    0x2000003c   COMPRESSED   0x00000010   Data   RW          282    .data               infr.o
    0x2000004c   COMPRESSED   0x00000007   Data   RW          319    .data               motor.o
    0x20000053   COMPRESSED   0x00000001   PAD
    0x20000054   COMPRESSED   0x0000002c   Data   RW          361    .data               servos.o
    0x20000080   COMPRESSED   0x00000024   Data   RW          376    .data               vision.o
    0x200000a4   COMPRESSED   0x00000040   Data   RW          398    .data               control.o
    0x200000e4   COMPRESSED   0x0000002c   Data   RW          424    .data               inv_mpu.o
    0x20000110   COMPRESSED   0x00000054   Data   RW          462    .data               filter.o
    0x20000164   COMPRESSED   0x0000003c   Data   RW          481    .data               mpu6050.o
    0x200001a0        -       0x00000400   Zero   RW          227    .bss                oled.o
    0x200005a0        -       0x00000010   Zero   RW          446    .bss                inv_mpu_dmp_motion_driver.o
    0x200005b0        -       0x00000010   Zero   RW          461    .bss                filter.o
    0x200005c0        -       0x00000092   Zero   RW          480    .bss                mpu6050.o
    0x20000652   COMPRESSED   0x00000002   PAD
    0x20000654        -       0x00000060   Zero   RW          714    .bss                c_w.l(libspace.o)
    0x200006b4   COMPRESSED   0x00000004   PAD
    0x200006b8        -       0x00000200   Zero   RW            2    HEAP                startup_stm32f10x_md.o
    0x200008b8        -       0x00000400   Zero   RW            1    STACK               startup_stm32f10x_md.o


==============================================================================

Image component sizes


      Code (inc. data)   RO Data    RW Data    ZI Data      Debug   Object Name

      2736        274          0         64          0       5785   control.o
       176          8          0          4          0       1127   delay.o
       776         86          0         84         16       2080   filter.o
      1144        102          0         16          0       2175   infr.o
      7824        172        158         44          0      21715   inv_mpu.o
      3440        126       3062          0         16      15227   inv_mpu_dmp_motion_driver.o
      1298         18          0          0          0       5862   ioi2c.o
       500         58          0         14          0       1955   key.o
       116         20          0          4          0        685   led.o
       332         32          0          8          0     207561   minibalance.o
       764         58          0          7          0       2784   motor.o
      2012        452          0         60        146      21034   mpu6050.o
      1090         46       2660          0       1024       4719   oled.o
       744         24          0          0          0       2732   pca9685.o
       332         18          0          0          0        954   pwm.o
       852         44          0         44          0       2953   servos.o
        56         22        236          0       1536        828   startup_stm32f10x_md.o
       712         44          0          0          0       2887   sys.o
        92         10          0          0          0        614   timer.o
       504         50          0         28          0       3646   usart.o
       272         22          0          0          0        921   usart2.o
       664        104          0         36          0       4059   vision.o

    ----------------------------------------------------------------------
     26440       1790       6154        416       2740     312303   Object Totals
         0          0         32          0          0          0   (incl. Generated)
         4          0          6          3          2          0   (incl. Padding)

    ----------------------------------------------------------------------

      Code (inc. data)   RO Data    RW Data    ZI Data      Debug   Library Member Name

        90          0          0          0          0          0   __dczerorl2.o
         8          0          0          0          0         68   __main.o
       104          0          0          0          0         84   __printf.o
         0          0          0          0          0          0   __rtentry.o
        12          0          0          0          0          0   __rtentry2.o
         6          0          0          0          0          0   __rtentry4.o
        52          8          0          0          0          0   __scatter.o
        28          0          0          0          0          0   __scatter_zi.o
        48          6          0          0          0         96   _printf_char_common.o
        36          4          0          0          0         80   _printf_char_file.o
         6          0          0          0          0          0   _printf_d.o
       120         16          0          0          0         92   _printf_dec.o
       178          0          0          0          0         88   _printf_intcommon.o
         0          0          0          0          0          0   _printf_percent.o
         4          0          0          0          0          0   _printf_percent_end.o
        16          0          0          0          0         68   aeabi_memset.o
        18          0          0          0          0         80   exit.o
         8          0          0          0          0         68   ferror.o
         6          0          0          0          0        152   heapauxi.o
         2          0          0          0          0          0   libinit.o
         2          0          0          0          0          0   libinit2.o
         2          0          0          0          0          0   libshutdown.o
         2          0          0          0          0          0   libshutdown2.o
         8          4          0          0         96         68   libspace.o
        72          0          0          0          0         76   llsdiv.o
       238          0          0          0          0        100   lludivv7m.o
        88          0          0          0          0         76   memcmp.o
        24          4          0          0          0         84   noretval__2printf.o
        68          0          0          0          0         68   rt_memclr.o
        78          0          0          0          0         80   rt_memclr_w.o
         2          0          0          0          0          0   rtexit.o
        10          0          0          0          0          0   rtexit2.o
        74          0          0          0          0         80   sys_stackheap_outer.o
         2          0          0          0          0         68   use_no_semi.o
         2          0          0          0          0         68   use_no_semi_2.o
        98          4          0          0          0         92   d2f.o
       826         16          0          0          0        348   daddsub_clz.o
        16          4          0          0          0         68   dcheck1.o
        24          0          0          0          0         68   dcmpi.o
       688        140          0          0          0        208   ddiv.o
        94          4          0          0          0         92   dfix.o
        90          4          0          0          0         92   dfixu.o
        46          0          0          0          0         68   dflt_clz.o
       120          4          0          0          0         92   dleqf.o
       340         12          0          0          0        104   dmul.o
       156          4          0          0          0         92   dnaninf.o
        12          0          0          0          0         68   dretinf.o
       108          0          0          0          0         80   drleqf.o
        86          4          0          0          0         84   f2d.o
       450          8          0          0          0        236   faddsub_clz.o
        24          0          0          0          0         68   fcmpi.o
       388         76          0          0          0         96   fdiv.o
       104          4          0          0          0         84   feqf.o
        54          4          0          0          0         84   ffix.o
        62          4          0          0          0         84   ffixu.o
        86          0          0          0          0        136   fflt_clz.o
       104          4          0          0          0         84   fleqf.o
       258          4          0          0          0         84   fmul.o
       140          4          0          0          0         84   fnaninf.o
        10          0          0          0          0         68   fretinf.o
        98          0          0          0          0         68   frleqf.o
       100          0          0          0          0         68   retnan.o
        92          0          0          0          0         68   scalbn.o
        48          0          0          0          0         68   trapv.o
         0          0          0          0          0          0   usenofp.o
       544         70        152          0          0        124   atan.o
       384         38          0          0          0        144   atan2.o
        26          6          0          0          0        204   dunder.o
       220         16          0          0          0         84   floor.o
        40          0          0          0          0         68   fpclassify.o
       170          0          0          0          0         96   poly.o
         0          0          8          0          0          0   qnan.o

    ----------------------------------------------------------------------
      7542        476        160          0        100       5300   Library Totals
        22          0          0          0          4          0   (incl. Padding)

    ----------------------------------------------------------------------

      Code (inc. data)   RO Data    RW Data    ZI Data      Debug   Library Name

      1414         42          0          0         96       1644   c_w.l
      4722        304          0          0          0       2936   fz_ws.l
      1384        130        160          0          0        720   m_ws.l

    ----------------------------------------------------------------------
      7542        476        160          0        100       5300   Library Totals

    ----------------------------------------------------------------------

==============================================================================


      Code (inc. data)   RO Data    RW Data    ZI Data      Debug   

     33982       2266       6314        416       2840     312763   Grand Totals
     33982       2266       6314         68       2840     312763   ELF Image Totals (compressed)
     33982       2266       6314         68          0          0   ROM Totals

==============================================================================

    Total RO  Size (Code + RO Data)                40296 (  39.35kB)
    Total RW  Size (RW Data + ZI Data)              3256 (   3.18kB)
    Total ROM Size (Code + RO Data + RW Data)      40364 (  39.42kB)

==============================================================================

