Component: ARM Compiler 5.06 update 5 (build 528) Tool: armlink [4d35e2]

==============================================================================

Section Cross References

    startup_stm32f10x_md.o(STACK) refers (Special) to heapauxi.o(.text) for __use_two_region_memory
    startup_stm32f10x_md.o(HEAP) refers (Special) to heapauxi.o(.text) for __use_two_region_memory
    startup_stm32f10x_md.o(RESET) refers (Special) to heapauxi.o(.text) for __use_two_region_memory
    startup_stm32f10x_md.o(RESET) refers to startup_stm32f10x_md.o(STACK) for __initial_sp
    startup_stm32f10x_md.o(RESET) refers to startup_stm32f10x_md.o(.text) for Reset_Handler
    startup_stm32f10x_md.o(RESET) refers to key.o(.text) for EXTI9_5_IRQHandler
    startup_stm32f10x_md.o(RESET) refers to control.o(.text) for TIM1_UP_IRQHandler
    startup_stm32f10x_md.o(.text) refers (Special) to heapauxi.o(.text) for __use_two_region_memory
    startup_stm32f10x_md.o(.text) refers to __main.o(!!!main) for __main
    startup_stm32f10x_md.o(.text) refers to startup_stm32f10x_md.o(HEAP) for Heap_Mem
    startup_stm32f10x_md.o(.text) refers to startup_stm32f10x_md.o(STACK) for Stack_Mem
    main.o(.text) refers to sys.o(.text) for Stm32_Clock_Init
    main.o(.text) refers to delay.o(.text) for delay_init
    main.o(.text) refers to usart.o(.text) for uart_init
    main.o(.text) refers to ioi2c.o(.text) for IIC_Init
    main.o(.text) refers to mpu6050.o(.text) for MPU6050_initialize
    main.o(.text) refers to led.o(.text) for LED_Init
    main.o(.text) refers to key.o(.text) for KEY_Init
    main.o(.text) refers to oled.o(.text) for OLED_Init
    main.o(.text) refers to usart2.o(.text) for uart2_init
    main.o(.text) refers to motor.o(.text) for chassis_init
    main.o(.text) refers to pwm.o(.text) for TIM3_PWM_init
    main.o(.text) refers to timer.o(.text) for Timer1_Init
    main.o(.text) refers to ffix.o(x$fpl$ffix) for __aeabi_f2iz
    main.o(.text) refers to vcan.o(.text) for shanwai_send
    main.o(.text) refers to mpu6050.o(.data) for Yaw
    delay.o(.text) refers to delay.o(.data) for fac_us
    sys.o(.text) refers to sys.o(.emb_text) for WFI_SET
    usart.o(.text) refers (Special) to use_no_semi_2.o(.text) for __use_no_semihosting
    usart.o(.text) refers to fflt_clz.o(x$fpl$ffltu) for __aeabi_ui2f
    usart.o(.text) refers to fdiv.o(x$fpl$fdiv) for __aeabi_fdiv
    usart.o(.text) refers to ffixu.o(x$fpl$ffixu) for __aeabi_f2uiz
    usart.o(.text) refers to faddsub_clz.o(x$fpl$frsb) for __aeabi_frsub
    usart.o(.text) refers to fmul.o(x$fpl$fmul) for __aeabi_fmul
    usart.o(.data) refers (Special) to use_no_semi_2.o(.text) for __use_no_semihosting
    ioi2c.o(.text) refers to delay.o(.text) for delay_us
    timer.o(.text) refers to sys.o(.text) for MY_NVIC_Init
    led.o(.text) refers to led.o(.data) for temp
    oled.o(.text) refers to delay.o(.text) for delay_ms
    oled.o(.text) refers to oled.o(.bss) for OLED_GRAM
    oled.o(.text) refers to oled.o(.constdata) for oled_asc2_1206
    key.o(.text) refers to sys.o(.text) for Ex_NVIC_Config
    key.o(.text) refers to delay.o(.text) for delay_ms
    key.o(.text) refers to key.o(.data) for Forever_count
    vcan.o(.text) refers to ffix.o(x$fpl$ffix) for __aeabi_f2iz
    vcan.o(.text) refers to vcan.o(.bss) for wave_form_data
    vcan.o(.text) refers to main.o(.data) for Angle_Balance
    vcan.o(.text) refers to mpu6050.o(.data) for Pitch
    infr.o(.text) refers to pwm.o(.text) for set_motor_pwm
    infr.o(.text) refers to infr.o(.data) for model
    usart2.o(.text) refers to fflt_clz.o(x$fpl$ffltu) for __aeabi_ui2f
    usart2.o(.text) refers to fdiv.o(x$fpl$fdiv) for __aeabi_fdiv
    usart2.o(.text) refers to ffixu.o(x$fpl$ffixu) for __aeabi_f2uiz
    usart2.o(.text) refers to faddsub_clz.o(x$fpl$frsb) for __aeabi_frsub
    usart2.o(.text) refers to fmul.o(x$fpl$fmul) for __aeabi_fmul
    pca9685.o(.text) refers to ioi2c.o(.text) for IIC_Start
    pca9685.o(.text) refers to f2d.o(x$fpl$f2d) for __aeabi_f2d
    pca9685.o(.text) refers to dmul.o(x$fpl$dmul) for __aeabi_dmul
    pca9685.o(.text) refers to d2f.o(x$fpl$d2f) for __aeabi_d2f
    pca9685.o(.text) refers to ddiv.o(x$fpl$ddiv) for __aeabi_ddiv
    pca9685.o(.text) refers to daddsub_clz.o(x$fpl$dsub) for __aeabi_dsub
    pca9685.o(.text) refers to daddsub_clz.o(x$fpl$dadd) for __aeabi_dadd
    pca9685.o(.text) refers to floor.o(i.floor) for floor
    pca9685.o(.text) refers to dfixu.o(x$fpl$dfixu) for __aeabi_d2uiz
    pca9685.o(.text) refers to delay.o(.text) for delay_ms
    control.o(.text) refers to mpu6050.o(.text) for Read_DMP
    control.o(.text) refers to pwm.o(.text) for set_motor_pwm
    control.o(.text) refers to motor.o(.text) for chassis_turn_right
    control.o(.text) refers to ffix.o(x$fpl$ffix) for __aeabi_f2iz
    control.o(.text) refers to oled.o(.text) for OLED_ShowNumber
    control.o(.text) refers to ioi2c.o(.text) for I2C_ReadOneByte
[...]
    ../fplib/trapv.s                         0x00000000   Number         0  trapv.o ABSOLUTE
    ../fplib/usenofp.s                       0x00000000   Number         0  usenofp.o ABSOLUTE
    ../mathlib/asin.c                        0x00000000   Number         0  asin_x.o ABSOLUTE
    ../mathlib/asin.c                        0x00000000   Number         0  asin.o ABSOLUTE
    ../mathlib/atan.c                        0x00000000   Number         0  atan.o ABSOLUTE
    ../mathlib/atan.c                        0x00000000   Number         0  atan_x.o ABSOLUTE
    ../mathlib/atan2.c                       0x00000000   Number         0  atan2_x.o ABSOLUTE
    ../mathlib/atan2.c                       0x00000000   Number         0  atan2.o ABSOLUTE
    ../mathlib/dunder.c                      0x00000000   Number         0  dunder.o ABSOLUTE
    ../mathlib/floor.c                       0x00000000   Number         0  floor.o ABSOLUTE
    ../mathlib/fpclassify.c                  0x00000000   Number         0  fpclassify.o ABSOLUTE
    ../mathlib/poly.c                        0x00000000   Number         0  poly.o ABSOLUTE
    ../mathlib/qnan.c                        0x00000000   Number         0  qnan.o ABSOLUTE
    ../mathlib/sqrt.c                        0x00000000   Number         0  sqrt_x.o ABSOLUTE
    ../mathlib/sqrt.c                        0x00000000   Number         0  sqrt.o ABSOLUTE
    ..\BALANCE\CONTROL\control.c             0x00000000   Number         0  control.o ABSOLUTE
    ..\BALANCE\DMP\inv_mpu.c                 0x00000000   Number         0  inv_mpu.o ABSOLUTE
    ..\BALANCE\DMP\inv_mpu_dmp_motion_driver.c 0x00000000   Number         0  inv_mpu_dmp_motion_driver.o ABSOLUTE
    ..\BALANCE\MPU6050\MPU6050.c             0x00000000   Number         0  mpu6050.o ABSOLUTE
    ..\BALANCE\filter\filter.c               0x00000000   Number         0  filter.o ABSOLUTE
    ..\HARDWARE\IIC\IOI2C.c                  0x00000000   Number         0  ioi2c.o ABSOLUTE
    ..\HARDWARE\INFRARED\infr.c              0x00000000   Number         0  infr.o ABSOLUTE
    ..\HARDWARE\KEY\key.c                    0x00000000   Number         0  key.o ABSOLUTE
    ..\HARDWARE\LED\LED.C                    0x00000000   Number         0  led.o ABSOLUTE
    ..\HARDWARE\MOTOR\motor.c                0x00000000   Number         0  motor.o ABSOLUTE
    ..\HARDWARE\OLED\oled.c                  0x00000000   Number         0  oled.o ABSOLUTE
    ..\HARDWARE\PCA9685\pca9685.c            0x00000000   Number         0  pca9685.o ABSOLUTE
    ..\HARDWARE\PWM\pwm.c                    0x00000000   Number         0  pwm.o ABSOLUTE
    ..\HARDWARE\TIMER\timer.c                0x00000000   Number         0  timer.o ABSOLUTE
    ..\HARDWARE\USART2\usart2.c              0x00000000   Number         0  usart2.o ABSOLUTE
    ..\HARDWARE\VCAN\vcan.c                  0x00000000   Number         0  vcan.o ABSOLUTE
    ..\SYSTEM\delay\delay.c                  0x00000000   Number         0  delay.o ABSOLUTE
    ..\SYSTEM\sys\sys.c                      0x00000000   Number         0  sys.o ABSOLUTE
    ..\SYSTEM\usart\usart.c                  0x00000000   Number         0  usart.o ABSOLUTE
    ..\\SYSTEM\\sys\\sys.c                   0x00000000   Number         0  sys.o ABSOLUTE
    dc.s                                     0x00000000   Number         0  dc.o ABSOLUTE
    main.c                                   0x00000000   Number         0  main.o ABSOLUTE
    startup_stm32f10x_md.s                   0x00000000   Number         0  startup_stm32f10x_md.o ABSOLUTE
    RESET                                    0x08000000   Section      236  startup_stm32f10x_md.o(RESET)
    !!!main                                  0x080000ec   Section        8  __main.o(!!!main)
    !!!scatter                               0x080000f4   Section       52  __scatter.o(!!!scatter)
    !!handler_copy                           0x08000128   Section       26  __scatter_copy.o(!!handler_copy)
    !!handler_zi                             0x08000144   Section       28  __scatter_zi.o(!!handler_zi)
    .ARM.Collect$$_printf_percent$$00000000  0x08000160   Section        0  _printf_percent.o(.ARM.Collect$$_printf_percent$$00000000)
    .ARM.Collect$$_printf_percent$$00000009  0x08000160   Section        6  _printf_d.o(.ARM.Collect$$_printf_percent$$00000009)
    .ARM.Collect$$_printf_percent$$00000017  0x08000166   Section        4  _printf_percent_end.o(.ARM.Collect$$_printf_percent$$00000017)
    .ARM.Collect$$libinit$$00000000          0x0800016a   Section        2  libinit.o(.ARM.Collect$$libinit$$00000000)
    .ARM.Collect$$libinit$$00000002          0x0800016c   Section        0  libinit2.o(.ARM.Collect$$libinit$$00000002)
    .ARM.Collect$$libinit$$00000004          0x0800016c   Section        0  libinit2.o(.ARM.Collect$$libinit$$00000004)
    .ARM.Collect$$libinit$$0000000A          0x0800016c   Section        0  libinit2.o(.ARM.Collect$$libinit$$0000000A)
    .ARM.Collect$$libinit$$0000000C          0x0800016c   Section        0  libinit2.o(.ARM.Collect$$libinit$$0000000C)
    .ARM.Collect$$libinit$$0000000E          0x0800016c   Section        0  libinit2.o(.ARM.Collect$$libinit$$0000000E)
    .ARM.Collect$$libinit$$00000011          0x0800016c   Section        0  libinit2.o(.ARM.Collect$$libinit$$00000011)
    .ARM.Collect$$libinit$$00000013          0x0800016c   Section        0  libinit2.o(.ARM.Collect$$libinit$$00000013)
    .ARM.Collect$$libinit$$00000015          0x0800016c   Section        0  libinit2.o(.ARM.Collect$$libinit$$00000015)
    .ARM.Collect$$libinit$$00000017          0x0800016c   Section        0  libinit2.o(.ARM.Collect$$libinit$$00000017)
    .ARM.Collect$$libinit$$00000019          0x0800016c   Section        0  libinit2.o(.ARM.Collect$$libinit$$00000019)
    .ARM.Collect$$libinit$$0000001B          0x0800016c   Section        0  libinit2.o(.ARM.Collect$$libinit$$0000001B)
    .ARM.Collect$$libinit$$0000001D          0x0800016c   Section        0  libinit2.o(.ARM.Collect$$libinit$$0000001D)
    .ARM.Collect$$libinit$$0000001F          0x0800016c   Section        0  libinit2.o(.ARM.Collect$$libinit$$0000001F)
    .ARM.Collect$$libinit$$00000021          0x0800016c   Section        0  libinit2.o(.ARM.Collect$$libinit$$00000021)
    .ARM.Collect$$libinit$$00000023          0x0800016c   Section        0  libinit2.o(.ARM.Collect$$libinit$$00000023)
    .ARM.Collect$$libinit$$00000025          0x0800016c   Section        0  libinit2.o(.ARM.Collect$$libinit$$00000025)
    .ARM.Collect$$libinit$$0000002C          0x0800016c   Section        0  libinit2.o(.ARM.Collect$$libinit$$0000002C)
    .ARM.Collect$$libinit$$0000002E          0x0800016c   Section        0  libinit2.o(.ARM.Collect$$libinit$$0000002E)
    .ARM.Collect$$libinit$$00000030          0x0800016c   Section        0  libinit2.o(.ARM.Collect$$libinit$$00000030)
    .ARM.Collect$$libinit$$00000032          0x0800016c   Section        0  libinit2.o(.ARM.Collect$$libinit$$00000032)
    .ARM.Collect$$libinit$$00000033          0x0800016c   Section        2  libinit2.o(.ARM.Collect$$libinit$$00000033)
    .ARM.Collect$$libshutdown$$00000000      0x0800016e   Section        2  libshutdown.o(.ARM.Collect$$libshutdown$$00000000)
    .ARM.Collect$$libshutdown$$00000002      0x08000170   Section        0  libshutdown2.o(.ARM.Collect$$libshutdown$$00000002)
    .ARM.Collect$$libshutdown$$00000004      0x08000170   Section        0  libshutdown2.o(.ARM.Collect$$libshutdown$$00000004)
    .ARM.Collect$$libshutdown$$00000007      0x08000170   Section        0  libshutdown2.o(.ARM.Collect$$libshutdown$$00000007)
    .ARM.Collect$$libshutdown$$0000000A      0x08000170   Section        0  libshutdown2.o(.ARM.Collect$$libshutdown$$0000000A)
    .ARM.Collect$$libshutdown$$0000000C      0x08000170   Section        0  libshutdown2.o(.ARM.Collect$$libshutdown$$0000000C)
    .ARM.Collect$$libshutdown$$0000000F      0x08000170   Section        0  libshutdown2.o(.ARM.Collect$$libshutdown$$0000000F)
    .ARM.Collect$$libshutdown$$00000010      0x08000170   Section        2  libshutdown2.o(.ARM.Collect$$libshutdown$$00000010)
    .ARM.Collect$$rtentry$$00000000          0x08000172   Section        0  __rtentry.o(.ARM.Collect$$rtentry$$00000000)
    .ARM.Collect$$rtentry$$00000002          0x08000172   Section        0  __rtentry2.o(.ARM.Collect$$rtentry$$00000002)
    .ARM.Collect$$rtentry$$00000004          0x08000172   Section        6  __rtentry4.o(.ARM.Collect$$rtentry$$00000004)
    .ARM.Collect$$rtentry$$00000009          0x08000178   Section        0  __rtentry2.o(.ARM.Collect$$rtentry$$00000009)
    .ARM.Collect$$rtentry$$0000000A          0x08000178   Section        4  __rtentry2.o(.ARM.Collect$$rtentry$$0000000A)
    .ARM.Collect$$rtentry$$0000000C          0x0800017c   Section        0  __rtentry2.o(.ARM.Collect$$rtentry$$0000000C)
    .ARM.Collect$$rtentry$$0000000D          0x0800017c   Section        8  __rtentry2.o(.ARM.Collect$$rtentry$$0000000D)
    .ARM.Collect$$rtexit$$00000000           0x08000184   Section        2  rtexit.o(.ARM.Collect$$rtexit$$00000000)
    .ARM.Collect$$rtexit$$00000002           0x08000186   Section        0  rtexit2.o(.ARM.Collect$$rtexit$$00000002)
    .ARM.Collect$$rtexit$$00000003           0x08000186   Section        4  rtexit2.o(.ARM.Collect$$rtexit$$00000003)
    .ARM.Collect$$rtexit$$00000004           0x0800018a   Section        6  rtexit2.o(.ARM.Collect$$rtexit$$00000004)
    .emb_text                                0x08000190   Section       12  sys.o(.emb_text)
    .text                                    0x0800019c   Section       56  startup_stm32f10x_md.o(.text)
    .text                                    0x080001d4   Section        0  main.o(.text)
    .text                                    0x08000270   Section        0  delay.o(.text)
    .text                                    0x08000320   Section        0  sys.o(.text)
    .text                                    0x080005dc   Section        0  usart.o(.text)
    .text                                    0x080006c0   Section        0  ioi2c.o(.text)
    .text                                    0x08000bd4   Section        0  timer.o(.text)
    .text                                    0x08000c30   Section        0  led.o(.text)
    .text                                    0x08000ca4   Section        0  oled.o(.text)
    .text                                    0x080010e8   Section        0  key.o(.text)
    .text                                    0x080012c0   Section        0  vcan.o(.text)
    .text                                    0x08001374   Section        0  usart2.o(.text)
    .text                                    0x08001460   Section        0  motor.o(.text)
    .text                                    0x0800158c   Section        0  pwm.o(.text)
    .text                                    0x0800168c   Section        0  control.o(.text)
    .text                                    0x0800183c   Section        0  inv_mpu.o(.text)
    set_int_enable                           0x0800183d   Thumb Code   138  inv_mpu.o(.text)
    get_accel_prod_shift                     0x08002a85   Thumb Code   168  inv_mpu.o(.text)
    accel_self_test                          0x08002b2d   Thumb Code   164  inv_mpu.o(.text)
    gyro_self_test                           0x08002bd1   Thumb Code   280  inv_mpu.o(.text)
    get_st_biases                            0x08002ce9   Thumb Code  1136  inv_mpu.o(.text)
    .text                                    0x080036cc   Section        0  inv_mpu_dmp_motion_driver.o(.text)
    decode_gesture                           0x08004181   Thumb Code    94  inv_mpu_dmp_motion_driver.o(.text)
    .text                                    0x0800443c   Section        0  filter.o(.text)
    .text                                    0x08004744   Section        0  mpu6050.o(.text)
    inv_row_2_scale                          0x08004745   Thumb Code    78  mpu6050.o(.text)
    inv_orientation_matrix_to_scalar         0x08004793   Thumb Code    40  mpu6050.o(.text)
    run_self_test                            0x080047bb   Thumb Code   150  mpu6050.o(.text)
    .text                                    0x08005024   Section        2  use_no_semi_2.o(.text)
    .text                                    0x08005026   Section       72  llsdiv.o(.text)
    .text                                    0x08005070   Section        0  noretval__2printf.o(.text)
    .text                                    0x08005088   Section        0  __printf.o(.text)
    .text                                    0x080050f0   Section        0  _printf_dec.o(.text)
    .text                                    0x08005168   Section        0  memcmp.o(.text)
    .text                                    0x080051c0   Section       16  aeabi_memset.o(.text)
    .text                                    0x080051d0   Section        0  heapauxi.o(.text)
    .text                                    0x080051d6   Section        2  use_no_semi.o(.text)
    .text                                    0x080051d8   Section      238  lludivv7m.o(.text)
    .text                                    0x080052c6   Section        0  _rserrno.o(.text)
    .text                                    0x080052dc   Section        0  _printf_intcommon.o(.text)
    .text                                    0x08005390   Section        0  _printf_char_file.o(.text)
    .text                                    0x080053b4   Section       68  rt_memclr.o(.text)
    .text                                    0x080053f8   Section        8  rt_errno_addr_intlibspace.o(.text)
    .text                                    0x08005400   Section        0  _printf_char_common.o(.text)
    _printf_input_char                       0x08005401   Thumb Code    10  _printf_char_common.o(.text)
    .text                                    0x08005430   Section        0  ferror.o(.text)
    .text                                    0x08005438   Section       78  rt_memclr_w.o(.text)
    .text                                    0x08005488   Section        8  libspace.o(.text)
    .text                                    0x08005490   Section       74  sys_stackheap_outer.o(.text)
    .text                                    0x080054da   Section        0  exit.o(.text)
    i.__ARM_fpclassify                       0x080054ec   Section        0  fpclassify.o(i.__ARM_fpclassify)
    i.__kernel_poly                          0x08005514   Section        0  poly.o(i.__kernel_poly)
    i.__mathlib_dbl_infnan                   0x080055be   Section        0  dunder.o(i.__mathlib_dbl_infnan)
    i.__mathlib_dbl_infnan2                  0x080055c4   Section        0  dunder.o(i.__mathlib_dbl_infnan2)
    i.__mathlib_dbl_invalid                  0x080055c8   Section        0  dunder.o(i.__mathlib_dbl_invalid)
    i.__mathlib_dbl_underflow                0x080055d4   Section        0  dunder.o(i.__mathlib_dbl_underflow)
    i.asin                                   0x080055e4   Section        0  asin.o(i.asin)
    i.atan                                   0x08005854   Section        0  atan.o(i.atan)
    i.atan2                                  0x08005a74   Section        0  atan2.o(i.atan2)
    i.sqrt                                   0x08005bf4   Section        0  sqrt.o(i.sqrt)
    x$fpl$d2f                                0x08005c40   Section       98  d2f.o(x$fpl$d2f)
    x$fpl$dadd                               0x08005ca4   Section      336  daddsub_clz.o(x$fpl$dadd)
    _dadd1                                   0x08005cb5   Thumb Code     0  daddsub_clz.o(x$fpl$dadd)
    x$fpl$dcheck1                            0x08005df4   Section       16  dcheck1.o(x$fpl$dcheck1)
    x$fpl$ddiv                               0x08005e04   Section      688  ddiv.o(x$fpl$ddiv)
    ddiv_entry                               0x08005e0b   Thumb Code     0  ddiv.o(x$fpl$ddiv)
    x$fpl$dmul                               0x080060b4   Section      340  dmul.o(x$fpl$dmul)
    x$fpl$dnaninf                            0x08006208   Section      156  dnaninf.o(x$fpl$dnaninf)
    x$fpl$dretinf                            0x080062a4   Section       12  dretinf.o(x$fpl$dretinf)
    x$fpl$drsb                               0x080062b0   Section       22  daddsub_clz.o(x$fpl$drsb)
    x$fpl$dsqrt                              0x080062c8   Section      460  dsqrt_noumaal.o(x$fpl$dsqrt)
    x$fpl$dsub                               0x08006494   Section      468  daddsub_clz.o(x$fpl$dsub)
    _dsub1                                   0x080064a5   Thumb Code     0  daddsub_clz.o(x$fpl$dsub)
    x$fpl$f2d                                0x08006668   Section       86  f2d.o(x$fpl$f2d)
    x$fpl$fadd                               0x080066c0   Section      196  faddsub_clz.o(x$fpl$fadd)
    _fadd1                                   0x080066cf   Thumb Code     0  faddsub_clz.o(x$fpl$fadd)
    x$fpl$fcmpinf                            0x08006784   Section       24  fcmpi.o(x$fpl$fcmpinf)
    x$fpl$fdiv                               0x0800679c   Section      388  fdiv.o(x$fpl$fdiv)
    _fdiv1                                   0x0800679d   Thumb Code     0  fdiv.o(x$fpl$fdiv)
    x$fpl$feqf                               0x08006920   Section      104  feqf.o(x$fpl$feqf)
    x$fpl$ffix                               0x08006988   Section       54  ffix.o(x$fpl$ffix)
    x$fpl$ffixu                              0x080069c0   Section       62  ffixu.o(x$fpl$ffixu)
    x$fpl$fflt                               0x08006a00   Section       48  fflt_clz.o(x$fpl$fflt)
    x$fpl$ffltu                              0x08006a30   Section       38  fflt_clz.o(x$fpl$ffltu)
    x$fpl$fleqf                              0x08006a58   Section      104  fleqf.o(x$fpl$fleqf)
    x$fpl$fmul                               0x08006ac0   Section      258  fmul.o(x$fpl$fmul)
    x$fpl$fnaninf                            0x08006bc2   Section      140  fnaninf.o(x$fpl$fnaninf)
    x$fpl$fretinf                            0x08006c4e   Section       10  fretinf.o(x$fpl$fretinf)
    x$fpl$frleqf                             0x08006c58   Section       98  frleqf.o(x$fpl$frleqf)
    x$fpl$frsb                               0x08006cba   Section       20  faddsub_clz.o(x$fpl$frsb)
    x$fpl$fsub                               0x08006cd0   Section      234  faddsub_clz.o(x$fpl$fsub)
    _fsub1                                   0x08006cdf   Thumb Code     0  faddsub_clz.o(x$fpl$fsub)
    x$fpl$retnan                             0x08006dba   Section      100  retnan.o(x$fpl$retnan)
    x$fpl$scalbn                             0x08006e1e   Section       92  scalbn.o(x$fpl$scalbn)
    x$fpl$trapveneer                         0x08006e7a   Section       48  trapv.o(x$fpl$trapveneer)
    .constdata                               0x08006eaa   Section     2660  oled.o(.constdata)
    x$fpl$usenofp                            0x08006eaa   Section        0  usenofp.o(x$fpl$usenofp)
    .constdata                               0x08007910   Section       80  inv_mpu.o(.constdata)
    .constdata                               0x08007960   Section     3062  inv_mpu_dmp_motion_driver.o(.constdata)
    dmp_memory                               0x08007960   Data        3062  inv_mpu_dmp_motion_driver.o(.constdata)
    .constdata                               0x08008558   Section       80  asin.o(.constdata)
    pS                                       0x08008558   Data          48  asin.o(.constdata)
    qS                                       0x08008588   Data          32  asin.o(.constdata)
    .constdata                               0x080085a8   Section      152  atan.o(.constdata)
    atanhi                                   0x080085a8   Data          32  atan.o(.constdata)
    atanlo                                   0x080085c8   Data          32  atan.o(.constdata)
    aTodd                                    0x080085e8   Data          40  atan.o(.constdata)
    aTeven                                   0x08008610   Data          48  atan.o(.constdata)
    .constdata                               0x08008640   Section        8  qnan.o(.constdata)
    .conststring                             0x08008648   Section       78  inv_mpu.o(.conststring)
    .data                                    0x20000000   Section        8  main.o(.data)
    .data                                    0x20000008   Section        4  delay.o(.data)
    fac_us                                   0x20000008   Data           1  delay.o(.data)
    fac_ms                                   0x2000000a   Data           2  delay.o(.data)
    .data                                    0x2000000c   Section        4  usart.o(.data)
    .data                                    0x20000010   Section        4  led.o(.data)
    temp                                     0x20000010   Data           4  led.o(.data)
    .data                                    0x20000014   Section       14  key.o(.data)
    flag_key                                 0x20000014   Data           1  key.o(.data)
    count_key                                0x20000015   Data           1  key.o(.data)
    double_key                               0x20000016   Data           1  key.o(.data)
    count_single                             0x20000018   Data           2  key.o(.data)
    Forever_count                            0x2000001a   Data           2  key.o(.data)
    flag_key                                 0x2000001c   Data           1  key.o(.data)
    Long_Press_count                         0x2000001e   Data           2  key.o(.data)
    Long_Press                               0x20000020   Data           2  key.o(.data)
    .data                                    0x20000024   Section       44  inv_mpu.o(.data)
    st                                       0x20000024   Data          44  inv_mpu.o(.data)
    .data                                    0x20000050   Section       84  filter.o(.data)
    .data                                    0x200000a4   Section       60  mpu6050.o(.data)
    gyro_orientation                         0x200000d0   Data           9  mpu6050.o(.data)
    .bss                                     0x200000e0   Section     1024  oled.o(.bss)
    .bss                                     0x200004e0   Section       12  vcan.o(.bss)
    .bss                                     0x200004ec   Section       16  inv_mpu_dmp_motion_driver.o(.bss)
    dmp                                      0x200004ec   Data          16  inv_mpu_dmp_motion_driver.o(.bss)
    .bss                                     0x200004fc   Section       16  filter.o(.bss)
    .bss                                     0x2000050c   Section      146  mpu6050.o(.bss)
    .bss                                     0x200005a0   Section       96  libspace.o(.bss)
    HEAP                                     0x20000600   Section      512  startup_stm32f10x_md.o(HEAP)
    Heap_Mem                                 0x20000600   Data         512  startup_stm32f10x_md.o(HEAP)
    STACK                                    0x20000800   Section     1024  startup_stm32f10x_md.o(STACK)
    Stack_Mem                                0x20000800   Data        1024  startup_stm32f10x_md.o(STACK)
    __initial_sp                             0x20000c00   Data           0  startup_stm32f10x_md.o(STACK)

    Global Symbols

    Symbol Name                              Value     Ov Type        Size  Object(Section)

    BuildAttributes$$THM_ISAv4$P$D$K$B$S$PE$A:L22UL41UL21$X:L11$S22US41US21$IEEE1$IW$USESV6$~STKCKD$USESV7$~SHL$OTIME$ROPI$IEEEX$EBA8$UX$STANDARDLIB$REQ8$PRES8$EABIv2 0x00000000   Number         0  anon$$obj.o ABSOLUTE
    __ARM_use_no_argv                        0x00000000   Number         0  main.o ABSOLUTE
    __ARM_exceptions_init                     - Undefined Weak Reference
    __alloca_initialize                       - Undefined Weak Reference
    __arm_preinit_                            - Undefined Weak Reference
    __cpp_initialize__aeabi_                  - Undefined Weak Reference
    __cxa_finalize                            - Undefined Weak Reference
    __rt_locale                               - Undefined Weak Reference
    __sigvec_lookup                           - Undefined Weak Reference
    _atexit_init                              - Undefined Weak Reference
    _call_atexit_fns                          - Undefined Weak Reference
    _clock_init                               - Undefined Weak Reference
    _fp_trap_init                             - Undefined Weak Reference
    _fp_trap_shutdown                         - Undefined Weak Reference
    _get_lc_collate                           - Undefined Weak Reference
    _get_lc_ctype                             - Undefined Weak Reference
    _get_lc_monetary                          - Undefined Weak Reference
    _get_lc_numeric                           - Undefined Weak Reference
    _get_lc_time                              - Undefined Weak Reference
    _getenv_init                              - Undefined Weak Reference
    _handle_redirection                       - Undefined Weak Reference
    _init_alloc                               - Undefined Weak Reference
    _init_user_alloc                          - Undefined Weak Reference
    _initio                                   - Undefined Weak Reference
    _mutex_acquire                            - Undefined Weak Reference
    _mutex_release                            - Undefined Weak Reference
    _printf_post_padding                      - Undefined Weak Reference
    _printf_pre_padding                       - Undefined Weak Reference
    _printf_truncate_signed                   - Undefined Weak Reference
    _printf_truncate_unsigned                 - Undefined Weak Reference
    _rand_init                                - Undefined Weak Reference
    _signal_finish                            - Undefined Weak Reference
    _signal_init                              - Undefined Weak Reference
    _terminate_alloc                          - Undefined Weak Reference
    _terminate_user_alloc                     - Undefined Weak Reference
    _terminateio                              - Undefined Weak Reference
    __Vectors_Size                           0x000000ec   Number         0  startup_stm32f10x_md.o ABSOLUTE
    __Vectors                                0x08000000   Data           4  startup_stm32f10x_md.o(RESET)
    __Vectors_End                            0x080000ec   Data           0  startup_stm32f10x_md.o(RESET)
    __main                                   0x080000ed   Thumb Code     8  __main.o(!!!main)
    __scatterload                            0x080000f5   Thumb Code     0  __scatter.o(!!!scatter)
    __scatterload_rt2                        0x080000f5   Thumb Code    44  __scatter.o(!!!scatter)
    __scatterload_rt2_thumb_only             0x080000f5   Thumb Code     0  __scatter.o(!!!scatter)
    __scatterload_null                       0x08000103   Thumb Code     0  __scatter.o(!!!scatter)
    __scatterload_copy                       0x08000129   Thumb Code    26  __scatter_copy.o(!!handler_copy)
    __scatterload_zeroinit                   0x08000145   Thumb Code    28  __scatter_zi.o(!!handler_zi)
    _printf_d                                0x08000161   Thumb Code     0  _printf_d.o(.ARM.Collect$$_printf_percent$$00000009)
    _printf_percent                          0x08000161   Thumb Code     0  _printf_percent.o(.ARM.Collect$$_printf_percent$$00000000)
    _printf_percent_end                      0x08000167   Thumb Code     0  _printf_percent_end.o(.ARM.Collect$$_printf_percent$$00000017)
    __rt_lib_init                            0x0800016b   Thumb Code     0  libinit.o(.ARM.Collect$$libinit$$00000000)
    __rt_lib_init_alloca_1                   0x0800016d   Thumb Code     0  libinit2.o(.ARM.Collect$$libinit$$0000002E)
    __rt_lib_init_argv_1                     0x0800016d   Thumb Code     0  libinit2.o(.ARM.Collect$$libinit$$0000002C)
    __rt_lib_init_atexit_1                   0x0800016d   Thumb Code     0  libinit2.o(.ARM.Collect$$libinit$$0000001B)
    __rt_lib_init_clock_1                    0x0800016d   Thumb Code     0  libinit2.o(.ARM.Collect$$libinit$$00000021)
    __rt_lib_init_cpp_1                      0x0800016d   Thumb Code     0  libinit2.o(.ARM.Collect$$libinit$$00000032)
    __rt_lib_init_exceptions_1               0x0800016d   Thumb Code     0  libinit2.o(.ARM.Collect$$libinit$$00000030)
    __rt_lib_init_fp_1                       0x0800016d   Thumb Code     0  libinit2.o(.ARM.Collect$$libinit$$00000002)
    __rt_lib_init_fp_trap_1                  0x0800016d   Thumb Code     0  libinit2.o(.ARM.Collect$$libinit$$0000001F)
    __rt_lib_init_getenv_1                   0x0800016d   Thumb Code     0  libinit2.o(.ARM.Collect$$libinit$$00000023)
    __rt_lib_init_heap_1                     0x0800016d   Thumb Code     0  libinit2.o(.ARM.Collect$$libinit$$0000000A)
    __rt_lib_init_lc_collate_1               0x0800016d   Thumb Code     0  libinit2.o(.ARM.Collect$$libinit$$00000011)
    __rt_lib_init_lc_ctype_1                 0x0800016d   Thumb Code     0  libinit2.o(.ARM.Collect$$libinit$$00000013)
    __rt_lib_init_lc_monetary_1              0x0800016d   Thumb Code     0  libinit2.o(.ARM.Collect$$libinit$$00000015)
    __rt_lib_init_lc_numeric_1               0x0800016d   Thumb Code     0  libinit2.o(.ARM.Collect$$libinit$$00000017)
    __rt_lib_init_lc_time_1                  0x0800016d   Thumb Code     0  libinit2.o(.ARM.Collect$$libinit$$00000019)
    __rt_lib_init_preinit_1                  0x0800016d   Thumb Code     0  libinit2.o(.ARM.Collect$$libinit$$00000004)
    __rt_lib_init_rand_1                     0x0800016d   Thumb Code     0  libinit2.o(.ARM.Collect$$libinit$$0000000E)
    __rt_lib_init_return                     0x0800016d   Thumb Code     0  libinit2.o(.ARM.Collect$$libinit$$00000033)
    __rt_lib_init_signal_1                   0x0800016d   Thumb Code     0  libinit2.o(.ARM.Collect$$libinit$$0000001D)
    __rt_lib_init_stdio_1                    0x0800016d   Thumb Code     0  libinit2.o(.ARM.Collect$$libinit$$00000025)
    __rt_lib_init_user_alloc_1               0x0800016d   Thumb Code     0  libinit2.o(.ARM.Collect$$libinit$$0000000C)
    __rt_lib_shutdown                        0x0800016f   Thumb Code     0  libshutdown.o(.ARM.Collect$$libshutdown$$00000000)
    __rt_lib_shutdown_cpp_1                  0x08000171   Thumb Code     0  libshutdown2.o(.ARM.Collect$$libshutdown$$00000002)
    __rt_lib_shutdown_fp_trap_1              0x08000171   Thumb Code     0  libshutdown2.o(.ARM.Collect$$libshutdown$$00000007)
    __rt_lib_shutdown_heap_1                 0x08000171   Thumb Code     0  libshutdown2.o(.ARM.Collect$$libshutdown$$0000000F)
    __rt_lib_shutdown_return                 0x08000171   Thumb Code     0  libshutdown2.o(.ARM.Collect$$libshutdown$$00000010)
    __rt_lib_shutdown_signal_1               0x08000171   Thumb Code     0  libshutdown2.o(.ARM.Collect$$libshutdown$$0000000A)
    __rt_lib_shutdown_stdio_1                0x08000171   Thumb Code     0  libshutdown2.o(.ARM.Collect$$libshutdown$$00000004)
    __rt_lib_shutdown_user_alloc_1           0x08000171   Thumb Code     0  libshutdown2.o(.ARM.Collect$$libshutdown$$0000000C)
    __rt_entry                               0x08000173   Thumb Code     0  __rtentry.o(.ARM.Collect$$rtentry$$00000000)
    __rt_entry_presh_1                       0x08000173   Thumb Code     0  __rtentry2.o(.ARM.Collect$$rtentry$$00000002)
    __rt_entry_sh                            0x08000173   Thumb Code     0  __rtentry4.o(.ARM.Collect$$rtentry$$00000004)
    __rt_entry_li                            0x08000179   Thumb Code     0  __rtentry2.o(.ARM.Collect$$rtentry$$0000000A)
    __rt_entry_postsh_1                      0x08000179   Thumb Code     0  __rtentry2.o(.ARM.Collect$$rtentry$$00000009)
    __rt_entry_main                          0x0800017d   Thumb Code     0  __rtentry2.o(.ARM.Collect$$rtentry$$0000000D)
    __rt_entry_postli_1                      0x0800017d   Thumb Code     0  __rtentry2.o(.ARM.Collect$$rtentry$$0000000C)
    __rt_exit                                0x08000185   Thumb Code     0  rtexit.o(.ARM.Collect$$rtexit$$00000000)
    __rt_exit_ls                             0x08000187   Thumb Code     0  rtexit2.o(.ARM.Collect$$rtexit$$00000003)
    __rt_exit_prels_1                        0x08000187   Thumb Code     0  rtexit2.o(.ARM.Collect$$rtexit$$00000002)
    __rt_exit_exit                           0x0800018b   Thumb Code     0  rtexit2.o(.ARM.Collect$$rtexit$$00000004)
    WFI_SET                                  0x08000191   Thumb Code     2  sys.o(.emb_text)
    INTX_DISABLE                             0x08000193   Thumb Code     2  sys.o(.emb_text)
    INTX_ENABLE                              0x08000195   Thumb Code     2  sys.o(.emb_text)
    MSR_MSP                                  0x08000197   Thumb Code     6  sys.o(.emb_text)
    Reset_Handler                            0x0800019d   Thumb Code     4  startup_stm32f10x_md.o(.text)
    NMI_Handler                              0x080001a1   Thumb Code     2  startup_stm32f10x_md.o(.text)
    HardFault_Handler                        0x080001a3   Thumb Code     2  startup_stm32f10x_md.o(.text)
    MemManage_Handler                        0x080001a5   Thumb Code     2  startup_stm32f10x_md.o(.text)
    BusFault_Handler                         0x080001a7   Thumb Code     2  startup_stm32f10x_md.o(.text)
    UsageFault_Handler                       0x080001a9   Thumb Code     2  startup_stm32f10x_md.o(.text)
    SVC_Handler                              0x080001ab   Thumb Code     2  startup_stm32f10x_md.o(.text)
    DebugMon_Handler                         0x080001ad   Thumb Code     2  startup_stm32f10x_md.o(.text)
    PendSV_Handler                           0x080001af   Thumb Code     2  startup_stm32f10x_md.o(.text)
    SysTick_Handler                          0x080001b1   Thumb Code     2  startup_stm32f10x_md.o(.text)
    ADC1_2_IRQHandler                        0x080001b3   Thumb Code     0  startup_stm32f10x_md.o(.text)
    CAN1_RX1_IRQHandler                      0x080001b3   Thumb Code     0  startup_stm32f10x_md.o(.text)
    CAN1_SCE_IRQHandler                      0x080001b3   Thumb Code     0  startup_stm32f10x_md.o(.text)
    DMA1_Channel1_IRQHandler                 0x080001b3   Thumb Code     0  startup_stm32f10x_md.o(.text)
    DMA1_Channel2_IRQHandler                 0x080001b3   Thumb Code     0  startup_stm32f10x_md.o(.text)
    DMA1_Channel3_IRQHandler                 0x080001b3   Thumb Code     0  startup_stm32f10x_md.o(.text)
    DMA1_Channel4_IRQHandler                 0x080001b3   Thumb Code     0  startup_stm32f10x_md.o(.text)
    DMA1_Channel5_IRQHandler                 0x080001b3   Thumb Code     0  startup_stm32f10x_md.o(.text)
    DMA1_Channel6_IRQHandler                 0x080001b3   Thumb Code     0  startup_stm32f10x_md.o(.text)
    DMA1_Channel7_IRQHandler                 0x080001b3   Thumb Code     0  startup_stm32f10x_md.o(.text)
    EXTI0_IRQHandler                         0x080001b3   Thumb Code     0  startup_stm32f10x_md.o(.text)
    EXTI15_10_IRQHandler                     0x080001b3   Thumb Code     0  startup_stm32f10x_md.o(.text)
    EXTI1_IRQHandler                         0x080001b3   Thumb Code     0  startup_stm32f10x_md.o(.text)
    EXTI2_IRQHandler                         0x080001b3   Thumb Code     0  startup_stm32f10x_md.o(.text)
    EXTI3_IRQHandler                         0x080001b3   Thumb Code     0  startup_stm32f10x_md.o(.text)
    EXTI4_IRQHandler                         0x080001b3   Thumb Code     0  startup_stm32f10x_md.o(.text)
    FLASH_IRQHandler                         0x080001b3   Thumb Code     0  startup_stm32f10x_md.o(.text)
    I2C1_ER_IRQHandler                       0x080001b3   Thumb Code     0  startup_stm32f10x_md.o(.text)
    I2C1_EV_IRQHandler                       0x080001b3   Thumb Code     0  startup_stm32f10x_md.o(.text)
    I2C2_ER_IRQHandler                       0x080001b3   Thumb Code     0  startup_stm32f10x_md.o(.text)
    I2C2_EV_IRQHandler                       0x080001b3   Thumb Code     0  startup_stm32f10x_md.o(.text)
    PVD_IRQHandler                           0x080001b3   Thumb Code     0  startup_stm32f10x_md.o(.text)
    RCC_IRQHandler                           0x080001b3   Thumb Code     0  startup_stm32f10x_md.o(.text)
    RTCAlarm_IRQHandler                      0x080001b3   Thumb Code     0  startup_stm32f10x_md.o(.text)
    RTC_IRQHandler                           0x080001b3   Thumb Code     0  startup_stm32f10x_md.o(.text)
    SPI1_IRQHandler                          0x080001b3   Thumb Code     0  startup_stm32f10x_md.o(.text)
    SPI2_IRQHandler                          0x080001b3   Thumb Code     0  startup_stm32f10x_md.o(.text)
    TAMPER_IRQHandler                        0x080001b3   Thumb Code     0  startup_stm32f10x_md.o(.text)
    TIM1_BRK_IRQHandler                      0x080001b3   Thumb Code     0  startup_stm32f10x_md.o(.text)
    TIM1_CC_IRQHandler                       0x080001b3   Thumb Code     0  startup_stm32f10x_md.o(.text)
    TIM1_TRG_COM_IRQHandler                  0x080001b3   Thumb Code     0  startup_stm32f10x_md.o(.text)
    TIM2_IRQHandler                          0x080001b3   Thumb Code     0  startup_stm32f10x_md.o(.text)
    TIM3_IRQHandler                          0x080001b3   Thumb Code     0  startup_stm32f10x_md.o(.text)
    TIM4_IRQHandler                          0x080001b3   Thumb Code     0  startup_stm32f10x_md.o(.text)
    USART1_IRQHandler                        0x080001b3   Thumb Code     0  startup_stm32f10x_md.o(.text)
    USART2_IRQHandler                        0x080001b3   Thumb Code     0  startup_stm32f10x_md.o(.text)
    USART3_IRQHandler                        0x080001b3   Thumb Code     0  startup_stm32f10x_md.o(.text)
    USBWakeUp_IRQHandler                     0x080001b3   Thumb Code     0  startup_stm32f10x_md.o(.text)
    USB_HP_CAN1_TX_IRQHandler                0x080001b3   Thumb Code     0  startup_stm32f10x_md.o(.text)
    USB_LP_CAN1_RX0_IRQHandler               0x080001b3   Thumb Code     0  startup_stm32f10x_md.o(.text)
    WWDG_IRQHandler                          0x080001b3   Thumb Code     0  startup_stm32f10x_md.o(.text)
    __user_initial_stackheap                 0x080001b5   Thumb Code     0  startup_stm32f10x_md.o(.text)
    main                                     0x080001d5   Thumb Code   142  main.o(.text)
    delay_init                               0x08000271   Thumb Code    56  delay.o(.text)
    delay_us                                 0x080002a9   Thumb Code    56  delay.o(.text)
    delay_ms                                 0x080002e1   Thumb Code    56  delay.o(.text)
    MY_NVIC_SetVectorTable                   0x08000321   Thumb Code    12  sys.o(.text)
    MY_NVIC_PriorityGroupConfig              0x0800032d   Thumb Code    36  sys.o(.text)
    MY_NVIC_Init                             0x08000351   Thumb Code   116  sys.o(.text)
    Ex_NVIC_Config                           0x080003c5   Thumb Code   146  sys.o(.text)
    MYRCC_DeInit                             0x08000457   Thumb Code    90  sys.o(.text)
    Sys_Standby                              0x080004b1   Thumb Code    68  sys.o(.text)
    Sys_Soft_Reset                           0x080004f5   Thumb Code    12  sys.o(.text)
    JTAG_Set                                 0x08000501   Thumb Code    42  sys.o(.text)
    Stm32_Clock_Init                         0x0800052b   Thumb Code   134  sys.o(.text)
    _sys_exit                                0x080005dd   Thumb Code     6  usart.o(.text)
    fputc                                    0x080005e3   Thumb Code    24  usart.o(.text)
    uart_init                                0x080005fb   Thumb Code   182  usart.o(.text)
    IIC_Init                                 0x080006c1   Thumb Code    42  ioi2c.o(.text)
    IIC_Start                                0x080006eb   Thumb Code    92  ioi2c.o(.text)
    IIC_Stop                                 0x08000747   Thumb Code    64  ioi2c.o(.text)
    IIC_Wait_Ack                             0x08000787   Thumb Code    92  ioi2c.o(.text)
    IIC_Ack                                  0x080007e3   Thumb Code    68  ioi2c.o(.text)
    IIC_NAck                                 0x08000827   Thumb Code    66  ioi2c.o(.text)
    IIC_Send_Byte                            0x08000869   Thumb Code    90  ioi2c.o(.text)
    i2cWrite                                 0x080008c3   Thumb Code    96  ioi2c.o(.text)
    IIC_Read_Byte                            0x08000923   Thumb Code   100  ioi2c.o(.text)
    i2cRead                                  0x08000987   Thumb Code   118  ioi2c.o(.text)
    I2C_ReadOneByte                          0x080009fd   Thumb Code    70  ioi2c.o(.text)
    IICreadBytes                             0x08000a43   Thumb Code   118  ioi2c.o(.text)
    IICwriteBytes                            0x08000ab9   Thumb Code    70  ioi2c.o(.text)
    IICreadByte                              0x08000aff   Thumb Code    22  ioi2c.o(.text)
    IICwriteByte                             0x08000b15   Thumb Code    20  ioi2c.o(.text)
    IICwriteBits                             0x08000b29   Thumb Code   106  ioi2c.o(.text)
    IICwriteBit                              0x08000b93   Thumb Code    64  ioi2c.o(.text)
    Timer1_Init                              0x08000bd5   Thumb Code    82  timer.o(.text)
    LED_Init                                 0x08000c31   Thumb Code    52  led.o(.text)
    Led_Flash                                0x08000c65   Thumb Code    44  led.o(.text)
    OLED_WR_Byte                             0x08000ca5   Thumb Code    78  oled.o(.text)
    OLED_Refresh_Gram                        0x08000cf3   Thumb Code    70  oled.o(.text)
    OLED_Display_On                          0x08000d39   Thumb Code    28  oled.o(.text)
    OLED_Display_Off                         0x08000d55   Thumb Code    28  oled.o(.text)
    OLED_Clear                               0x08000d71   Thumb Code    42  oled.o(.text)
    OLED_DrawPoint                           0x08000d9b   Thumb Code   100  oled.o(.text)
    OLED_ShowChar                            0x08000dff   Thumb Code   158  oled.o(.text)
    oled_pow                                 0x08000e9d   Thumb Code    22  oled.o(.text)
    OLED_ShowNumber                          0x08000eb3   Thumb Code   148  oled.o(.text)
    OLED_ShowString                          0x08000f47   Thumb Code    68  oled.o(.text)
    OLED_Init                                0x08000f8b   Thumb Code   348  oled.o(.text)
    KEY_Init                                 0x080010e9   Thumb Code    76  key.o(.text)
    EXTI9_5_IRQHandler                       0x08001135   Thumb Code    36  key.o(.text)
    click_N_Double                           0x08001159   Thumb Code   184  key.o(.text)
    click                                    0x08001211   Thumb Code    52  key.o(.text)
    Long_Press                               0x08001245   Thumb Code    72  key.o(.text)
    send_data                                0x080012c1   Thumb Code    22  vcan.o(.text)
    shanwai_send_wave_form                   0x080012d7   Thumb Code    64  vcan.o(.text)
    shanwai_send                             0x08001317   Thumb Code    70  vcan.o(.text)
    usart2_send                              0x08001375   Thumb Code    22  usart2.o(.text)
    uart2_init                               0x0800138b   Thumb Code   198  usart2.o(.text)
    chassis_init                             0x08001461   Thumb Code   104  motor.o(.text)
    chassis_forwrd                           0x080014c9   Thumb Code    26  motor.o(.text)
    chassis_turn_right                       0x080014e3   Thumb Code    28  motor.o(.text)
    chassis_turn_left                        0x080014ff   Thumb Code    26  motor.o(.text)
    chassis_back                             0x08001519   Thumb Code    28  motor.o(.text)
    chassis_left_translation                 0x08001535   Thumb Code    28  motor.o(.text)
    chassis_right_translation                0x08001551   Thumb Code    26  motor.o(.text)
    chassis_angle_control                    0x0800156b   Thumb Code     2  motor.o(.text)
    TIM3_PWM_init                            0x0800158d   Thumb Code   220  pwm.o(.text)
    set_motor_pwm                            0x08001669   Thumb Code    20  pwm.o(.text)
    TIM1_UP_IRQHandler                       0x0800168d   Thumb Code    70  control.o(.text)
    Get_Angle                                0x080016d3   Thumb Code   324  control.o(.text)
    mpu_reg_dump                             0x080018c7   Thumb Code    72  inv_mpu.o(.text)
    mpu_read_reg                             0x0800190f   Thumb Code    66  inv_mpu.o(.text)
    mpu_set_int_latched                      0x08001951   Thumb Code   102  inv_mpu.o(.text)
    mpu_set_sensors                          0x080019b7   Thumb Code   202  inv_mpu.o(.text)
    mpu_set_bypass                           0x08001a81   Thumb Code   328  inv_mpu.o(.text)
    mpu_reset_fifo                           0x08001bc9   Thumb Code   444  inv_mpu.o(.text)
    mpu_configure_fifo                       0x08001d85   Thumb Code   106  inv_mpu.o(.text)
    mpu_set_lpf                              0x08001def   Thumb Code   126  inv_mpu.o(.text)
    mpu_lp_accel_mode                        0x08001e6d   Thumb Code   218  inv_mpu.o(.text)
    mpu_set_sample_rate                      0x08001f47   Thumb Code   152  inv_mpu.o(.text)
    mpu_set_accel_fsr                        0x08001fdf   Thumb Code   132  inv_mpu.o(.text)
    mpu_set_gyro_fsr                         0x08002063   Thumb Code   132  inv_mpu.o(.text)
    mpu_init                                 0x080020e7   Thumb Code   416  inv_mpu.o(.text)
    myget_ms                                 0x08002287   Thumb Code     2  inv_mpu.o(.text)
    mpu_get_gyro_reg                         0x08002289   Thumb Code   110  inv_mpu.o(.text)
    mpu_get_accel_reg                        0x080022f7   Thumb Code   110  inv_mpu.o(.text)
    mpu_get_temperature                      0x08002365   Thumb Code   150  inv_mpu.o(.text)
    mpu_set_accel_bias                       0x080023fb   Thumb Code   468  inv_mpu.o(.text)
    mpu_get_gyro_fsr                         0x080025cf   Thumb Code    64  inv_mpu.o(.text)
    mpu_get_accel_fsr                        0x0800260f   Thumb Code    72  inv_mpu.o(.text)
    mpu_get_lpf                              0x08002657   Thumb Code    74  inv_mpu.o(.text)
    mpu_get_sample_rate                      0x080026a1   Thumb Code    26  inv_mpu.o(.text)
    mpu_get_compass_sample_rate              0x080026bb   Thumb Code    10  inv_mpu.o(.text)
    mpu_set_compass_sample_rate              0x080026c5   Thumb Code     8  inv_mpu.o(.text)
    mpu_get_gyro_sens                        0x080026cd   Thumb Code    58  inv_mpu.o(.text)
    mpu_get_accel_sens                       0x08002707   Thumb Code    78  inv_mpu.o(.text)
    mpu_get_fifo_config                      0x08002755   Thumb Code    12  inv_mpu.o(.text)
    mpu_get_power_state                      0x08002761   Thumb Code    22  inv_mpu.o(.text)
    mpu_get_int_status                       0x08002777   Thumb Code    64  inv_mpu.o(.text)
    mpu_read_fifo                            0x080027b7   Thumb Code   520  inv_mpu.o(.text)
    mpu_read_fifo_stream                     0x080029bf   Thumb Code   186  inv_mpu.o(.text)
    mpu_set_int_level                        0x08002a79   Thumb Code    12  inv_mpu.o(.text)
    mpu_set_dmp_state                        0x08003159   Thumb Code   138  inv_mpu.o(.text)
    mpu_run_self_test                        0x080031e3   Thumb Code   278  inv_mpu.o(.text)
    mpu_write_mem                            0x080032f9   Thumb Code   122  inv_mpu.o(.text)
    mpu_read_mem                             0x08003373   Thumb Code   122  inv_mpu.o(.text)
    mpu_load_firmware                        0x080033ed   Thumb Code   190  inv_mpu.o(.text)
    mpu_get_dmp_state                        0x080034ab   Thumb Code    14  inv_mpu.o(.text)
    mpu_get_compass_reg                      0x080034b9   Thumb Code     8  inv_mpu.o(.text)
    mpu_get_compass_fsr                      0x080034c1   Thumb Code     8  inv_mpu.o(.text)
    mpu_lp_motion_interrupt                  0x080034c9   Thumb Code   512  inv_mpu.o(.text)
    dmp_load_motion_driver_firmware          0x080036cd   Thumb Code    20  inv_mpu_dmp_motion_driver.o(.text)
    dmp_set_orientation                      0x080036e1   Thumb Code   290  inv_mpu_dmp_motion_driver.o(.text)
    dmp_set_gyro_bias                        0x08003803   Thumb Code   294  inv_mpu_dmp_motion_driver.o(.text)
    dmp_set_accel_bias                       0x08003929   Thumb Code   300  inv_mpu_dmp_motion_driver.o(.text)
    dmp_set_fifo_rate                        0x08003a55   Thumb Code   136  inv_mpu_dmp_motion_driver.o(.text)
    dmp_get_fifo_rate                        0x08003add   Thumb Code    12  inv_mpu_dmp_motion_driver.o(.text)
    dmp_set_tap_thresh                       0x08003ae9   Thumb Code   396  inv_mpu_dmp_motion_driver.o(.text)
    dmp_set_tap_axes                         0x08003c75   Thumb Code    70  inv_mpu_dmp_motion_driver.o(.text)
    dmp_set_tap_count                        0x08003cbb   Thumb Code    38  inv_mpu_dmp_motion_driver.o(.text)
    dmp_set_tap_time                         0x08003ce1   Thumb Code    38  inv_mpu_dmp_motion_driver.o(.text)
    dmp_set_tap_time_multi                   0x08003d07   Thumb Code    38  inv_mpu_dmp_motion_driver.o(.text)
    dmp_set_shake_reject_thresh              0x08003d2d   Thumb Code    56  inv_mpu_dmp_motion_driver.o(.text)
    dmp_set_shake_reject_time                0x08003d65   Thumb Code    38  inv_mpu_dmp_motion_driver.o(.text)
    dmp_set_shake_reject_timeout             0x08003d8b   Thumb Code    38  inv_mpu_dmp_motion_driver.o(.text)
    dmp_get_pedometer_step_count             0x08003db1   Thumb Code    66  inv_mpu_dmp_motion_driver.o(.text)
    dmp_set_pedometer_step_count             0x08003df3   Thumb Code    42  inv_mpu_dmp_motion_driver.o(.text)
    dmp_get_pedometer_walk_time              0x08003e1d   Thumb Code    72  inv_mpu_dmp_motion_driver.o(.text)
    dmp_set_pedometer_walk_time              0x08003e65   Thumb Code    48  inv_mpu_dmp_motion_driver.o(.text)
    dmp_enable_6x_lp_quat                    0x08003e95   Thumb Code    84  inv_mpu_dmp_motion_driver.o(.text)
    dmp_enable_lp_quat                       0x08003ee9   Thumb Code    60  inv_mpu_dmp_motion_driver.o(.text)
    dmp_enable_gyro_cal                      0x08003f25   Thumb Code    62  inv_mpu_dmp_motion_driver.o(.text)
    dmp_enable_feature                       0x08003f63   Thumb Code   530  inv_mpu_dmp_motion_driver.o(.text)
    dmp_get_enabled_features                 0x08004175   Thumb Code    12  inv_mpu_dmp_motion_driver.o(.text)
    dmp_set_interrupt_mode                   0x080041df   Thumb Code    66  inv_mpu_dmp_motion_driver.o(.text)
    dmp_read_fifo                            0x08004221   Thumb Code   514  inv_mpu_dmp_motion_driver.o(.text)
    dmp_register_tap_cb                      0x08004423   Thumb Code    10  inv_mpu_dmp_motion_driver.o(.text)
    dmp_register_android_orient_cb           0x0800442d   Thumb Code    10  inv_mpu_dmp_motion_driver.o(.text)
    Kalman_Filter                            0x0800443d   Thumb Code   558  filter.o(.text)
    Yijielvbo                                0x0800466b   Thumb Code   132  filter.o(.text)
    MPU6050_newValues                        0x08004851   Thumb Code   494  mpu6050.o(.text)
    MPU6050_setClockSource                   0x08004a3f   Thumb Code    20  mpu6050.o(.text)
    MPU6050_setFullScaleGyroRange            0x08004a53   Thumb Code    20  mpu6050.o(.text)
    MPU6050_setFullScaleAccelRange           0x08004a67   Thumb Code    20  mpu6050.o(.text)
    MPU6050_setSleepEnabled                  0x08004a7b   Thumb Code    18  mpu6050.o(.text)
    MPU6050_getDeviceID                      0x08004a8d   Thumb Code    20  mpu6050.o(.text)
    MPU6050_testConnection                   0x08004aa1   Thumb Code    18  mpu6050.o(.text)
    MPU6050_setI2CMasterModeEnabled          0x08004ab3   Thumb Code    18  mpu6050.o(.text)
    MPU6050_setI2CBypassEnabled              0x08004ac5   Thumb Code    18  mpu6050.o(.text)
    MPU6050_initialize                       0x08004ad7   Thumb Code    40  mpu6050.o(.text)
    DMP_Init                                 0x08004aff   Thumb Code   194  mpu6050.o(.text)
    Read_DMP                                 0x08004bc1   Thumb Code   966  mpu6050.o(.text)
    Read_Temperature                         0x08004f87   Thumb Code   110  mpu6050.o(.text)
    __use_no_semihosting                     0x08005025   Thumb Code     2  use_no_semi_2.o(.text)
    __aeabi_ldivmod                          0x08005027   Thumb Code     0  llsdiv.o(.text)
    _ll_sdiv                                 0x08005027   Thumb Code    72  llsdiv.o(.text)
    __2printf                                0x08005071   Thumb Code    20  noretval__2printf.o(.text)
    __printf                                 0x08005089   Thumb Code   104  __printf.o(.text)
    _printf_int_dec                          0x080050f1   Thumb Code   104  _printf_dec.o(.text)
    memcmp                                   0x08005169   Thumb Code    88  memcmp.o(.text)
    __aeabi_memset                           0x080051c1   Thumb Code    16  aeabi_memset.o(.text)
    __use_two_region_memory                  0x080051d1   Thumb Code     2  heapauxi.o(.text)
    __rt_heap_escrow$2region                 0x080051d3   Thumb Code     2  heapauxi.o(.text)
    __rt_heap_expand$2region                 0x080051d5   Thumb Code     2  heapauxi.o(.text)
    __I$use$semihosting                      0x080051d7   Thumb Code     0  use_no_semi.o(.text)
    __use_no_semihosting_swi                 0x080051d7   Thumb Code     2  use_no_semi.o(.text)
    __aeabi_uldivmod                         0x080051d9   Thumb Code     0  lludivv7m.o(.text)
    _ll_udiv                                 0x080051d9   Thumb Code   238  lludivv7m.o(.text)
    __read_errno                             0x080052c7   Thumb Code    10  _rserrno.o(.text)
    __set_errno                              0x080052d1   Thumb Code    12  _rserrno.o(.text)
    _printf_int_common                       0x080052dd   Thumb Code   178  _printf_intcommon.o(.text)
    _printf_char_file                        0x08005391   Thumb Code    32  _printf_char_file.o(.text)
    __aeabi_memclr                           0x080053b5   Thumb Code     0  rt_memclr.o(.text)
    __rt_memclr                              0x080053b5   Thumb Code    68  rt_memclr.o(.text)
    _memset                                  0x080053b9   Thumb Code     0  rt_memclr.o(.text)
    __aeabi_errno_addr                       0x080053f9   Thumb Code     8  rt_errno_addr_intlibspace.o(.text)
    __errno$intlibspace                      0x080053f9   Thumb Code     0  rt_errno_addr_intlibspace.o(.text)
    __rt_errno_addr$intlibspace              0x080053f9   Thumb Code     0  rt_errno_addr_intlibspace.o(.text)
    _printf_char_common                      0x0800540b   Thumb Code    32  _printf_char_common.o(.text)
    ferror                                   0x08005431   Thumb Code     8  ferror.o(.text)
    __aeabi_memclr4                          0x08005439   Thumb Code     0  rt_memclr_w.o(.text)
    __aeabi_memclr8                          0x08005439   Thumb Code     0  rt_memclr_w.o(.text)
    __rt_memclr_w                            0x08005439   Thumb Code    78  rt_memclr_w.o(.text)
    _memset_w                                0x0800543d   Thumb Code     0  rt_memclr_w.o(.text)
    __user_libspace                          0x08005489   Thumb Code     8  libspace.o(.text)
    __user_perproc_libspace                  0x08005489   Thumb Code     0  libspace.o(.text)
    __user_perthread_libspace                0x08005489   Thumb Code     0  libspace.o(.text)
    __user_setup_stackheap                   0x08005491   Thumb Code    74  sys_stackheap_outer.o(.text)
    exit                                     0x080054db   Thumb Code    18  exit.o(.text)
    __ARM_fpclassify                         0x080054ed   Thumb Code    40  fpclassify.o(i.__ARM_fpclassify)
    __kernel_poly                            0x08005515   Thumb Code   170  poly.o(i.__kernel_poly)
    __mathlib_dbl_infnan                     0x080055bf   Thumb Code     6  dunder.o(i.__mathlib_dbl_infnan)
    __mathlib_dbl_infnan2                    0x080055c5   Thumb Code     4  dunder.o(i.__mathlib_dbl_infnan2)
    __mathlib_dbl_invalid                    0x080055c9   Thumb Code    12  dunder.o(i.__mathlib_dbl_invalid)
    __mathlib_dbl_underflow                  0x080055d5   Thumb Code    10  dunder.o(i.__mathlib_dbl_underflow)
    asin                                     0x080055e5   Thumb Code   572  asin.o(i.asin)
    atan                                     0x08005855   Thumb Code   474  atan.o(i.atan)
    atan2                                    0x08005a75   Thumb Code   346  atan2.o(i.atan2)
    sqrt                                     0x08005bf5   Thumb Code    76  sqrt.o(i.sqrt)
    __aeabi_d2f                              0x08005c41   Thumb Code     0  d2f.o(x$fpl$d2f)
    _d2f                                     0x08005c41   Thumb Code    98  d2f.o(x$fpl$d2f)
    __aeabi_dadd                             0x08005ca5   Thumb Code     0  daddsub_clz.o(x$fpl$dadd)
    _dadd                                    0x08005ca5   Thumb Code   332  daddsub_clz.o(x$fpl$dadd)
    __fpl_dcheck_NaN1                        0x08005df5   Thumb Code    10  dcheck1.o(x$fpl$dcheck1)
    __aeabi_ddiv                             0x08005e05   Thumb Code     0  ddiv.o(x$fpl$ddiv)
    _ddiv                                    0x08005e05   Thumb Code   552  ddiv.o(x$fpl$ddiv)
    __aeabi_dmul                             0x080060b5   Thumb Code     0  dmul.o(x$fpl$dmul)
    _dmul                                    0x080060b5   Thumb Code   332  dmul.o(x$fpl$dmul)
    __fpl_dnaninf                            0x08006209   Thumb Code   156  dnaninf.o(x$fpl$dnaninf)
    __fpl_dretinf                            0x080062a5   Thumb Code    12  dretinf.o(x$fpl$dretinf)
    __aeabi_drsub                            0x080062b1   Thumb Code     0  daddsub_clz.o(x$fpl$drsb)
    _drsb                                    0x080062b1   Thumb Code    22  daddsub_clz.o(x$fpl$drsb)
    _dsqrt                                   0x080062c9   Thumb Code   456  dsqrt_noumaal.o(x$fpl$dsqrt)
    __aeabi_dsub                             0x08006495   Thumb Code     0  daddsub_clz.o(x$fpl$dsub)
    _dsub                                    0x08006495   Thumb Code   464  daddsub_clz.o(x$fpl$dsub)
    __aeabi_f2d                              0x08006669   Thumb Code     0  f2d.o(x$fpl$f2d)
    _f2d                                     0x08006669   Thumb Code    86  f2d.o(x$fpl$f2d)
    __aeabi_fadd                             0x080066c1   Thumb Code     0  faddsub_clz.o(x$fpl$fadd)
    _fadd                                    0x080066c1   Thumb Code   196  faddsub_clz.o(x$fpl$fadd)
    __fpl_fcmp_Inf                           0x08006785   Thumb Code    24  fcmpi.o(x$fpl$fcmpinf)
    __aeabi_fdiv                             0x0800679d   Thumb Code     0  fdiv.o(x$fpl$fdiv)
    _fdiv                                    0x0800679d   Thumb Code   384  fdiv.o(x$fpl$fdiv)
    __aeabi_cfcmpeq                          0x08006921   Thumb Code     0  feqf.o(x$fpl$feqf)
    _fcmpeq                                  0x08006921   Thumb Code   104  feqf.o(x$fpl$feqf)
    __aeabi_f2iz                             0x08006989   Thumb Code     0  ffix.o(x$fpl$ffix)
    _ffix                                    0x08006989   Thumb Code    54  ffix.o(x$fpl$ffix)
    __aeabi_f2uiz                            0x080069c1   Thumb Code     0  ffixu.o(x$fpl$ffixu)
    _ffixu                                   0x080069c1   Thumb Code    62  ffixu.o(x$fpl$ffixu)
    __aeabi_i2f                              0x08006a01   Thumb Code     0  fflt_clz.o(x$fpl$fflt)
    _fflt                                    0x08006a01   Thumb Code    48  fflt_clz.o(x$fpl$fflt)
    __aeabi_ui2f                             0x08006a31   Thumb Code     0  fflt_clz.o(x$fpl$ffltu)
    _ffltu                                   0x08006a31   Thumb Code    38  fflt_clz.o(x$fpl$ffltu)
    __aeabi_cfcmple                          0x08006a59   Thumb Code     0  fleqf.o(x$fpl$fleqf)
    _fcmple                                  0x08006a59   Thumb Code   104  fleqf.o(x$fpl$fleqf)
    __fpl_fcmple_InfNaN                      0x08006aab   Thumb Code     0  fleqf.o(x$fpl$fleqf)
    __aeabi_fmul                             0x08006ac1   Thumb Code     0  fmul.o(x$fpl$fmul)
    _fmul                                    0x08006ac1   Thumb Code   258  fmul.o(x$fpl$fmul)
    __fpl_fnaninf                            0x08006bc3   Thumb Code   140  fnaninf.o(x$fpl$fnaninf)
    __fpl_fretinf                            0x08006c4f   Thumb Code    10  fretinf.o(x$fpl$fretinf)
    __aeabi_cfrcmple                         0x08006c59   Thumb Code     0  frleqf.o(x$fpl$frleqf)
    _frcmple                                 0x08006c59   Thumb Code    98  frleqf.o(x$fpl$frleqf)
    __aeabi_frsub                            0x08006cbb   Thumb Code     0  faddsub_clz.o(x$fpl$frsb)
    _frsb                                    0x08006cbb   Thumb Code    20  faddsub_clz.o(x$fpl$frsb)
    __aeabi_fsub                             0x08006cd1   Thumb Code     0  faddsub_clz.o(x$fpl$fsub)
    _fsub                                    0x08006cd1   Thumb Code   234  faddsub_clz.o(x$fpl$fsub)
    __fpl_return_NaN                         0x08006dbb   Thumb Code   100  retnan.o(x$fpl$retnan)
    __ARM_scalbn                             0x08006e1f   Thumb Code    92  scalbn.o(x$fpl$scalbn)
    __fpl_cmpreturn                          0x08006e7b   Thumb Code    48  trapv.o(x$fpl$trapveneer)
    __I$use$fp                               0x08006eaa   Number         0  usenofp.o(x$fpl$usenofp)
    oled_asc2_1206                           0x08006eaa   Data        1140  oled.o(.constdata)
    oled_asc2_1608                           0x0800731e   Data        1520  oled.o(.constdata)
    hw                                       0x08007910   Data          12  inv_mpu.o(.constdata)
    reg                                      0x0800791c   Data          27  inv_mpu.o(.constdata)
    test                                     0x08007938   Data          40  inv_mpu.o(.constdata)
    __mathlib_zero                           0x08008640   Data           8  qnan.o(.constdata)
    Region$$Table$$Base                      0x08008698   Number         0  anon$$obj.o(Region$$Table)
    Region$$Table$$Limit                     0x080086b8   Number         0  anon$$obj.o(Region$$Table)
    Way_Angle                                0x20000000   Data           1  main.o(.data)
    Angle_Balance                            0x20000004   Data           4  main.o(.data)
    __stdout                                 0x2000000c   Data           4  usart.o(.data)
    K1                                       0x20000050   Data           4  filter.o(.data)
    angle                                    0x20000054   Data           4  filter.o(.data)
    angle_dot                                0x20000058   Data           4  filter.o(.data)
    Q_angle                                  0x2000005c   Data           4  filter.o(.data)
    Q_gyro                                   0x20000060   Data           4  filter.o(.data)
    R_angle                                  0x20000064   Data           4  filter.o(.data)
    dt                                       0x20000068   Data           4  filter.o(.data)
    C_0                                      0x2000006c   Data           1  filter.o(.data)
    Q_bias                                   0x20000070   Data           4  filter.o(.data)
    Angle_err                                0x20000074   Data           4  filter.o(.data)
    PCt_0                                    0x20000078   Data           4  filter.o(.data)
    PCt_1                                    0x2000007c   Data           4  filter.o(.data)
    E                                        0x20000080   Data           4  filter.o(.data)
    K_0                                      0x20000084   Data           4  filter.o(.data)
    K_1                                      0x20000088   Data           4  filter.o(.data)
    t_0                                      0x2000008c   Data           4  filter.o(.data)
    t_1                                      0x20000090   Data           4  filter.o(.data)
    PP                                       0x20000094   Data          16  filter.o(.data)
    gyro                                     0x200000a4   Data           6  mpu6050.o(.data)
    accel                                    0x200000aa   Data           6  mpu6050.o(.data)
    sensors                                  0x200000b0   Data           2  mpu6050.o(.data)
    Pitch                                    0x200000b4   Data           4  mpu6050.o(.data)
    Roll                                     0x200000b8   Data           4  mpu6050.o(.data)
    Yaw                                      0x200000bc   Data           4  mpu6050.o(.data)
    q0                                       0x200000c0   Data           4  mpu6050.o(.data)
    q1                                       0x200000c4   Data           4  mpu6050.o(.data)
    q2                                       0x200000c8   Data           4  mpu6050.o(.data)
    q3                                       0x200000cc   Data           4  mpu6050.o(.data)
    Gx_offset                                0x200000da   Data           2  mpu6050.o(.data)
    Gy_offset                                0x200000dc   Data           2  mpu6050.o(.data)
    Gz_offset                                0x200000de   Data           2  mpu6050.o(.data)
    OLED_GRAM                                0x200000e0   Data        1024  oled.o(.bss)
    wave_form_data                           0x200004e0   Data          12  vcan.o(.bss)
    Pdot                                     0x200004fc   Data          16  filter.o(.bss)
    buffer                                   0x2000050c   Data          14  mpu6050.o(.bss)
    MPU6050_FIFO                             0x2000051a   Data         132  mpu6050.o(.bss)
    __libspace_start                         0x200005a0   Data          96  libspace.o(.bss)
    __temporary_stack_top$libspace           0x20000600   Data           0  libspace.o(.bss)



==============================================================================

Memory Map of the image

  Image Entry point : 0x080000ed

  Load Region LR_IROM1 (Base: 0x08000000, Size: 0x00008798, Max: 0x00010000, ABSOLUTE)

    Execution Region ER_IROM1 (Exec base: 0x08000000, Load base: 0x08000000, Size: 0x000086b8, Max: 0x00010000, ABSOLUTE)

    Exec Addr    Load Addr    Size         Type   Attr      Idx    E Section Name        Object

    0x08000000   0x08000000   0x000000ec   Data   RO            3    RESET               startup_stm32f10x_md.o
    0x080000ec   0x080000ec   0x00000008   Code   RO          469  * !!!main             c_w.l(__main.o)
    0x080000f4   0x080000f4   0x00000034   Code   RO          798    !!!scatter          c_w.l(__scatter.o)
    0x08000128   0x08000128   0x0000001a   Code   RO          800    !!handler_copy      c_w.l(__scatter_copy.o)
    0x08000142   0x08000142   0x00000002   PAD
    0x08000144   0x08000144   0x0000001c   Code   RO          802    !!handler_zi        c_w.l(__scatter_zi.o)
    0x08000160   0x08000160   0x00000000   Code   RO          462    .ARM.Collect$$_printf_percent$$00000000  c_w.l(_printf_percent.o)
    0x08000160   0x08000160   0x00000006   Code   RO          461    .ARM.Collect$$_printf_percent$$00000009  c_w.l(_printf_d.o)
    0x08000166   0x08000166   0x00000004   Code   RO          556    .ARM.Collect$$_printf_percent$$00000017  c_w.l(_printf_percent_end.o)
    0x0800016a   0x0800016a   0x00000002   Code   RO          665    .ARM.Collect$$libinit$$00000000  c_w.l(libinit.o)
    0x0800016c   0x0800016c   0x00000000   Code   RO          677    .ARM.Collect$$libinit$$00000002  c_w.l(libinit2.o)
    0x0800016c   0x0800016c   0x00000000   Code   RO          679    .ARM.Collect$$libinit$$00000004  c_w.l(libinit2.o)
    0x0800016c   0x0800016c   0x00000000   Code   RO          682    .ARM.Collect$$libinit$$0000000A  c_w.l(libinit2.o)
    0x0800016c   0x0800016c   0x00000000   Code   RO          684    .ARM.Collect$$libinit$$0000000C  c_w.l(libinit2.o)
    0x0800016c   0x0800016c   0x00000000   Code   RO          686    .ARM.Collect$$libinit$$0000000E  c_w.l(libinit2.o)
    0x0800016c   0x0800016c   0x00000000   Code   RO          689    .ARM.Collect$$libinit$$00000011  c_w.l(libinit2.o)
    0x0800016c   0x0800016c   0x00000000   Code   RO          691    .ARM.Collect$$libinit$$00000013  c_w.l(libinit2.o)
    0x0800016c   0x0800016c   0x00000000   Code   RO          693    .ARM.Collect$$libinit$$00000015  c_w.l(libinit2.o)
    0x0800016c   0x0800016c   0x00000000   Code   RO          695    .ARM.Collect$$libinit$$00000017  c_w.l(libinit2.o)
    0x0800016c   0x0800016c   0x00000000   Code   RO          697    .ARM.Collect$$libinit$$00000019  c_w.l(libinit2.o)
    0x0800016c   0x0800016c   0x00000000   Code   RO          699    .ARM.Collect$$libinit$$0000001B  c_w.l(libinit2.o)
    0x0800016c   0x0800016c   0x00000000   Code   RO          701    .ARM.Collect$$libinit$$0000001D  c_w.l(libinit2.o)
    0x0800016c   0x0800016c   0x00000000   Code   RO          703    .ARM.Collect$$libinit$$0000001F  c_w.l(libinit2.o)
    0x0800016c   0x0800016c   0x00000000   Code   RO          705    .ARM.Collect$$libinit$$00000021  c_w.l(libinit2.o)
    0x0800016c   0x0800016c   0x00000000   Code   RO          707    .ARM.Collect$$libinit$$00000023  c_w.l(libinit2.o)
    0x0800016c   0x0800016c   0x00000000   Code   RO          709    .ARM.Collect$$libinit$$00000025  c_w.l(libinit2.o)
    0x0800016c   0x0800016c   0x00000000   Code   RO          713    .ARM.Collect$$libinit$$0000002C  c_w.l(libinit2.o)
    0x0800016c   0x0800016c   0x00000000   Code   RO          715    .ARM.Collect$$libinit$$0000002E  c_w.l(libinit2.o)
    0x0800016c   0x0800016c   0x00000000   Code   RO          717    .ARM.Collect$$libinit$$00000030  c_w.l(libinit2.o)
    0x0800016c   0x0800016c   0x00000000   Code   RO          719    .ARM.Collect$$libinit$$00000032  c_w.l(libinit2.o)
    0x0800016c   0x0800016c   0x00000002   Code   RO          720    .ARM.Collect$$libinit$$00000033  c_w.l(libinit2.o)
    0x0800016e   0x0800016e   0x00000002   Code   RO          750    .ARM.Collect$$libshutdown$$00000000  c_w.l(libshutdown.o)
    0x08000170   0x08000170   0x00000000   Code   RO          764    .ARM.Collect$$libshutdown$$00000002  c_w.l(libshutdown2.o)
    0x08000170   0x08000170   0x00000000   Code   RO          766    .ARM.Collect$$libshutdown$$00000004  c_w.l(libshutdown2.o)
    0x08000170   0x08000170   0x00000000   Code   RO          769    .ARM.Collect$$libshutdown$$00000007  c_w.l(libshutdown2.o)
    0x08000170   0x08000170   0x00000000   Code   RO          772    .ARM.Collect$$libshutdown$$0000000A  c_w.l(libshutdown2.o)
    0x08000170   0x08000170   0x00000000   Code   RO          774    .ARM.Collect$$libshutdown$$0000000C  c_w.l(libshutdown2.o)
    0x08000170   0x08000170   0x00000000   Code   RO          777    .ARM.Collect$$libshutdown$$0000000F  c_w.l(libshutdown2.o)
    0x08000170   0x08000170   0x00000002   Code   RO          778    .ARM.Collect$$libshutdown$$00000010  c_w.l(libshutdown2.o)
    0x08000172   0x08000172   0x00000000   Code   RO          547    .ARM.Collect$$rtentry$$00000000  c_w.l(__rtentry.o)
    0x08000172   0x08000172   0x00000000   Code   RO          612    .ARM.Collect$$rtentry$$00000002  c_w.l(__rtentry2.o)
    0x08000172   0x08000172   0x00000006   Code   RO          624    .ARM.Collect$$rtentry$$00000004  c_w.l(__rtentry4.o)
    0x08000178   0x08000178   0x00000000   Code   RO          614    .ARM.Collect$$rtentry$$00000009  c_w.l(__rtentry2.o)
    0x08000178   0x08000178   0x00000004   Code   RO          615    .ARM.Collect$$rtentry$$0000000A  c_w.l(__rtentry2.o)
    0x0800017c   0x0800017c   0x00000000   Code   RO          617    .ARM.Collect$$rtentry$$0000000C  c_w.l(__rtentry2.o)
    0x0800017c   0x0800017c   0x00000008   Code   RO          618    .ARM.Collect$$rtentry$$0000000D  c_w.l(__rtentry2.o)
    0x08000184   0x08000184   0x00000002   Code   RO          670    .ARM.Collect$$rtexit$$00000000  c_w.l(rtexit.o)
    0x08000186   0x08000186   0x00000000   Code   RO          724    .ARM.Collect$$rtexit$$00000002  c_w.l(rtexit2.o)
    0x08000186   0x08000186   0x00000004   Code   RO          725    .ARM.Collect$$rtexit$$00000003  c_w.l(rtexit2.o)
    0x0800018a   0x0800018a   0x00000006   Code   RO          726    .ARM.Collect$$rtexit$$00000004  c_w.l(rtexit2.o)
    0x08000190   0x08000190   0x0000000c   Code   RO          123    .emb_text           sys.o
    0x0800019c   0x0800019c   0x00000038   Code   RO            4    .text               startup_stm32f10x_md.o
    0x080001d4   0x080001d4   0x0000009c   Code   RO           10    .text               main.o
    0x08000270   0x08000270   0x000000b0   Code   RO          105    .text               delay.o
    0x08000320   0x08000320   0x000002bc   Code   RO          124    .text               sys.o
    0x080005dc   0x080005dc   0x000000e4   Code   RO          139    .text               usart.o
    0x080006c0   0x080006c0   0x00000512   Code   RO          164    .text               ioi2c.o
    0x08000bd2   0x08000bd2   0x00000002   PAD
    0x08000bd4   0x08000bd4   0x0000005c   Code   RO          176    .text               timer.o
    0x08000c30   0x08000c30   0x00000074   Code   RO          188    .text               led.o
    0x08000ca4   0x08000ca4   0x00000442   Code   RO          201    .text               oled.o
    0x080010e6   0x080010e6   0x00000002   PAD
    0x080010e8   0x080010e8   0x000001d8   Code   RO          220    .text               key.o
    0x080012c0   0x080012c0   0x000000b4   Code   RO          236    .text               vcan.o
    0x08001374   0x08001374   0x000000ec   Code   RO          272    .text               usart2.o
    0x08001460   0x08001460   0x0000012c   Code   RO          284    .text               motor.o
    0x0800158c   0x0800158c   0x00000100   Code   RO          296    .text               pwm.o
    0x0800168c   0x0800168c   0x000001b0   Code   RO          326    .text               control.o
    0x0800183c   0x0800183c   0x00001e90   Code   RO          345    .text               inv_mpu.o
    0x080036cc   0x080036cc   0x00000d70   Code   RO          369    .text               inv_mpu_dmp_motion_driver.o
    0x0800443c   0x0800443c   0x00000308   Code   RO          384    .text               filter.o
    0x08004744   0x08004744   0x000008e0   Code   RO          403    .text               mpu6050.o
    0x08005024   0x08005024   0x00000002   Code   RO          429    .text               c_w.l(use_no_semi_2.o)
    0x08005026   0x08005026   0x00000048   Code   RO          431    .text               c_w.l(llsdiv.o)
    0x0800506e   0x0800506e   0x00000002   PAD
    0x08005070   0x08005070   0x00000018   Code   RO          435    .text               c_w.l(noretval__2printf.o)
    0x08005088   0x08005088   0x00000068   Code   RO          437    .text               c_w.l(__printf.o)
    0x080050f0   0x080050f0   0x00000078   Code   RO          439    .text               c_w.l(_printf_dec.o)
    0x08005168   0x08005168   0x00000058   Code   RO          463    .text               c_w.l(memcmp.o)
    0x080051c0   0x080051c0   0x00000010   Code   RO          465    .text               c_w.l(aeabi_memset.o)
    0x080051d0   0x080051d0   0x00000006   Code   RO          467    .text               c_w.l(heapauxi.o)
    0x080051d6   0x080051d6   0x00000002   Code   RO          545    .text               c_w.l(use_no_semi.o)
    0x080051d8   0x080051d8   0x000000ee   Code   RO          548    .text               c_w.l(lludivv7m.o)
    0x080052c6   0x080052c6   0x00000016   Code   RO          550    .text               c_w.l(_rserrno.o)
    0x080052dc   0x080052dc   0x000000b2   Code   RO          552    .text               c_w.l(_printf_intcommon.o)
    0x0800538e   0x0800538e   0x00000002   PAD
    0x08005390   0x08005390   0x00000024   Code   RO          554    .text               c_w.l(_printf_char_file.o)
    0x080053b4   0x080053b4   0x00000044   Code   RO          557    .text               c_w.l(rt_memclr.o)
    0x080053f8   0x080053f8   0x00000008   Code   RO          633    .text               c_w.l(rt_errno_addr_intlibspace.o)
    0x08005400   0x08005400   0x00000030   Code   RO          635    .text               c_w.l(_printf_char_common.o)
    0x08005430   0x08005430   0x00000008   Code   RO          637    .text               c_w.l(ferror.o)
    0x08005438   0x08005438   0x0000004e   Code   RO          641    .text               c_w.l(rt_memclr_w.o)
    0x08005486   0x08005486   0x00000002   PAD
    0x08005488   0x08005488   0x00000008   Code   RO          649    .text               c_w.l(libspace.o)
    0x08005490   0x08005490   0x0000004a   Code   RO          652    .text               c_w.l(sys_stackheap_outer.o)
    0x080054da   0x080054da   0x00000012   Code   RO          658    .text               c_w.l(exit.o)
    0x080054ec   0x080054ec   0x00000028   Code   RO          598    i.__ARM_fpclassify  m_ws.l(fpclassify.o)
    0x08005514   0x08005514   0x000000aa   Code   RO          600    i.__kernel_poly     m_ws.l(poly.o)
    0x080055be   0x080055be   0x00000006   Code   RO          585    i.__mathlib_dbl_infnan  m_ws.l(dunder.o)
    0x080055c4   0x080055c4   0x00000004   Code   RO          586    i.__mathlib_dbl_infnan2  m_ws.l(dunder.o)
    0x080055c8   0x080055c8   0x0000000c   Code   RO          587    i.__mathlib_dbl_invalid  m_ws.l(dunder.o)
    0x080055d4   0x080055d4   0x00000010   Code   RO          590    i.__mathlib_dbl_underflow  m_ws.l(dunder.o)
    0x080055e4   0x080055e4   0x00000270   Code   RO          524    i.asin              m_ws.l(asin.o)
    0x08005854   0x08005854   0x00000220   Code   RO          575    i.atan              m_ws.l(atan.o)
    0x08005a74   0x08005a74   0x00000180   Code   RO          534    i.atan2             m_ws.l(atan2.o)
    0x08005bf4   0x08005bf4   0x0000004c   Code   RO          604    i.sqrt              m_ws.l(sqrt.o)
    0x08005c40   0x08005c40   0x00000062   Code   RO          471    x$fpl$d2f           fz_ws.l(d2f.o)
    0x08005ca2   0x08005ca2   0x00000002   PAD
    0x08005ca4   0x08005ca4   0x00000150   Code   RO          473    x$fpl$dadd          fz_ws.l(daddsub_clz.o)
    0x08005df4   0x08005df4   0x00000010   Code   RO          643    x$fpl$dcheck1       fz_ws.l(dcheck1.o)
    0x08005e04   0x08005e04   0x000002b0   Code   RO          480    x$fpl$ddiv          fz_ws.l(ddiv.o)
    0x080060b4   0x080060b4   0x00000154   Code   RO          487    x$fpl$dmul          fz_ws.l(dmul.o)
    0x08006208   0x08006208   0x0000009c   Code   RO          559    x$fpl$dnaninf       fz_ws.l(dnaninf.o)
    0x080062a4   0x080062a4   0x0000000c   Code   RO          561    x$fpl$dretinf       fz_ws.l(dretinf.o)
    0x080062b0   0x080062b0   0x00000016   Code   RO          474    x$fpl$drsb          fz_ws.l(daddsub_clz.o)
    0x080062c6   0x080062c6   0x00000002   PAD
    0x080062c8   0x080062c8   0x000001cc   Code   RO          647    x$fpl$dsqrt         fz_ws.l(dsqrt_noumaal.o)
    0x08006494   0x08006494   0x000001d4   Code   RO          475    x$fpl$dsub          fz_ws.l(daddsub_clz.o)
    0x08006668   0x08006668   0x00000056   Code   RO          489    x$fpl$f2d           fz_ws.l(f2d.o)
    0x080066be   0x080066be   0x00000002   PAD
    0x080066c0   0x080066c0   0x000000c4   Code   RO          491    x$fpl$fadd          fz_ws.l(faddsub_clz.o)
    0x08006784   0x08006784   0x00000018   Code   RO          565    x$fpl$fcmpinf       fz_ws.l(fcmpi.o)
    0x0800679c   0x0800679c   0x00000184   Code   RO          498    x$fpl$fdiv          fz_ws.l(fdiv.o)
    0x08006920   0x08006920   0x00000068   Code   RO          501    x$fpl$feqf          fz_ws.l(feqf.o)
    0x08006988   0x08006988   0x00000036   Code   RO          503    x$fpl$ffix          fz_ws.l(ffix.o)
    0x080069be   0x080069be   0x00000002   PAD
    0x080069c0   0x080069c0   0x0000003e   Code   RO          507    x$fpl$ffixu         fz_ws.l(ffixu.o)
    0x080069fe   0x080069fe   0x00000002   PAD
    0x08006a00   0x08006a00   0x00000030   Code   RO          512    x$fpl$fflt          fz_ws.l(fflt_clz.o)
    0x08006a30   0x08006a30   0x00000026   Code   RO          511    x$fpl$ffltu         fz_ws.l(fflt_clz.o)
    0x08006a56   0x08006a56   0x00000002   PAD
    0x08006a58   0x08006a58   0x00000068   Code   RO          517    x$fpl$fleqf         fz_ws.l(fleqf.o)
    0x08006ac0   0x08006ac0   0x00000102   Code   RO          519    x$fpl$fmul          fz_ws.l(fmul.o)
    0x08006bc2   0x08006bc2   0x0000008c   Code   RO          567    x$fpl$fnaninf       fz_ws.l(fnaninf.o)
    0x08006c4e   0x08006c4e   0x0000000a   Code   RO          569    x$fpl$fretinf       fz_ws.l(fretinf.o)
    0x08006c58   0x08006c58   0x00000062   Code   RO          521    x$fpl$frleqf        fz_ws.l(frleqf.o)
    0x08006cba   0x08006cba   0x00000014   Code   RO          492    x$fpl$frsb          fz_ws.l(faddsub_clz.o)
    0x08006cce   0x08006cce   0x00000002   PAD
    0x08006cd0   0x08006cd0   0x000000ea   Code   RO          493    x$fpl$fsub          fz_ws.l(faddsub_clz.o)
    0x08006dba   0x08006dba   0x00000064   Code   RO          668    x$fpl$retnan        fz_ws.l(retnan.o)
    0x08006e1e   0x08006e1e   0x0000005c   Code   RO          571    x$fpl$scalbn        fz_ws.l(scalbn.o)
    0x08006e7a   0x08006e7a   0x00000030   Code   RO          721    x$fpl$trapveneer    fz_ws.l(trapv.o)
    0x08006eaa   0x08006eaa   0x00000000   Code   RO          573    x$fpl$usenofp       fz_ws.l(usenofp.o)
    0x08006eaa   0x08006eaa   0x00000a64   Data   RO          203    .constdata          oled.o
    0x0800790e   0x0800790e   0x00000002   PAD
    0x08007910   0x08007910   0x00000050   Data   RO          346    .constdata          inv_mpu.o
    0x08007960   0x08007960   0x00000bf6   Data   RO          371    .constdata          inv_mpu_dmp_motion_driver.o
    0x08008556   0x08008556   0x00000002   PAD
    0x08008558   0x08008558   0x00000050   Data   RO          525    .constdata          m_ws.l(asin.o)
    0x080085a8   0x080085a8   0x00000098   Data   RO          576    .constdata          m_ws.l(atan.o)
    0x08008640   0x08008640   0x00000008   Data   RO          602    .constdata          m_ws.l(qnan.o)
    0x08008648   0x08008648   0x0000004e   Data   RO          347    .conststring        inv_mpu.o
    0x08008696   0x08008696   0x00000002   PAD
    0x08008698   0x08008698   0x00000020   Data   RO          796    Region$$Table       anon$$obj.o


    Execution Region RW_IRAM1 (Exec base: 0x20000000, Load base: 0x080086b8, Size: 0x00000c00, Max: 0x00005000, ABSOLUTE)

    Exec Addr    Load Addr    Size         Type   Attr      Idx    E Section Name        Object

    0x20000000   0x080086b8   0x00000008   Data   RW           11    .data               main.o
    0x20000008   0x080086c0   0x00000004   Data   RW          106    .data               delay.o
    0x2000000c   0x080086c4   0x00000004   Data   RW          140    .data               usart.o
    0x20000010   0x080086c8   0x00000004   Data   RW          189    .data               led.o
    0x20000014   0x080086cc   0x0000000e   Data   RW          221    .data               key.o
    0x20000022   0x080086da   0x00000002   PAD
    0x20000024   0x080086dc   0x0000002c   Data   RW          348    .data               inv_mpu.o
    0x20000050   0x08008708   0x00000054   Data   RW          386    .data               filter.o
    0x200000a4   0x0800875c   0x0000003c   Data   RW          405    .data               mpu6050.o
    0x200000e0        -       0x00000400   Zero   RW          202    .bss                oled.o
    0x200004e0        -       0x0000000c   Zero   RW          237    .bss                vcan.o
    0x200004ec        -       0x00000010   Zero   RW          370    .bss                inv_mpu_dmp_motion_driver.o
    0x200004fc        -       0x00000010   Zero   RW          385    .bss                filter.o
    0x2000050c        -       0x00000092   Zero   RW          404    .bss                mpu6050.o
    0x2000059e   0x08008798   0x00000002   PAD
    0x200005a0        -       0x00000060   Zero   RW          650    .bss                c_w.l(libspace.o)
    0x20000600        -       0x00000200   Zero   RW            2    HEAP                startup_stm32f10x_md.o
    0x20000800        -       0x00000400   Zero   RW            1    STACK               startup_stm32f10x_md.o


==============================================================================

Image component sizes


      Code (inc. data)   RO Data    RW Data    ZI Data      Debug   Object Name

       432         38          0          0          0       1011   control.o
       176          8          0          4          0       1103   delay.o
       776         86          0         84         16       2040   filter.o
      7824        172        158         44          0      21671   inv_mpu.o
      3440        126       3062          0         16      15191   inv_mpu_dmp_motion_driver.o
      1298         18          0          0          0       5830   ioi2c.o
       472         52          0         14          0       1650   key.o
       116         20          0          4          0        673   led.o
       156         14          0          8          0     207029   main.o
       300         32          0          0          0       1377   motor.o
      2272        454          0         60        146      20986   mpu6050.o
      1090         46       2660          0       1024       4663   oled.o
       256         16          0          0          0        794   pwm.o
        56         22        236          0       1536        816   startup_stm32f10x_md.o
       712         44          0          0          0       2863   sys.o
        92         10          0          0          0        602   timer.o
       228         16          0          4          0       2886   usart.o
       236         16          0          0          0        893   usart2.o
       180         24          0          0         12       1573   vcan.o

    ----------------------------------------------------------------------
     20116       1214       6154        224       2752     293651   Object Totals
         0          0         32          0          0          0   (incl. Generated)
         4          0          6          2          2          0   (incl. Padding)

    ----------------------------------------------------------------------

      Code (inc. data)   RO Data    RW Data    ZI Data      Debug   Library Member Name

         8          0          0          0          0         68   __main.o
       104          0          0          0          0         84   __printf.o
         0          0          0          0          0          0   __rtentry.o
        12          0          0          0          0          0   __rtentry2.o
         6          0          0          0          0          0   __rtentry4.o
        52          8          0          0          0          0   __scatter.o
        26          0          0          0          0          0   __scatter_copy.o
        28          0          0          0          0          0   __scatter_zi.o
        48          6          0          0          0         96   _printf_char_common.o
        36          4          0          0          0         80   _printf_char_file.o
         6          0          0          0          0          0   _printf_d.o
       120         16          0          0          0         92   _printf_dec.o
       178          0          0          0          0         88   _printf_intcommon.o
         0          0          0          0          0          0   _printf_percent.o
         4          0          0          0          0          0   _printf_percent_end.o
        22          0          0          0          0        100   _rserrno.o
        16          0          0          0          0         68   aeabi_memset.o
        18          0          0          0          0         80   exit.o
         8          0          0          0          0         68   ferror.o
         6          0          0          0          0        152   heapauxi.o
         2          0          0          0          0          0   libinit.o
         2          0          0          0          0          0   libinit2.o
         2          0          0          0          0          0   libshutdown.o
         2          0          0          0          0          0   libshutdown2.o
         8          4          0          0         96         68   libspace.o
        72          0          0          0          0         76   llsdiv.o
       238          0          0          0          0        100   lludivv7m.o
        88          0          0          0          0         76   memcmp.o
        24          4          0          0          0         84   noretval__2printf.o
         8          4          0          0          0         68   rt_errno_addr_intlibspace.o
        68          0          0          0          0         68   rt_memclr.o
        78          0          0          0          0         80   rt_memclr_w.o
         2          0          0          0          0          0   rtexit.o
        10          0          0          0          0          0   rtexit2.o
        74          0          0          0          0         80   sys_stackheap_outer.o
         2          0          0          0          0         68   use_no_semi.o
         2          0          0          0          0         68   use_no_semi_2.o
        98          4          0          0          0         92   d2f.o
       826         16          0          0          0        348   daddsub_clz.o
        16          4          0          0          0         68   dcheck1.o
       688        140          0          0          0        208   ddiv.o
       340         12          0          0          0        104   dmul.o
       156          4          0          0          0         92   dnaninf.o
        12          0          0          0          0         68   dretinf.o
       460         56          0          0          0        120   dsqrt_noumaal.o
        86          4          0          0          0         84   f2d.o
       450          8          0          0          0        236   faddsub_clz.o
        24          0          0          0          0         68   fcmpi.o
       388         76          0          0          0         96   fdiv.o
       104          4          0          0          0         84   feqf.o
        54          4          0          0          0         84   ffix.o
        62          4          0          0          0         84   ffixu.o
        86          0          0          0          0        136   fflt_clz.o
       104          4          0          0          0         84   fleqf.o
       258          4          0          0          0         84   fmul.o
       140          4          0          0          0         84   fnaninf.o
        10          0          0          0          0         68   fretinf.o
        98          0          0          0          0         68   frleqf.o
       100          0          0          0          0         68   retnan.o
        92          0          0          0          0         68   scalbn.o
        48          0          0          0          0         68   trapv.o
         0          0          0          0          0          0   usenofp.o
       624         52         80          0          0        168   asin.o
       544         70        152          0          0        124   atan.o
       384         38          0          0          0        144   atan2.o
        38          6          0          0          0        272   dunder.o
        40          0          0          0          0         68   fpclassify.o
       170          0          0          0          0         96   poly.o
         0          0          8          0          0          0   qnan.o
        76          0          0          0          0         84   sqrt.o

    ----------------------------------------------------------------------
      7978        560        240          0         96       5332   Library Totals
        22          0          0          0          0          0   (incl. Padding)

    ----------------------------------------------------------------------

      Code (inc. data)   RO Data    RW Data    ZI Data      Debug   Library Name

      1380         46          0          0         96       1812   c_w.l
      4700        348          0          0          0       2564   fz_ws.l
      1876        166        240          0          0        956   m_ws.l

    ----------------------------------------------------------------------
      7978        560        240          0         96       5332   Library Totals

    ----------------------------------------------------------------------

==============================================================================


      Code (inc. data)   RO Data    RW Data    ZI Data      Debug   

     28094       1774       6394        224       2848     294507   Grand Totals
     28094       1774       6394        224       2848     294507   ELF Image Totals
     28094       1774       6394        224          0          0   ROM Totals

==============================================================================

    Total RO  Size (Code + RO Data)                34488 (  33.68kB)
    Total RW  Size (RW Data + ZI Data)              3072 (   3.00kB)
    Total ROM Size (Code + RO Data + RW Data)      34712 (  33.90kB)

==============================================================================

