<html>
<body>
<pre>
<h1>礦ision Build Log</h1>
<h2>Tool Versions:</h2>
IDE-Version: μVision V5.24.2.86
Copyright (C) 2017 ARM Ltd and ARM Germany GmbH. All rights reserved.
License Information: zhou izh20, 1, LIC=14HKP-MS4CD-YVC1Y-I5TFK-YDSAG-LKK7Z
 
Tool Versions:
Toolchain:       MDK-ARM Plus  Version: 5.24.1
Toolchain Path:  D:\Keil_v5\ARM\ARMCC\Bin
C Compiler:      Armcc.exe V5.06 update 5 (build 528)
Assembler:       Armasm.exe V5.06 update 5 (build 528)
Linker/Locator:  ArmLink.exe V5.06 update 5 (build 528)
Library Manager: ArmAr.exe V5.06 update 5 (build 528)
Hex Converter:   FromElf.exe V5.06 update 5 (build 528)
CPU DLL:         SARMCM3.DLL V5.24.1
Dialog DLL:      DARMSTM.DLL V1.68.0.0
Target DLL:      STLink\ST-LINKIII-KEIL_SWO.dll V3.0.1.0
Dialog DLL:      TARMSTM.DLL V1.66.0.0
 
<h2>Project:</h2>
D:\工程训练相关资料\我写的源码\工程训练物流车（麦轮版本）\USER\物流车.uvproj
Project File Date:  12/31/2018

<h2>Output:</h2>
*** Using Compiler 'V5.06 update 5 (build 528)', folder: 'D:\Keil_v5\ARM\ARMCC\Bin'
Build target 'Target 1'
compiling main.c...
..\HARDWARE\MOTOR\motor.h(20): warning:  #1-D: last line of file ends without a newline
  #endif
main.c(62): warning:  #223-D: function "KEY_Init" declared implicitly
  	KEY_Init();                     //=====按键初始化
main.c(67): warning:  #223-D: function "TIM3_PWM_init" declared implicitly
  	TIM3_PWM_init(1999,71);
main.c: 3 warnings, 0 errors
linking...
Program Size: Code=28094 RO-data=6394 RW-data=224 ZI-data=2848  
FromELF: creating hex file...
"..\OBJ\Minibalance.axf" - 0 Error(s), 3 Warning(s).
Build Time Elapsed:  00:00:01
</pre>
</body>
</html>
